Component: ARM Compiler 5.06 update 4 (build 422) Tool: armlink [4d35d2]

==============================================================================

Section Cross References

    hal_gpio_driver.o(i.EXTI0_IRQHandler) refers to hal_gpio_driver.o(.data) for callback_ptr
    hal_gpio_driver.o(i.hal_gpio_configure_interrupt) refers to hal_gpio_driver.o(.data) for callback_ptr
    hal_gpio_driver.o(i.hal_gpio_init) refers to hal_gpio_driver.o(i.hal_gpio_configure_pin_mode) for hal_gpio_configure_pin_mode
    hal_gpio_driver.o(i.hal_gpio_init) refers to hal_gpio_driver.o(i.hal_gpio_configure_pin_speed) for hal_gpio_configure_pin_speed
    hal_gpio_driver.o(i.hal_gpio_init) refers to hal_gpio_driver.o(i.hal_gpio_configure_pin_otype) for hal_gpio_configure_pin_otype
    hal_gpio_driver.o(i.hal_gpio_init) refers to hal_gpio_driver.o(i.hal_gpio_configure_pin_pupd) for hal_gpio_configure_pin_pupd
    hal_i2c_driver.o(i.hal_i2c_clk_init) refers to hal_i2c_driver.o(i.hal_i2c_rise_time_configuration) for hal_i2c_rise_time_configuration
    hal_i2c_driver.o(i.hal_i2c_clk_init) refers to hal_i2c_driver.o(i.hal_i2c_configure_ccr) for hal_i2c_configure_ccr
    hal_i2c_driver.o(i.hal_i2c_init) refers to hal_i2c_driver.o(i.hal_i2c_clk_init) for hal_i2c_clk_init
    hal_i2c_driver.o(i.hal_i2c_init) refers to hal_i2c_driver.o(i.hal_i2c_set_addressing_mode) for hal_i2c_set_addressing_mode
    hal_i2c_driver.o(i.hal_i2c_init) refers to hal_i2c_driver.o(i.hal_i2c_manage_ack) for hal_i2c_manage_ack
    hal_i2c_driver.o(i.hal_i2c_init) refers to hal_i2c_driver.o(i.hal_i2c_manage_clock_stretch) for hal_i2c_manage_clock_stretch
    hal_i2c_driver.o(i.hal_i2c_init) refers to hal_i2c_driver.o(i.hal_i2c_set_own_address1) for hal_i2c_set_own_address1
    hal_i2c_driver.o(i.hal_i2c_master_rx) refers to hal_i2c_driver.o(i.hal_i2c_enable_peripheral) for hal_i2c_enable_peripheral
    hal_i2c_driver.o(i.hal_i2c_master_rx) refers to hal_i2c_driver.o(i.is_bus_busy) for is_bus_busy
    hal_i2c_driver.o(i.hal_i2c_master_rx) refers to hal_i2c_driver.o(i.hal_i2c_generate_start_condition) for hal_i2c_generate_start_condition
    hal_i2c_driver.o(i.hal_i2c_master_rx) refers to hal_i2c_driver.o(i.i2c_wait_untill_sb_set) for i2c_wait_untill_sb_set
    hal_i2c_driver.o(i.hal_i2c_master_rx) refers to hal_i2c_driver.o(i.hal_i2c_send_addr_first) for hal_i2c_send_addr_first
    hal_i2c_driver.o(i.hal_i2c_master_rx) refers to hal_i2c_driver.o(i.i2c_wait_untill_addr_set) for i2c_wait_untill_addr_set
    hal_i2c_driver.o(i.hal_i2c_master_rx) refers to hal_i2c_driver.o(i.clear_addr_flag) for clear_addr_flag
    hal_i2c_driver.o(i.hal_i2c_master_rx) refers to hal_i2c_driver.o(i.hal_i2c_configure_tx_rx_interrupt) for hal_i2c_configure_tx_rx_interrupt
    hal_i2c_driver.o(i.hal_i2c_master_rx) refers to hal_i2c_driver.o(i.hal_i2c_configure_error_interrupt) for hal_i2c_configure_error_interrupt
    hal_i2c_driver.o(i.hal_i2c_master_rx) refers to hal_i2c_driver.o(i.hal_i2c_configure_evt_interrupt) for hal_i2c_configure_evt_interrupt
    hal_i2c_driver.o(i.hal_i2c_master_tx) refers to hal_i2c_driver.o(i.hal_i2c_enable_peripheral) for hal_i2c_enable_peripheral
    hal_i2c_driver.o(i.hal_i2c_master_tx) refers to hal_i2c_driver.o(i.is_bus_busy) for is_bus_busy
    hal_i2c_driver.o(i.hal_i2c_master_tx) refers to hal_i2c_driver.o(i.hal_i2c_generate_start_condition) for hal_i2c_generate_start_condition
    hal_i2c_driver.o(i.hal_i2c_master_tx) refers to hal_i2c_driver.o(i.i2c_wait_untill_sb_set) for i2c_wait_untill_sb_set
    hal_i2c_driver.o(i.hal_i2c_master_tx) refers to hal_i2c_driver.o(i.hal_i2c_send_addr_first) for hal_i2c_send_addr_first
    hal_i2c_driver.o(i.hal_i2c_master_tx) refers to hal_i2c_driver.o(i.i2c_wait_untill_addr_set) for i2c_wait_untill_addr_set
    hal_i2c_driver.o(i.hal_i2c_master_tx) refers to hal_i2c_driver.o(i.clear_addr_flag) for clear_addr_flag
    hal_i2c_driver.o(i.hal_i2c_master_tx) refers to hal_i2c_driver.o(i.hal_i2c_configure_tx_rx_interrupt) for hal_i2c_configure_tx_rx_interrupt
    hal_i2c_driver.o(i.hal_i2c_master_tx) refers to hal_i2c_driver.o(i.hal_i2c_configure_error_interrupt) for hal_i2c_configure_error_interrupt
    hal_i2c_driver.o(i.hal_i2c_master_tx) refers to hal_i2c_driver.o(i.hal_i2c_configure_evt_interrupt) for hal_i2c_configure_evt_interrupt
    hal_i2c_driver.o(i.hal_i2c_slave_rx) refers to hal_i2c_driver.o(i.hal_i2c_enable_peripheral) for hal_i2c_enable_peripheral
    hal_i2c_driver.o(i.hal_i2c_slave_rx) refers to hal_i2c_driver.o(i.hal_i2c_configure_tx_rx_interrupt) for hal_i2c_configure_tx_rx_interrupt
    hal_i2c_driver.o(i.hal_i2c_slave_rx) refers to hal_i2c_driver.o(i.hal_i2c_configure_error_interrupt) for hal_i2c_configure_error_interrupt
    hal_i2c_driver.o(i.hal_i2c_slave_rx) refers to hal_i2c_driver.o(i.hal_i2c_configure_evt_interrupt) for hal_i2c_configure_evt_interrupt
    hal_i2c_driver.o(i.hal_i2c_slave_tx) refers to hal_i2c_driver.o(i.hal_i2c_enable_peripheral) for hal_i2c_enable_peripheral
[...]
    _printf_lli                              0x08000249   Thumb Code     0  _printf_lli.o(.ARM.Collect$$_printf_percent$$0000000D)
    _printf_lld                              0x0800024f   Thumb Code     0  _printf_lld.o(.ARM.Collect$$_printf_percent$$0000000E)
    _printf_llu                              0x08000255   Thumb Code     0  _printf_llu.o(.ARM.Collect$$_printf_percent$$0000000F)
    _printf_llo                              0x0800025b   Thumb Code     0  _printf_llo.o(.ARM.Collect$$_printf_percent$$00000010)
    _printf_llx                              0x08000261   Thumb Code     0  _printf_llx.o(.ARM.Collect$$_printf_percent$$00000011)
    _printf_l                                0x08000267   Thumb Code     0  _printf_l.o(.ARM.Collect$$_printf_percent$$00000012)
    _printf_c                                0x08000271   Thumb Code     0  _printf_c.o(.ARM.Collect$$_printf_percent$$00000013)
    _printf_s                                0x08000277   Thumb Code     0  _printf_s.o(.ARM.Collect$$_printf_percent$$00000014)
    _printf_lc                               0x0800027d   Thumb Code     0  _printf_lc.o(.ARM.Collect$$_printf_percent$$00000015)
    _printf_ls                               0x08000283   Thumb Code     0  _printf_ls.o(.ARM.Collect$$_printf_percent$$00000016)
    _printf_percent_end                      0x08000289   Thumb Code     0  _printf_percent_end.o(.ARM.Collect$$_printf_percent$$00000017)
    __rt_lib_init                            0x0800028d   Thumb Code     0  libinit.o(.ARM.Collect$$libinit$$00000000)
    __rt_lib_init_fp_1                       0x0800028f   Thumb Code     0  libinit2.o(.ARM.Collect$$libinit$$00000001)
    __rt_lib_init_heap_2                     0x08000293   Thumb Code     0  libinit2.o(.ARM.Collect$$libinit$$00000005)
    __rt_lib_init_preinit_1                  0x08000293   Thumb Code     0  libinit2.o(.ARM.Collect$$libinit$$00000004)
    __rt_lib_init_heap_1                     0x0800029b   Thumb Code     0  libinit2.o(.ARM.Collect$$libinit$$0000000A)
    __rt_lib_init_lc_common                  0x0800029b   Thumb Code     0  libinit2.o(.ARM.Collect$$libinit$$0000000F)
    __rt_lib_init_rand_1                     0x0800029b   Thumb Code     0  libinit2.o(.ARM.Collect$$libinit$$0000000E)
    __rt_lib_init_user_alloc_1               0x0800029b   Thumb Code     0  libinit2.o(.ARM.Collect$$libinit$$0000000C)
    __rt_lib_init_lc_collate_1               0x080002a1   Thumb Code     0  libinit2.o(.ARM.Collect$$libinit$$00000011)
    __rt_lib_init_lc_ctype_2                 0x080002a1   Thumb Code     0  libinit2.o(.ARM.Collect$$libinit$$00000012)
    __rt_lib_init_lc_ctype_1                 0x080002ad   Thumb Code     0  libinit2.o(.ARM.Collect$$libinit$$00000013)
    __rt_lib_init_lc_monetary_1              0x080002ad   Thumb Code     0  libinit2.o(.ARM.Collect$$libinit$$00000015)
    __rt_lib_init_lc_numeric_2               0x080002ad   Thumb Code     0  libinit2.o(.ARM.Collect$$libinit$$00000016)
    __rt_lib_init_alloca_1                   0x080002b7   Thumb Code     0  libinit2.o(.ARM.Collect$$libinit$$0000002E)
    __rt_lib_init_argv_1                     0x080002b7   Thumb Code     0  libinit2.o(.ARM.Collect$$libinit$$0000002C)
    __rt_lib_init_atexit_1                   0x080002b7   Thumb Code     0  libinit2.o(.ARM.Collect$$libinit$$0000001B)
    __rt_lib_init_clock_1                    0x080002b7   Thumb Code     0  libinit2.o(.ARM.Collect$$libinit$$00000021)
    __rt_lib_init_cpp_1                      0x080002b7   Thumb Code     0  libinit2.o(.ARM.Collect$$libinit$$00000032)
    __rt_lib_init_exceptions_1               0x080002b7   Thumb Code     0  libinit2.o(.ARM.Collect$$libinit$$00000030)
    __rt_lib_init_fp_trap_1                  0x080002b7   Thumb Code     0  libinit2.o(.ARM.Collect$$libinit$$0000001F)
    __rt_lib_init_getenv_1                   0x080002b7   Thumb Code     0  libinit2.o(.ARM.Collect$$libinit$$00000023)
    __rt_lib_init_lc_numeric_1               0x080002b7   Thumb Code     0  libinit2.o(.ARM.Collect$$libinit$$00000017)
    __rt_lib_init_lc_time_1                  0x080002b7   Thumb Code     0  libinit2.o(.ARM.Collect$$libinit$$00000019)
    __rt_lib_init_return                     0x080002b7   Thumb Code     0  libinit2.o(.ARM.Collect$$libinit$$00000033)
    __rt_lib_init_signal_1                   0x080002b7   Thumb Code     0  libinit2.o(.ARM.Collect$$libinit$$0000001D)
    __rt_lib_init_stdio_1                    0x080002b7   Thumb Code     0  libinit2.o(.ARM.Collect$$libinit$$00000025)
    __rt_lib_shutdown                        0x080002b9   Thumb Code     0  libshutdown.o(.ARM.Collect$$libshutdown$$00000000)
    __rt_lib_shutdown_cpp_1                  0x080002bb   Thumb Code     0  libshutdown2.o(.ARM.Collect$$libshutdown$$00000002)
    __rt_lib_shutdown_fp_trap_1              0x080002bb   Thumb Code     0  libshutdown2.o(.ARM.Collect$$libshutdown$$00000007)
    __rt_lib_shutdown_heap_1                 0x080002bb   Thumb Code     0  libshutdown2.o(.ARM.Collect$$libshutdown$$0000000F)
    __rt_lib_shutdown_return                 0x080002bb   Thumb Code     0  libshutdown2.o(.ARM.Collect$$libshutdown$$00000010)
    __rt_lib_shutdown_signal_1               0x080002bb   Thumb Code     0  libshutdown2.o(.ARM.Collect$$libshutdown$$0000000A)
    __rt_lib_shutdown_stdio_1                0x080002bb   Thumb Code     0  libshutdown2.o(.ARM.Collect$$libshutdown$$00000004)
    __rt_lib_shutdown_user_alloc_1           0x080002bb   Thumb Code     0  libshutdown2.o(.ARM.Collect$$libshutdown$$0000000C)
    __rt_entry                               0x080002bd   Thumb Code     0  __rtentry.o(.ARM.Collect$$rtentry$$00000000)
    __rt_entry_presh_1                       0x080002bd   Thumb Code     0  __rtentry2.o(.ARM.Collect$$rtentry$$00000002)
    __rt_entry_sh                            0x080002bd   Thumb Code     0  __rtentry4.o(.ARM.Collect$$rtentry$$00000004)
    __rt_entry_li                            0x080002c3   Thumb Code     0  __rtentry2.o(.ARM.Collect$$rtentry$$0000000A)
    __rt_entry_postsh_1                      0x080002c3   Thumb Code     0  __rtentry2.o(.ARM.Collect$$rtentry$$00000009)
    __rt_entry_main                          0x080002c7   Thumb Code     0  __rtentry2.o(.ARM.Collect$$rtentry$$0000000D)
    __rt_entry_postli_1                      0x080002c7   Thumb Code     0  __rtentry2.o(.ARM.Collect$$rtentry$$0000000C)
    __rt_exit                                0x080002cf   Thumb Code     0  rtexit.o(.ARM.Collect$$rtexit$$00000000)
    __rt_exit_ls                             0x080002d1   Thumb Code     0  rtexit2.o(.ARM.Collect$$rtexit$$00000003)
    __rt_exit_prels_1                        0x080002d1   Thumb Code     0  rtexit2.o(.ARM.Collect$$rtexit$$00000002)
    __rt_exit_exit                           0x080002d5   Thumb Code     0  rtexit2.o(.ARM.Collect$$rtexit$$00000004)
    Reset_Handler                            0x080002dd   Thumb Code     8  startup_stm32f407xx.o(.text)
    _maybe_terminate_alloc                   0x080002dd   Thumb Code     0  maybetermalloc1.o(.emb_text)
    NMI_Handler                              0x080002e5   Thumb Code     2  startup_stm32f407xx.o(.text)
    HardFault_Handler                        0x080002e7   Thumb Code     2  startup_stm32f407xx.o(.text)
    MemManage_Handler                        0x080002e9   Thumb Code     2  startup_stm32f407xx.o(.text)
    BusFault_Handler                         0x080002eb   Thumb Code     2  startup_stm32f407xx.o(.text)
    UsageFault_Handler                       0x080002ed   Thumb Code     2  startup_stm32f407xx.o(.text)
    SVC_Handler                              0x080002ef   Thumb Code     2  startup_stm32f407xx.o(.text)
    DebugMon_Handler                         0x080002f1   Thumb Code     2  startup_stm32f407xx.o(.text)
    PendSV_Handler                           0x080002f3   Thumb Code     2  startup_stm32f407xx.o(.text)
    ADC_IRQHandler                           0x080002f7   Thumb Code     0  startup_stm32f407xx.o(.text)
    CAN1_RX0_IRQHandler                      0x080002f7   Thumb Code     0  startup_stm32f407xx.o(.text)
    CAN1_RX1_IRQHandler                      0x080002f7   Thumb Code     0  startup_stm32f407xx.o(.text)
    CAN1_SCE_IRQHandler                      0x080002f7   Thumb Code     0  startup_stm32f407xx.o(.text)
    CAN1_TX_IRQHandler                       0x080002f7   Thumb Code     0  startup_stm32f407xx.o(.text)
    CAN2_RX0_IRQHandler                      0x080002f7   Thumb Code     0  startup_stm32f407xx.o(.text)
    CAN2_RX1_IRQHandler                      0x080002f7   Thumb Code     0  startup_stm32f407xx.o(.text)
    CAN2_SCE_IRQHandler                      0x080002f7   Thumb Code     0  startup_stm32f407xx.o(.text)
    CAN2_TX_IRQHandler                       0x080002f7   Thumb Code     0  startup_stm32f407xx.o(.text)
    DCMI_IRQHandler                          0x080002f7   Thumb Code     0  startup_stm32f407xx.o(.text)
    DMA1_Stream0_IRQHandler                  0x080002f7   Thumb Code     0  startup_stm32f407xx.o(.text)
    DMA1_Stream1_IRQHandler                  0x080002f7   Thumb Code     0  startup_stm32f407xx.o(.text)
    DMA1_Stream2_IRQHandler                  0x080002f7   Thumb Code     0  startup_stm32f407xx.o(.text)
    DMA1_Stream3_IRQHandler                  0x080002f7   Thumb Code     0  startup_stm32f407xx.o(.text)
    DMA1_Stream4_IRQHandler                  0x080002f7   Thumb Code     0  startup_stm32f407xx.o(.text)
    DMA1_Stream5_IRQHandler                  0x080002f7   Thumb Code     0  startup_stm32f407xx.o(.text)
    DMA1_Stream6_IRQHandler                  0x080002f7   Thumb Code     0  startup_stm32f407xx.o(.text)
    DMA1_Stream7_IRQHandler                  0x080002f7   Thumb Code     0  startup_stm32f407xx.o(.text)
    DMA2_Stream0_IRQHandler                  0x080002f7   Thumb Code     0  startup_stm32f407xx.o(.text)
    DMA2_Stream1_IRQHandler                  0x080002f7   Thumb Code     0  startup_stm32f407xx.o(.text)
    DMA2_Stream2_IRQHandler                  0x080002f7   Thumb Code     0  startup_stm32f407xx.o(.text)
    DMA2_Stream3_IRQHandler                  0x080002f7   Thumb Code     0  startup_stm32f407xx.o(.text)
    DMA2_Stream4_IRQHandler                  0x080002f7   Thumb Code     0  startup_stm32f407xx.o(.text)
    DMA2_Stream5_IRQHandler                  0x080002f7   Thumb Code     0  startup_stm32f407xx.o(.text)
    DMA2_Stream6_IRQHandler                  0x080002f7   Thumb Code     0  startup_stm32f407xx.o(.text)
    DMA2_Stream7_IRQHandler                  0x080002f7   Thumb Code     0  startup_stm32f407xx.o(.text)
    ETH_IRQHandler                           0x080002f7   Thumb Code     0  startup_stm32f407xx.o(.text)
    ETH_WKUP_IRQHandler                      0x080002f7   Thumb Code     0  startup_stm32f407xx.o(.text)
    EXTI15_10_IRQHandler                     0x080002f7   Thumb Code     0  startup_stm32f407xx.o(.text)
    EXTI1_IRQHandler                         0x080002f7   Thumb Code     0  startup_stm32f407xx.o(.text)
    EXTI2_IRQHandler                         0x080002f7   Thumb Code     0  startup_stm32f407xx.o(.text)
    EXTI3_IRQHandler                         0x080002f7   Thumb Code     0  startup_stm32f407xx.o(.text)
    EXTI4_IRQHandler                         0x080002f7   Thumb Code     0  startup_stm32f407xx.o(.text)
    EXTI9_5_IRQHandler                       0x080002f7   Thumb Code     0  startup_stm32f407xx.o(.text)
    FLASH_IRQHandler                         0x080002f7   Thumb Code     0  startup_stm32f407xx.o(.text)
    FMC_IRQHandler                           0x080002f7   Thumb Code     0  startup_stm32f407xx.o(.text)
    FPU_IRQHandler                           0x080002f7   Thumb Code     0  startup_stm32f407xx.o(.text)
    HASH_RNG_IRQHandler                      0x080002f7   Thumb Code     0  startup_stm32f407xx.o(.text)
    I2C2_ER_IRQHandler                       0x080002f7   Thumb Code     0  startup_stm32f407xx.o(.text)
    I2C2_EV_IRQHandler                       0x080002f7   Thumb Code     0  startup_stm32f407xx.o(.text)
    I2C3_ER_IRQHandler                       0x080002f7   Thumb Code     0  startup_stm32f407xx.o(.text)
    I2C3_EV_IRQHandler                       0x080002f7   Thumb Code     0  startup_stm32f407xx.o(.text)
    OTG_FS_IRQHandler                        0x080002f7   Thumb Code     0  startup_stm32f407xx.o(.text)
    OTG_FS_WKUP_IRQHandler                   0x080002f7   Thumb Code     0  startup_stm32f407xx.o(.text)
    OTG_HS_EP1_IN_IRQHandler                 0x080002f7   Thumb Code     0  startup_stm32f407xx.o(.text)
    OTG_HS_EP1_OUT_IRQHandler                0x080002f7   Thumb Code     0  startup_stm32f407xx.o(.text)
    OTG_HS_IRQHandler                        0x080002f7   Thumb Code     0  startup_stm32f407xx.o(.text)
    OTG_HS_WKUP_IRQHandler                   0x080002f7   Thumb Code     0  startup_stm32f407xx.o(.text)
    PVD_IRQHandler                           0x080002f7   Thumb Code     0  startup_stm32f407xx.o(.text)
    RCC_IRQHandler                           0x080002f7   Thumb Code     0  startup_stm32f407xx.o(.text)
    RTC_Alarm_IRQHandler                     0x080002f7   Thumb Code     0  startup_stm32f407xx.o(.text)
    RTC_WKUP_IRQHandler                      0x080002f7   Thumb Code     0  startup_stm32f407xx.o(.text)
    SDIO_IRQHandler                          0x080002f7   Thumb Code     0  startup_stm32f407xx.o(.text)
    SPI1_IRQHandler                          0x080002f7   Thumb Code     0  startup_stm32f407xx.o(.text)
    SPI3_IRQHandler                          0x080002f7   Thumb Code     0  startup_stm32f407xx.o(.text)
    TAMP_STAMP_IRQHandler                    0x080002f7   Thumb Code     0  startup_stm32f407xx.o(.text)
    TIM1_BRK_TIM9_IRQHandler                 0x080002f7   Thumb Code     0  startup_stm32f407xx.o(.text)
    TIM1_CC_IRQHandler                       0x080002f7   Thumb Code     0  startup_stm32f407xx.o(.text)
    TIM1_TRG_COM_TIM11_IRQHandler            0x080002f7   Thumb Code     0  startup_stm32f407xx.o(.text)
    TIM1_UP_TIM10_IRQHandler                 0x080002f7   Thumb Code     0  startup_stm32f407xx.o(.text)
    TIM2_IRQHandler                          0x080002f7   Thumb Code     0  startup_stm32f407xx.o(.text)
    TIM3_IRQHandler                          0x080002f7   Thumb Code     0  startup_stm32f407xx.o(.text)
    TIM4_IRQHandler                          0x080002f7   Thumb Code     0  startup_stm32f407xx.o(.text)
    TIM5_IRQHandler                          0x080002f7   Thumb Code     0  startup_stm32f407xx.o(.text)
    TIM6_DAC_IRQHandler                      0x080002f7   Thumb Code     0  startup_stm32f407xx.o(.text)
    TIM7_IRQHandler                          0x080002f7   Thumb Code     0  startup_stm32f407xx.o(.text)
    TIM8_BRK_TIM12_IRQHandler                0x080002f7   Thumb Code     0  startup_stm32f407xx.o(.text)
    TIM8_CC_IRQHandler                       0x080002f7   Thumb Code     0  startup_stm32f407xx.o(.text)
    TIM8_TRG_COM_TIM14_IRQHandler            0x080002f7   Thumb Code     0  startup_stm32f407xx.o(.text)
    TIM8_UP_TIM13_IRQHandler                 0x080002f7   Thumb Code     0  startup_stm32f407xx.o(.text)
    UART4_IRQHandler                         0x080002f7   Thumb Code     0  startup_stm32f407xx.o(.text)
    UART5_IRQHandler                         0x080002f7   Thumb Code     0  startup_stm32f407xx.o(.text)
    USART1_IRQHandler                        0x080002f7   Thumb Code     0  startup_stm32f407xx.o(.text)
    USART3_IRQHandler                        0x080002f7   Thumb Code     0  startup_stm32f407xx.o(.text)
    USART6_IRQHandler                        0x080002f7   Thumb Code     0  startup_stm32f407xx.o(.text)
    WWDG_IRQHandler                          0x080002f7   Thumb Code     0  startup_stm32f407xx.o(.text)
    __user_initial_stackheap                 0x080002f9   Thumb Code     0  startup_stm32f407xx.o(.text)
    free                                     0x0800031d   Thumb Code    78  h1_free.o(.text)
    asprintf                                 0x0800036b   Thumb Code    54  asprintf.o(.text)
    __c89vsprintf                            0x080003a1   Thumb Code    32  c89vsprintf.o(.text)
    __use_two_region_memory                  0x080003c5   Thumb Code     2  heapauxi.o(.text)
    __rt_heap_escrow                         0x080003c7   Thumb Code     2  heapauxi.o(.text)
    __rt_heap_expand                         0x080003c9   Thumb Code     2  heapauxi.o(.text)
    __rt_heap_descriptor                     0x080003cd   Thumb Code     8  rt_heap_descriptor_intlibspace.o(.text)
    __use_no_heap                            0x080003d5   Thumb Code     2  hguard.o(.text)
    __heap$guard                             0x080003d7   Thumb Code     2  hguard.o(.text)
    _terminate_user_alloc                    0x080003d9   Thumb Code     2  init_alloc.o(.text)
    _init_user_alloc                         0x080003db   Thumb Code     2  init_alloc.o(.text)
    __Heap_Full                              0x080003dd   Thumb Code    34  init_alloc.o(.text)
    __Heap_Broken                            0x080003ff   Thumb Code     6  init_alloc.o(.text)
    _init_alloc                              0x08000405   Thumb Code    94  init_alloc.o(.text)
    malloc                                   0x08000463   Thumb Code    94  h1_alloc.o(.text)
    __read_errno                             0x080004c1   Thumb Code    10  _rserrno.o(.text)
    __set_errno                              0x080004cb   Thumb Code    12  _rserrno.o(.text)
    vsnprintf                                0x080004d9   Thumb Code    48  vsnprintf.o(.text)
    _printf_pre_padding                      0x0800050d   Thumb Code    44  _printf_pad.o(.text)
    _printf_post_padding                     0x08000539   Thumb Code    34  _printf_pad.o(.text)
    _printf_truncate_signed                  0x0800055b   Thumb Code    18  _printf_truncate.o(.text)
    _printf_truncate_unsigned                0x0800056d   Thumb Code    18  _printf_truncate.o(.text)
    _printf_str                              0x0800057f   Thumb Code    82  _printf_str.o(.text)
    _printf_int_dec                          0x080005d1   Thumb Code   104  _printf_dec.o(.text)
    _printf_charcount                        0x08000649   Thumb Code    40  _printf_charcount.o(.text)
    _printf_char_common                      0x0800067b   Thumb Code    32  _printf_char_common.o(.text)
    _sputc                                   0x080006a1   Thumb Code    10  _sputc.o(.text)
    _printf_wctomb                           0x080006ad   Thumb Code   182  _printf_wctomb.o(.text)
    _printf_longlong_dec                     0x08000769   Thumb Code   108  _printf_longlong_dec.o(.text)
    _printf_longlong_oct                     0x080007e5   Thumb Code    66  _printf_oct_int_ll.o(.text)
    _printf_int_oct                          0x08000827   Thumb Code    24  _printf_oct_int_ll.o(.text)
    _printf_ll_oct                           0x0800083f   Thumb Code    12  _printf_oct_int_ll.o(.text)
    _printf_longlong_hex                     0x08000855   Thumb Code    86  _printf_hex_int_ll_ptr.o(.text)
    _printf_int_hex                          0x080008ab   Thumb Code    28  _printf_hex_int_ll_ptr.o(.text)
    _printf_ll_hex                           0x080008c7   Thumb Code    12  _printf_hex_int_ll_ptr.o(.text)
    _printf_hex_ptr                          0x080008d3   Thumb Code    18  _printf_hex_int_ll_ptr.o(.text)
    __printf                                 0x080008e9   Thumb Code   388  __printf_flags_ss_wp.o(.text)
    __user_libspace                          0x08000a71   Thumb Code     8  libspace.o(.text)
    __user_perproc_libspace                  0x08000a71   Thumb Code     0  libspace.o(.text)
    __user_perthread_libspace                0x08000a71   Thumb Code     0  libspace.o(.text)
    __aeabi_errno_addr                       0x08000a79   Thumb Code     8  rt_errno_addr_intlibspace.o(.text)
    __errno$intlibspace                      0x08000a79   Thumb Code     0  rt_errno_addr_intlibspace.o(.text)
    __rt_errno_addr$intlibspace              0x08000a79   Thumb Code     0  rt_errno_addr_intlibspace.o(.text)
    __Heap_Initialize                        0x08000a81   Thumb Code    10  h1_init.o(.text)
    __Heap_DescSize                          0x08000a8b   Thumb Code     4  h1_init.o(.text)
    __Heap_ProvideMemory                     0x08000a8f   Thumb Code    52  h1_extend.o(.text)
    _ll_udiv10                               0x08000ac3   Thumb Code   138  lludiv10.o(.text)
    _printf_int_common                       0x08000b4d   Thumb Code   178  _printf_intcommon.o(.text)
    __lib_sel_fp_printf                      0x08000bff   Thumb Code     2  _printf_fp_dec.o(.text)
    _printf_fp_dec_real                      0x08000dad   Thumb Code   620  _printf_fp_dec.o(.text)
    _printf_fp_hex_real                      0x08001019   Thumb Code   756  _printf_fp_hex.o(.text)
    _snputc                                  0x08001315   Thumb Code    16  _snputc.o(.text)
    _printf_cs_common                        0x08001325   Thumb Code    20  _printf_char.o(.text)
    _printf_char                             0x08001339   Thumb Code    16  _printf_char.o(.text)
    _printf_string                           0x08001349   Thumb Code     8  _printf_char.o(.text)
    _printf_lcs_common                       0x08001351   Thumb Code    20  _printf_wchar.o(.text)
    _printf_wchar                            0x08001365   Thumb Code    16  _printf_wchar.o(.text)
    _printf_wstring                          0x08001375   Thumb Code     8  _printf_wchar.o(.text)
    _wcrtomb                                 0x0800137d   Thumb Code    64  _wcrtomb.o(.text)
    __rt_SIGRTMEM                            0x080013bd   Thumb Code    14  defsig_rtmem_outer.o(.text)
    __user_setup_stackheap                   0x080013cb   Thumb Code    74  sys_stackheap_outer.o(.text)
    __rt_ctype_table                         0x08001415   Thumb Code    16  rt_ctype_table.o(.text)
    __rt_locale                              0x08001425   Thumb Code     8  rt_locale_intlibspace.o(.text)
    _printf_fp_infnan                        0x0800142d   Thumb Code   112  _printf_fp_infnan.o(.text)
    _btod_etento                             0x080014ad   Thumb Code   216  bigflt0.o(.text)
    exit                                     0x08001589   Thumb Code    18  exit.o(.text)
    __sig_exit                               0x0800159b   Thumb Code    10  defsig_exit.o(.text)
    __rt_SIGRTMEM_inner                      0x080015a5   Thumb Code    22  defsig_rtmem_inner.o(.text)
    _sys_exit                                0x080015f5   Thumb Code     8  sys_exit.o(.text)
    __I$use$semihosting                      0x08001601   Thumb Code     0  use_no_semi.o(.text)
    __use_no_semihosting_swi                 0x08001601   Thumb Code     2  use_no_semi.o(.text)
    __default_signal_display                 0x08001603   Thumb Code    50  defsig_general.o(.text)
    __semihosting_library_function           0x08001603   Thumb Code     0  indicate_semi.o(.text)
    strcmp                                   0x08001635   Thumb Code   128  strcmpv7m.o(.text)
    _ttywrch                                 0x080016b5   Thumb Code    14  sys_wrch.o(.text)
    _btod_d2e                                0x080016c3   Thumb Code    62  btod.o(CL$$btod_d2e)
    _d2e_denorm_low                          0x08001701   Thumb Code    70  btod.o(CL$$btod_d2e_denorm_low)
    _d2e_norm_op1                            0x08001747   Thumb Code    96  btod.o(CL$$btod_d2e_norm_op1)
    __btod_div_common                        0x080017a7   Thumb Code   696  btod.o(CL$$btod_div_common)
    _e2e                                     0x08001adf   Thumb Code   198  btod.o(CL$$btod_e2e)
    _btod_ediv                               0x08001ba5   Thumb Code    40  btod.o(CL$$btod_ediv)
    _btod_emul                               0x08001bcd   Thumb Code    40  btod.o(CL$$btod_emul)
    __btod_mult_common                       0x08001bf5   Thumb Code   580  btod.o(CL$$btod_mult_common)
    EXTI0_IRQHandler                         0x08001e5d   Thumb Code    16  hal_gpio_driver.o(i.EXTI0_IRQHandler)
    HAL_I2C_ER_IRQHandler                    0x08001e71   Thumb Code   234  i2c_int_handler.o(i.HAL_I2C_ER_IRQHandler)
    HAL_I2C_EV_IRQHandler                    0x08001f5d   Thumb Code   360  i2c_int_handler.o(i.HAL_I2C_EV_IRQHandler)
    HAL_I2C_ErrorCallback                    0x080020c9   Thumb Code    12  i2c_int_handler.o(i.HAL_I2C_ErrorCallback)
    HAL_I2C_MasterRxCpltCallback             0x080020d9   Thumb Code     2  i2c_int_handler.o(i.HAL_I2C_MasterRxCpltCallback)
    HAL_I2C_MasterTxCpltCallback             0x080020db   Thumb Code     2  i2c_int_handler.o(i.HAL_I2C_MasterTxCpltCallback)
    HAL_I2C_MemRxCpltCallback                0x080020dd   Thumb Code     2  i2c_int_handler.o(i.HAL_I2C_MemRxCpltCallback)
    HAL_I2C_MemTxCpltCallback                0x080020df   Thumb Code     2  i2c_int_handler.o(i.HAL_I2C_MemTxCpltCallback)
    HAL_I2C_SlaveRxCpltCallback              0x080020e1   Thumb Code     2  i2c_int_handler.o(i.HAL_I2C_SlaveRxCpltCallback)
    HAL_I2C_SlaveTxCpltCallback              0x080020e3   Thumb Code     2  i2c_int_handler.o(i.HAL_I2C_SlaveTxCpltCallback)
    I2C1_ER_IRQHandler                       0x080020e5   Thumb Code    10  intergrator.o(i.I2C1_ER_IRQHandler)
    I2C1_EV_IRQHandler                       0x080020f5   Thumb Code    10  intergrator.o(i.I2C1_EV_IRQHandler)
    MPU9250SelfTest                          0x080023ed   Thumb Code  1438  imu.o(i.MPU9250SelfTest)
    MahonyQuaternionUpdate                   0x08002999   Thumb Code  1380  imu.o(i.MahonyQuaternionUpdate)
    SPI2_IRQHandler                          0x08002f01   Thumb Code    10  intergrator.o(i.SPI2_IRQHandler)
    SysTick_Handler                          0x08002f15   Thumb Code    22  intergrator.o(i.SysTick_Handler)
    SysTick_Init                             0x08002f35   Thumb Code   114  hal_millis.o(i.SysTick_Init)
    SystemInit                               0x08002fb5   Thumb Code    88  system_stm32f4xx.o(i.SystemInit)
    USART2_IRQHandler                        0x0800301d   Thumb Code    10  intergrator.o(i.USART2_IRQHandler)
    __ARM_fpclassify                         0x0800302d   Thumb Code    48  fpclassify.o(i.__ARM_fpclassify)
    __hardfp_pow                             0x08003079   Thumb Code  3072  pow.o(i.__hardfp_pow)
    __hardfp_sqrt                            0x08003cc9   Thumb Code   122  sqrt.o(i.__hardfp_sqrt)
    __hardfp_sqrtf                           0x08003d43   Thumb Code    58  sqrtf.o(i.__hardfp_sqrtf)
    __kernel_poly                            0x08003d7d   Thumb Code   248  poly.o(i.__kernel_poly)
    __mathlib_dbl_divzero                    0x08003e79   Thumb Code    28  dunder.o(i.__mathlib_dbl_divzero)
    __mathlib_dbl_infnan2                    0x08003ea9   Thumb Code    20  dunder.o(i.__mathlib_dbl_infnan2)
    __mathlib_dbl_invalid                    0x08003ec1   Thumb Code    24  dunder.o(i.__mathlib_dbl_invalid)
    __mathlib_dbl_overflow                   0x08003ee1   Thumb Code    24  dunder.o(i.__mathlib_dbl_overflow)
    __mathlib_dbl_underflow                  0x08003f01   Thumb Code    24  dunder.o(i.__mathlib_dbl_underflow)
    _is_digit                                0x08003f21   Thumb Code    14  __printf_wp.o(i._is_digit)
    app_rx_cmp_callback                      0x08003f31   Thumb Code    12  intergrator.o(i.app_rx_cmp_callback)
    app_tx_cmp_callback                      0x08003f41   Thumb Code     2  intergrator.o(i.app_tx_cmp_callback)
    assert_error                             0x08003f45   Thumb Code    18  intergrator.o(i.assert_error)
    calibrateMPU9250                         0x08003f5d   Thumb Code  1258  imu.o(i.calibrateMPU9250)
    clear_addr_flag                          0x08004447   Thumb Code    24  hal_i2c_driver.o(i.clear_addr_flag)
    delay                                    0x08004461   Thumb Code    18  hal_millis.o(i.delay)
    delay_gen_i2c                            0x08004479   Thumb Code    12  imu.o(i.delay_gen_i2c)
    error_handler                            0x08004485   Thumb Code    26  intergrator.o(i.error_handler)
    fabs                                     0x080044a9   Thumb Code    24  fabs.o(i.fabs)
    getAres                                  0x080044c1   Thumb Code    62  imu.o(i.getAres)
    getGres                                  0x08004511   Thumb Code    62  imu.o(i.getGres)
    getMres                                  0x08004561   Thumb Code    34  imu.o(i.getMres)
    gpio_btn_interrupt_handler               0x0800458d   Thumb Code    16  intergrator.o(i.gpio_btn_interrupt_handler)
    hal_clear_stop_flag                      0x080045a1   Thumb Code    18  i2c_int_handler.o(i.hal_clear_stop_flag)
    hal_debug_uart_init                      0x080045b5   Thumb Code   144  uart_debug.o(i.hal_debug_uart_init)
    hal_gpio_clear_interrupt                 0x08004655   Thumb Code    28  hal_gpio_driver.o(i.hal_gpio_clear_interrupt)
    hal_gpio_configure_interrupt             0x08004675   Thumb Code    86  hal_gpio_driver.o(i.hal_gpio_configure_interrupt)
    hal_gpio_configure_pin_mode              0x080046d5   Thumb Code    16  hal_gpio_driver.o(i.hal_gpio_configure_pin_mode)
    hal_gpio_configure_pin_otype             0x080046e5   Thumb Code    14  hal_gpio_driver.o(i.hal_gpio_configure_pin_otype)
    hal_gpio_configure_pin_pupd              0x080046f3   Thumb Code    16  hal_gpio_driver.o(i.hal_gpio_configure_pin_pupd)
    hal_gpio_configure_pin_speed             0x08004703   Thumb Code    16  hal_gpio_driver.o(i.hal_gpio_configure_pin_speed)
    hal_gpio_enable_interrupt                0x08004715   Thumb Code    48  hal_gpio_driver.o(i.hal_gpio_enable_interrupt)
    hal_gpio_init                            0x08004749   Thumb Code    56  hal_gpio_driver.o(i.hal_gpio_init)
    hal_gpio_read_from_pin                   0x08004781   Thumb Code    12  hal_gpio_driver.o(i.hal_gpio_read_from_pin)
    hal_gpio_set_alt_function                0x0800478d   Thumb Code    48  hal_gpio_driver.o(i.hal_gpio_set_alt_function)
    hal_gpio_write_to_pin                    0x080047bd   Thumb Code    28  hal_gpio_driver.o(i.hal_gpio_write_to_pin)
    hal_i2c_clk_init                         0x080047d9   Thumb Code    40  hal_i2c_driver.o(i.hal_i2c_clk_init)
    hal_i2c_configure_ccr                    0x08004801   Thumb Code    64  hal_i2c_driver.o(i.hal_i2c_configure_ccr)
    hal_i2c_configure_error_interrupt        0x08004849   Thumb Code    22  hal_i2c_driver.o(i.hal_i2c_configure_error_interrupt)
    hal_i2c_configure_evt_interrupt          0x0800485f   Thumb Code    22  hal_i2c_driver.o(i.hal_i2c_configure_evt_interrupt)
    hal_i2c_configure_tx_rx_interrupt        0x08004875   Thumb Code    22  hal_i2c_driver.o(i.hal_i2c_configure_tx_rx_interrupt)
    hal_i2c_enable_peripheral                0x0800488b   Thumb Code    10  hal_i2c_driver.o(i.hal_i2c_enable_peripheral)
    hal_i2c_generate_start_condition         0x08004895   Thumb Code    10  hal_i2c_driver.o(i.hal_i2c_generate_start_condition)
    hal_i2c_init                             0x0800489f   Thumb Code    46  hal_i2c_driver.o(i.hal_i2c_init)
    hal_i2c_manage_ack                       0x080048cd   Thumb Code    24  hal_i2c_driver.o(i.hal_i2c_manage_ack)
    hal_i2c_manage_clock_stretch             0x080048e5   Thumb Code    22  hal_i2c_driver.o(i.hal_i2c_manage_clock_stretch)
    hal_i2c_master_rx                        0x080048fb   Thumb Code   134  hal_i2c_driver.o(i.hal_i2c_master_rx)
    hal_i2c_master_tx                        0x08004981   Thumb Code   122  hal_i2c_driver.o(i.hal_i2c_master_tx)
    hal_i2c_rise_time_configuration          0x080049fd   Thumb Code    46  hal_i2c_driver.o(i.hal_i2c_rise_time_configuration)
    hal_i2c_send_addr_first                  0x08004a31   Thumb Code     4  hal_i2c_driver.o(i.hal_i2c_send_addr_first)
    hal_i2c_set_addressing_mode              0x08004a35   Thumb Code    24  hal_i2c_driver.o(i.hal_i2c_set_addressing_mode)
    hal_i2c_set_own_address1                 0x08004a4d   Thumb Code    18  hal_i2c_driver.o(i.hal_i2c_set_own_address1)
    hal_spi_configure_baudrate               0x08004a7d   Thumb Code     8  hal_spi_driver.o(i.hal_spi_configure_baudrate)
    hal_spi_configure_datasize               0x08004a85   Thumb Code    42  hal_spi_driver.o(i.hal_spi_configure_datasize)
    hal_spi_configure_device_mode            0x08004aaf   Thumb Code    22  hal_spi_driver.o(i.hal_spi_configure_device_mode)
    hal_spi_configure_direction              0x08004ac5   Thumb Code    22  hal_spi_driver.o(i.hal_spi_configure_direction)
    hal_spi_configure_nss_master             0x08004adb   Thumb Code    22  hal_spi_driver.o(i.hal_spi_configure_nss_master)
    hal_spi_configure_nss_slave              0x08004af1   Thumb Code    22  hal_spi_driver.o(i.hal_spi_configure_nss_slave)
    hal_spi_configure_phase_and_polarity     0x08004b07   Thumb Code    42  hal_spi_driver.o(i.hal_spi_configure_phase_and_polarity)
    hal_spi_enable                           0x08004b45   Thumb Code    18  hal_spi_driver.o(i.hal_spi_enable)
    hal_spi_handle_tx_interrupt              0x08004bad   Thumb Code    60  hal_spi_driver.o(i.hal_spi_handle_tx_interrupt)
    hal_spi_init                             0x08004be9   Thumb Code    74  hal_spi_driver.o(i.hal_spi_init)
    hal_spi_irq_handler                      0x08004c33   Thumb Code    68  hal_spi_driver.o(i.hal_spi_irq_handler)
    hal_spi_is_bus_busy                      0x08004c77   Thumb Code    18  hal_spi_driver.o(i.hal_spi_is_bus_busy)
    hal_spi_master_rx                        0x08004c89   Thumb Code    60  hal_spi_driver.o(i.hal_spi_master_rx)
    hal_spi_master_tx                        0x08004cc9   Thumb Code    40  hal_spi_driver.o(i.hal_spi_master_tx)
    hal_uart_clear_error_flag                0x08004d0f   Thumb Code    12  hal_uart_driver.o(i.hal_uart_clear_error_flag)
    hal_uart_configure_error_interrupt       0x08004d1b   Thumb Code    22  hal_uart_driver.o(i.hal_uart_configure_error_interrupt)
    hal_uart_configure_over_sampling         0x08004d31   Thumb Code    12  hal_uart_driver.o(i.hal_uart_configure_over_sampling)
    hal_uart_configure_parity_error_interrupt 0x08004d3d   Thumb Code    22  hal_uart_driver.o(i.hal_uart_configure_parity_error_interrupt)
    hal_uart_configure_rxne_interrupt        0x08004d53   Thumb Code    22  hal_uart_driver.o(i.hal_uart_configure_rxne_interrupt)
    hal_uart_configure_stop_bits             0x08004d69   Thumb Code    56  hal_uart_driver.o(i.hal_uart_configure_stop_bits)
    hal_uart_configure_txe_interrupt         0x08004da1   Thumb Code    22  hal_uart_driver.o(i.hal_uart_configure_txe_interrupt)
    hal_uart_configure_word_length           0x08004db7   Thumb Code    22  hal_uart_driver.o(i.hal_uart_configure_word_length)
    hal_uart_enable                          0x08004dcd   Thumb Code    10  hal_uart_driver.o(i.hal_uart_enable)
    hal_uart_enable_disable_rx               0x08004dd7   Thumb Code    26  hal_uart_driver.o(i.hal_uart_enable_disable_rx)
    hal_uart_enable_disable_tx               0x08004df1   Thumb Code    26  hal_uart_driver.o(i.hal_uart_enable_disable_tx)
    hal_uart_error_cb                        0x08004e0d   Thumb Code    12  hal_uart_driver.o(i.hal_uart_error_cb)
    hal_uart_handle_interrupt                0x08004ef1   Thumb Code   244  hal_uart_driver.o(i.hal_uart_handle_interrupt)
    hal_uart_init                            0x08004fe5   Thumb Code    74  hal_uart_driver.o(i.hal_uart_init)
    hal_uart_rx                              0x0800502f   Thumb Code    50  hal_uart_driver.o(i.hal_uart_rx)
    hal_uart_set_baud_rate                   0x08005061   Thumb Code    30  hal_uart_driver.o(i.hal_uart_set_baud_rate)
    hal_uart_tx                              0x0800507f   Thumb Code    36  hal_uart_driver.o(i.hal_uart_tx)
    handle_cmd                               0x080050a5   Thumb Code   136  intergrator.o(i.handle_cmd)
    i2c_gpio_init                            0x08005139   Thumb Code    92  intergrator.o(i.i2c_gpio_init)
    i2c_wait_untill_addr_set                 0x0800519d   Thumb Code    18  hal_i2c_driver.o(i.i2c_wait_untill_addr_set)
    i2c_wait_untill_sb_set                   0x080051af   Thumb Code    18  hal_i2c_driver.o(i.i2c_wait_untill_sb_set)
    imu_init                                 0x080051c1   Thumb Code  1400  intergrator.o(i.imu_init)
    initAK8963                               0x08005761   Thumb Code   208  imu.o(i.initAK8963)
    initMPU9250                              0x08005835   Thumb Code   206  imu.o(i.initMPU9250)
    is_bus_busy                              0x08005903   Thumb Code    18  hal_i2c_driver.o(i.is_bus_busy)
    led_init                                 0x08005915   Thumb Code    84  led.o(i.led_init)
    led_toggle                               0x08005971   Thumb Code    40  led.o(i.led_toggle)
    led_turn_off                             0x08005999   Thumb Code    18  led.o(i.led_turn_off)
    led_turn_on                              0x080059ab   Thumb Code    18  led.o(i.led_turn_on)
    main                                     0x080059bd   Thumb Code   754  intergrator.o(i.main)
    millis                                   0x08005d35   Thumb Code     6  hal_millis.o(i.millis)
    parse_cmd                                0x08005d41   Thumb Code   108  intergrator.o(i.parse_cmd)
    pass_function                            0x08005dad   Thumb Code     2  intergrator.o(i.pass_function)
    pin_init                                 0x08005daf   Thumb Code     8  intergrator.o(i.pin_init)
    readAccelData                            0x08005db7   Thumb Code    72  imu.o(i.readAccelData)
    readByte                                 0x08005dff   Thumb Code   116  imu.o(i.readByte)
    readBytes                                0x08005e73   Thumb Code    84  imu.o(i.readBytes)
    readGyroData                             0x08005ec7   Thumb Code    72  imu.o(i.readGyroData)
    readMagData                              0x08005f0f   Thumb Code   100  imu.o(i.readMagData)
    sampleIMU                                0x08005f75   Thumb Code   574  imu.o(i.sampleIMU)
    spi_gpio_init                            0x080061c1   Thumb Code   110  intergrator.o(i.spi_gpio_init)
    sqrt                                     0x08006239   Thumb Code   110  sqrt.o(i.sqrt)
    uart_gpio_init                           0x080062a9   Thumb Code    78  intergrator.o(i.uart_gpio_init)
    uart_printf                              0x08006301   Thumb Code    66  uart_debug.o(i.uart_printf)
    writeByte                                0x08006349   Thumb Code    88  imu.o(i.writeByte)
    _get_lc_numeric                          0x080063a1   Thumb Code    44  lc_numeric_c.o(locale$$code)
    _get_lc_ctype                            0x080063cd   Thumb Code    44  lc_ctype_c.o(locale$$code)
    __aeabi_dneg                             0x080063f9   Thumb Code     0  basic.o(x$fpl$basic)
    _dneg                                    0x080063f9   Thumb Code     6  basic.o(x$fpl$basic)
    __aeabi_fneg                             0x080063ff   Thumb Code     0  basic.o(x$fpl$basic)
    _fneg                                    0x080063ff   Thumb Code     6  basic.o(x$fpl$basic)
    _dabs                                    0x08006405   Thumb Code     6  basic.o(x$fpl$basic)
    _fabs                                    0x0800640b   Thumb Code     6  basic.o(x$fpl$basic)
    __aeabi_d2f                              0x08006411   Thumb Code     0  d2f.o(x$fpl$d2f)
    _d2f                                     0x08006411   Thumb Code    98  d2f.o(x$fpl$d2f)
    __aeabi_dadd                             0x08006475   Thumb Code     0  daddsub_clz.o(x$fpl$dadd)
    _dadd                                    0x08006475   Thumb Code   332  daddsub_clz.o(x$fpl$dadd)
    __fpl_dcheck_NaN1                        0x080065c5   Thumb Code    10  dcheck1.o(x$fpl$dcheck1)
    __fpl_dcmp_Inf                           0x080065d5   Thumb Code    24  dcmpi.o(x$fpl$dcmpinf)
    __aeabi_ddiv                             0x080065ed   Thumb Code     0  ddiv.o(x$fpl$ddiv)
    _ddiv                                    0x080065ed   Thumb Code   552  ddiv.o(x$fpl$ddiv)
    __aeabi_i2d                              0x0800689d   Thumb Code     0  dflt_clz.o(x$fpl$dflt)
    _dflt                                    0x0800689d   Thumb Code    46  dflt_clz.o(x$fpl$dflt)
    __aeabi_cdcmple                          0x080068cd   Thumb Code     0  dleqf.o(x$fpl$dleqf)
    _dcmple                                  0x080068cd   Thumb Code   120  dleqf.o(x$fpl$dleqf)
    __fpl_dcmple_InfNaN                      0x0800692f   Thumb Code     0  dleqf.o(x$fpl$dleqf)
    __aeabi_dmul                             0x08006945   Thumb Code     0  dmul.o(x$fpl$dmul)
    _dmul                                    0x08006945   Thumb Code   332  dmul.o(x$fpl$dmul)
    __fpl_dnaninf                            0x08006a99   Thumb Code   156  dnaninf.o(x$fpl$dnaninf)
    __fpl_dretinf                            0x08006b35   Thumb Code    12  dretinf.o(x$fpl$dretinf)
    __aeabi_cdrcmple                         0x08006b41   Thumb Code     0  drleqf.o(x$fpl$drleqf)
    _drcmple                                 0x08006b41   Thumb Code   108  drleqf.o(x$fpl$drleqf)
    __aeabi_drsub                            0x08006bad   Thumb Code     0  daddsub_clz.o(x$fpl$drsb)
    _drsb                                    0x08006bad   Thumb Code    22  daddsub_clz.o(x$fpl$drsb)
    _dsqrt                                   0x08006bc5   Thumb Code   404  dsqrt_umaal.o(x$fpl$dsqrt)
    __aeabi_dsub                             0x08006d5d   Thumb Code     0  daddsub_clz.o(x$fpl$dsub)
    _dsub                                    0x08006d5d   Thumb Code   464  daddsub_clz.o(x$fpl$dsub)
    __aeabi_f2d                              0x08006f31   Thumb Code     0  f2d.o(x$fpl$f2d)
    _f2d                                     0x08006f31   Thumb Code    86  f2d.o(x$fpl$f2d)
    __fpl_fnaninf                            0x08006f87   Thumb Code   140  fnaninf.o(x$fpl$fnaninf)
    _fp_init                                 0x08007013   Thumb Code    10  fpinit.o(x$fpl$fpinit)
    __fplib_config_fpu_vfp                   0x0800701b   Thumb Code     0  fpinit.o(x$fpl$fpinit)
    __fplib_config_pureend_doubles           0x0800701b   Thumb Code     0  fpinit.o(x$fpl$fpinit)
    __fpl_fretinf                            0x0800701d   Thumb Code    10  fretinf.o(x$fpl$fretinf)
    _printf_fp_dec                           0x08007027   Thumb Code     4  printf1.o(x$fpl$printf1)
    _printf_fp_hex                           0x0800702b   Thumb Code     4  printf2.o(x$fpl$printf2)
    __fpl_return_NaN                         0x0800702f   Thumb Code   100  retnan.o(x$fpl$retnan)
    __ARM_scalbn                             0x08007093   Thumb Code    92  scalbn.o(x$fpl$scalbn)
    __fpl_cmpreturn                          0x080070ef   Thumb Code    48  trapv.o(x$fpl$trapveneer)
    __I$use$fp                               0x0800711e   Number         0  usenofp.o(x$fpl$usenofp)
    __mathlib_zero                           0x080071f8   Data           8  qnan.o(.constdata)
    Region$$Table$$Base                      0x080073d8   Number         0  anon$$obj.o(Region$$Table)
    Region$$Table$$Limit                     0x080073f8   Number         0  anon$$obj.o(Region$$Table)
    __ctype                                  0x08007421   Data           0  lc_ctype_c.o(locale$$data)
    callback_ptr                             0x20000000   Data           4  hal_gpio_driver.o(.data)
    dummu_tx                                 0x20000004   Data           2  hal_spi_driver.o(.data)
    ticker                                   0x20000008   Data           4  hal_millis.o(.data)
    TestReady                                0x2000000c   Data           4  intergrator.o(.data)
    slave_reply_data                         0x20000010   Data           4  intergrator.o(.data)
    master_write_data                        0x20000014   Data           4  intergrator.o(.data)
    master_read_buffer                       0x20000018   Data           4  intergrator.o(.data)
    master_tx_buffer                         0x2000001c   Data           5  intergrator.o(.data)
    master_rx_buffer                         0x20000021   Data           5  intergrator.o(.data)
    slave_tx_buffer                          0x20000026   Data           5  intergrator.o(.data)
    slave_rx_buffer                          0x2000002b   Data           5  intergrator.o(.data)
    master_write_req                         0x20000030   Data           1  intergrator.o(.data)
    master_read_req                          0x20000031   Data           1  intergrator.o(.data)
    slave_rcv_cmd                            0x20000032   Data           1  intergrator.o(.data)
    message1                                 0x20000033   Data          64  intergrator.o(.data)
    message2                                 0x20000073   Data          22  intergrator.o(.data)
    message3                                 0x20000089   Data          13  intergrator.o(.data)
    rx_buffer                                0x20000096   Data           4  intergrator.o(.data)
    SpiHandle                                0x2000009c   Data          56  intergrator.o(.bss)
    i2c_handle                               0x200000d4   Data          64  intergrator.o(.bss)
    uart_handle                              0x20000114   Data          60  intergrator.o(.bss)
    debug_handle                             0x20000150   Data          60  intergrator.o(.bss)
    debug_uart_handle                        0x2000018c   Data          64  uart_debug.o(.bss)
    __libspace_start                         0x200001cc   Data          96  libspace.o(.bss)
    __temporary_stack_top$libspace           0x2000022c   Data           0  libspace.o(.bss)



==============================================================================

Memory Map of the image

  Image Entry point : 0x080002dd

  Load Region LR_1 (Base: 0x08000000, Size: 0x000075c0, Max: 0xffffffff, ABSOLUTE)

    Execution Region ER_RO (Base: 0x08000000, Size: 0x00007524, Max: 0xffffffff, ABSOLUTE)

    Base Addr    Size         Type   Attr      Idx    E Section Name        Object

    0x08000000   0x00000188   Data   RO         1252    RESET               startup_stm32f407xx.o
    0x08000188   0x00000008   Code   RO         1438  * !!!main             c_w.l(__main.o)
    0x08000190   0x00000034   Code   RO         1971    !!!scatter          c_w.l(__scatter.o)
    0x080001c4   0x0000001a   Code   RO         1973    !!handler_copy      c_w.l(__scatter_copy.o)
    0x080001de   0x00000002   PAD
    0x080001e0   0x0000001c   Code   RO         1975    !!handler_zi        c_w.l(__scatter_zi.o)
    0x080001fc   0x00000000   Code   RO         1627    .ARM.Collect$$_printf_percent$$00000000  c_w.l(_printf_percent.o)
    0x080001fc   0x00000006   Code   RO         1616    .ARM.Collect$$_printf_percent$$00000001  c_w.l(_printf_n.o)
    0x08000202   0x00000006   Code   RO         1618    .ARM.Collect$$_printf_percent$$00000002  c_w.l(_printf_p.o)
    0x08000208   0x00000006   Code   RO         1623    .ARM.Collect$$_printf_percent$$00000003  c_w.l(_printf_f.o)
    0x0800020e   0x00000006   Code   RO         1624    .ARM.Collect$$_printf_percent$$00000004  c_w.l(_printf_e.o)
    0x08000214   0x00000006   Code   RO         1625    .ARM.Collect$$_printf_percent$$00000005  c_w.l(_printf_g.o)
    0x0800021a   0x00000006   Code   RO         1626    .ARM.Collect$$_printf_percent$$00000006  c_w.l(_printf_a.o)
    0x08000220   0x0000000a   Code   RO         1631    .ARM.Collect$$_printf_percent$$00000007  c_w.l(_printf_ll.o)
    0x0800022a   0x00000006   Code   RO         1620    .ARM.Collect$$_printf_percent$$00000008  c_w.l(_printf_i.o)
    0x08000230   0x00000006   Code   RO         1621    .ARM.Collect$$_printf_percent$$00000009  c_w.l(_printf_d.o)
    0x08000236   0x00000006   Code   RO         1622    .ARM.Collect$$_printf_percent$$0000000A  c_w.l(_printf_u.o)
    0x0800023c   0x00000006   Code   RO         1619    .ARM.Collect$$_printf_percent$$0000000B  c_w.l(_printf_o.o)
    0x08000242   0x00000006   Code   RO         1617    .ARM.Collect$$_printf_percent$$0000000C  c_w.l(_printf_x.o)
    0x08000248   0x00000006   Code   RO         1628    .ARM.Collect$$_printf_percent$$0000000D  c_w.l(_printf_lli.o)
    0x0800024e   0x00000006   Code   RO         1629    .ARM.Collect$$_printf_percent$$0000000E  c_w.l(_printf_lld.o)
    0x08000254   0x00000006   Code   RO         1630    .ARM.Collect$$_printf_percent$$0000000F  c_w.l(_printf_llu.o)
    0x0800025a   0x00000006   Code   RO         1635    .ARM.Collect$$_printf_percent$$00000010  c_w.l(_printf_llo.o)
    0x08000260   0x00000006   Code   RO         1636    .ARM.Collect$$_printf_percent$$00000011  c_w.l(_printf_llx.o)
    0x08000266   0x0000000a   Code   RO         1632    .ARM.Collect$$_printf_percent$$00000012  c_w.l(_printf_l.o)
    0x08000270   0x00000006   Code   RO         1614    .ARM.Collect$$_printf_percent$$00000013  c_w.l(_printf_c.o)
    0x08000276   0x00000006   Code   RO         1615    .ARM.Collect$$_printf_percent$$00000014  c_w.l(_printf_s.o)
    0x0800027c   0x00000006   Code   RO         1633    .ARM.Collect$$_printf_percent$$00000015  c_w.l(_printf_lc.o)
    0x08000282   0x00000006   Code   RO         1634    .ARM.Collect$$_printf_percent$$00000016  c_w.l(_printf_ls.o)
    0x08000288   0x00000004   Code   RO         1769    .ARM.Collect$$_printf_percent$$00000017  c_w.l(_printf_percent_end.o)
    0x0800028c   0x00000002   Code   RO         1890    .ARM.Collect$$libinit$$00000000  c_w.l(libinit.o)
    0x0800028e   0x00000004   Code   RO         1781    .ARM.Collect$$libinit$$00000001  c_w.l(libinit2.o)
    0x08000292   0x00000000   Code   RO         1784    .ARM.Collect$$libinit$$00000004  c_w.l(libinit2.o)
    0x08000292   0x00000008   Code   RO         1785    .ARM.Collect$$libinit$$00000005  c_w.l(libinit2.o)
    0x0800029a   0x00000000   Code   RO         1787    .ARM.Collect$$libinit$$0000000A  c_w.l(libinit2.o)
    0x0800029a   0x00000000   Code   RO         1789    .ARM.Collect$$libinit$$0000000C  c_w.l(libinit2.o)
    0x0800029a   0x00000000   Code   RO         1791    .ARM.Collect$$libinit$$0000000E  c_w.l(libinit2.o)
    0x0800029a   0x00000006   Code   RO         1792    .ARM.Collect$$libinit$$0000000F  c_w.l(libinit2.o)
    0x080002a0   0x00000000   Code   RO         1794    .ARM.Collect$$libinit$$00000011  c_w.l(libinit2.o)
    0x080002a0   0x0000000c   Code   RO         1795    .ARM.Collect$$libinit$$00000012  c_w.l(libinit2.o)
    0x080002ac   0x00000000   Code   RO         1796    .ARM.Collect$$libinit$$00000013  c_w.l(libinit2.o)
    0x080002ac   0x00000000   Code   RO         1798    .ARM.Collect$$libinit$$00000015  c_w.l(libinit2.o)
    0x080002ac   0x0000000a   Code   RO         1799    .ARM.Collect$$libinit$$00000016  c_w.l(libinit2.o)
    0x080002b6   0x00000000   Code   RO         1800    .ARM.Collect$$libinit$$00000017  c_w.l(libinit2.o)
    0x080002b6   0x00000000   Code   RO         1802    .ARM.Collect$$libinit$$00000019  c_w.l(libinit2.o)
    0x080002b6   0x00000000   Code   RO         1804    .ARM.Collect$$libinit$$0000001B  c_w.l(libinit2.o)
    0x080002b6   0x00000000   Code   RO         1806    .ARM.Collect$$libinit$$0000001D  c_w.l(libinit2.o)
    0x080002b6   0x00000000   Code   RO         1808    .ARM.Collect$$libinit$$0000001F  c_w.l(libinit2.o)
    0x080002b6   0x00000000   Code   RO         1810    .ARM.Collect$$libinit$$00000021  c_w.l(libinit2.o)
    0x080002b6   0x00000000   Code   RO         1812    .ARM.Collect$$libinit$$00000023  c_w.l(libinit2.o)
    0x080002b6   0x00000000   Code   RO         1814    .ARM.Collect$$libinit$$00000025  c_w.l(libinit2.o)
    0x080002b6   0x00000000   Code   RO         1818    .ARM.Collect$$libinit$$0000002C  c_w.l(libinit2.o)
    0x080002b6   0x00000000   Code   RO         1820    .ARM.Collect$$libinit$$0000002E  c_w.l(libinit2.o)
    0x080002b6   0x00000000   Code   RO         1822    .ARM.Collect$$libinit$$00000030  c_w.l(libinit2.o)
    0x080002b6   0x00000000   Code   RO         1824    .ARM.Collect$$libinit$$00000032  c_w.l(libinit2.o)
    0x080002b6   0x00000002   Code   RO         1825    .ARM.Collect$$libinit$$00000033  c_w.l(libinit2.o)
    0x080002b8   0x00000002   Code   RO         1968    .ARM.Collect$$libshutdown$$00000000  c_w.l(libshutdown.o)
    0x080002ba   0x00000000   Code   RO         1922    .ARM.Collect$$libshutdown$$00000002  c_w.l(libshutdown2.o)
    0x080002ba   0x00000000   Code   RO         1924    .ARM.Collect$$libshutdown$$00000004  c_w.l(libshutdown2.o)
    0x080002ba   0x00000000   Code   RO         1927    .ARM.Collect$$libshutdown$$00000007  c_w.l(libshutdown2.o)
    0x080002ba   0x00000000   Code   RO         1930    .ARM.Collect$$libshutdown$$0000000A  c_w.l(libshutdown2.o)
    0x080002ba   0x00000000   Code   RO         1932    .ARM.Collect$$libshutdown$$0000000C  c_w.l(libshutdown2.o)
    0x080002ba   0x00000000   Code   RO         1935    .ARM.Collect$$libshutdown$$0000000F  c_w.l(libshutdown2.o)
    0x080002ba   0x00000002   Code   RO         1936    .ARM.Collect$$libshutdown$$00000010  c_w.l(libshutdown2.o)
    0x080002bc   0x00000000   Code   RO         1514    .ARM.Collect$$rtentry$$00000000  c_w.l(__rtentry.o)
    0x080002bc   0x00000000   Code   RO         1723    .ARM.Collect$$rtentry$$00000002  c_w.l(__rtentry2.o)
    0x080002bc   0x00000006   Code   RO         1735    .ARM.Collect$$rtentry$$00000004  c_w.l(__rtentry4.o)
    0x080002c2   0x00000000   Code   RO         1725    .ARM.Collect$$rtentry$$00000009  c_w.l(__rtentry2.o)
    0x080002c2   0x00000004   Code   RO         1726    .ARM.Collect$$rtentry$$0000000A  c_w.l(__rtentry2.o)
    0x080002c6   0x00000000   Code   RO         1728    .ARM.Collect$$rtentry$$0000000C  c_w.l(__rtentry2.o)
    0x080002c6   0x00000008   Code   RO         1729    .ARM.Collect$$rtentry$$0000000D  c_w.l(__rtentry2.o)
    0x080002ce   0x00000002   Code   RO         1902    .ARM.Collect$$rtexit$$00000000  c_w.l(rtexit.o)
    0x080002d0   0x00000000   Code   RO         1942    .ARM.Collect$$rtexit$$00000002  c_w.l(rtexit2.o)
    0x080002d0   0x00000004   Code   RO         1943    .ARM.Collect$$rtexit$$00000003  c_w.l(rtexit2.o)
    0x080002d4   0x00000006   Code   RO         1944    .ARM.Collect$$rtexit$$00000004  c_w.l(rtexit2.o)
    0x080002da   0x00000002   PAD
    0x080002dc   0x00000000   Code   RO         1742    .emb_text           c_w.l(maybetermalloc1.o)
    0x080002dc   0x00000040   Code   RO         1253  * .text               startup_stm32f407xx.o
    0x0800031c   0x0000004e   Code   RO         1378    .text               c_w.l(h1_free.o)
    0x0800036a   0x00000036   Code   RO         1432    .text               c_w.l(asprintf.o)
    0x080003a0   0x00000024   Code   RO         1434    .text               c_w.l(c89vsprintf.o)
    0x080003c4   0x00000006   Code   RO         1436    .text               c_w.l(heapauxi.o)
    0x080003ca   0x00000002   PAD
    0x080003cc   0x00000008   Code   RO         1518    .text               c_w.l(rt_heap_descriptor_intlibspace.o)
    0x080003d4   0x00000004   Code   RO         1520    .text               c_w.l(hguard.o)
    0x080003d8   0x0000008a   Code   RO         1522    .text               c_w.l(init_alloc.o)
    0x08000462   0x0000005e   Code   RO         1528    .text               c_w.l(h1_alloc.o)
    0x080004c0   0x00000016   Code   RO         1542    .text               c_w.l(_rserrno.o)
    0x080004d6   0x00000002   PAD
    0x080004d8   0x00000034   Code   RO         1544    .text               c_w.l(vsnprintf.o)
    0x0800050c   0x0000004e   Code   RO         1548    .text               c_w.l(_printf_pad.o)
    0x0800055a   0x00000024   Code   RO         1550    .text               c_w.l(_printf_truncate.o)
    0x0800057e   0x00000052   Code   RO         1552    .text               c_w.l(_printf_str.o)
    0x080005d0   0x00000078   Code   RO         1554    .text               c_w.l(_printf_dec.o)
    0x08000648   0x00000028   Code   RO         1556    .text               c_w.l(_printf_charcount.o)
    0x08000670   0x00000030   Code   RO         1558    .text               c_w.l(_printf_char_common.o)
    0x080006a0   0x0000000a   Code   RO         1560    .text               c_w.l(_sputc.o)
    0x080006aa   0x00000002   PAD
    0x080006ac   0x000000bc   Code   RO         1562    .text               c_w.l(_printf_wctomb.o)
    0x08000768   0x0000007c   Code   RO         1565    .text               c_w.l(_printf_longlong_dec.o)
    0x080007e4   0x00000070   Code   RO         1571    .text               c_w.l(_printf_oct_int_ll.o)
    0x08000854   0x00000094   Code   RO         1591    .text               c_w.l(_printf_hex_int_ll_ptr.o)
    0x080008e8   0x00000188   Code   RO         1611    .text               c_w.l(__printf_flags_ss_wp.o)
    0x08000a70   0x00000008   Code   RO         1719    .text               c_w.l(libspace.o)
    0x08000a78   0x00000008   Code   RO         1740    .text               c_w.l(rt_errno_addr_intlibspace.o)
    0x08000a80   0x0000000e   Code   RO         1744    .text               c_w.l(h1_init.o)
    0x08000a8e   0x00000034   Code   RO         1746    .text               c_w.l(h1_extend.o)
    0x08000ac2   0x0000008a   Code   RO         1752    .text               c_w.l(lludiv10.o)
    0x08000b4c   0x000000b2   Code   RO         1754    .text               c_w.l(_printf_intcommon.o)
    0x08000bfe   0x0000041a   Code   RO         1756    .text               c_w.l(_printf_fp_dec.o)
    0x08001018   0x000002fc   Code   RO         1758    .text               c_w.l(_printf_fp_hex.o)
    0x08001314   0x00000010   Code   RO         1761    .text               c_w.l(_snputc.o)
    0x08001324   0x0000002c   Code   RO         1765    .text               c_w.l(_printf_char.o)
    0x08001350   0x0000002c   Code   RO         1767    .text               c_w.l(_printf_wchar.o)
    0x0800137c   0x00000040   Code   RO         1770    .text               c_w.l(_wcrtomb.o)
    0x080013bc   0x0000000e   Code   RO         1772    .text               c_w.l(defsig_rtmem_outer.o)
    0x080013ca   0x0000004a   Code   RO         1832    .text               c_w.l(sys_stackheap_outer.o)
    0x08001414   0x00000010   Code   RO         1834    .text               c_w.l(rt_ctype_table.o)
    0x08001424   0x00000008   Code   RO         1841    .text               c_w.l(rt_locale_intlibspace.o)
    0x0800142c   0x00000080   Code   RO         1847    .text               c_w.l(_printf_fp_infnan.o)
    0x080014ac   0x000000dc   Code   RO         1849    .text               c_w.l(bigflt0.o)
    0x08001588   0x00000012   Code   RO         1877    .text               c_w.l(exit.o)
    0x0800159a   0x0000000a   Code   RO         1879    .text               c_w.l(defsig_exit.o)
    0x080015a4   0x00000050   Code   RO         1881    .text               c_w.l(defsig_rtmem_inner.o)
    0x080015f4   0x0000000c   Code   RO         1897    .text               c_w.l(sys_exit.o)
    0x08001600   0x00000002   Code   RO         1899    .text               c_w.l(use_no_semi.o)
    0x08001602   0x00000000   Code   RO         1901    .text               c_w.l(indicate_semi.o)
    0x08001602   0x00000032   Code   RO         1913    .text               c_w.l(defsig_general.o)
    0x08001634   0x00000080   Code   RO         1915    .text               c_w.l(strcmpv7m.o)
    0x080016b4   0x0000000e   Code   RO         1939    .text               c_w.l(sys_wrch.o)
    0x080016c2   0x0000003e   Code   RO         1852    CL$$btod_d2e        c_w.l(btod.o)
    0x08001700   0x00000046   Code   RO         1854    CL$$btod_d2e_denorm_low  c_w.l(btod.o)
    0x08001746   0x00000060   Code   RO         1853    CL$$btod_d2e_norm_op1  c_w.l(btod.o)
    0x080017a6   0x00000338   Code   RO         1862    CL$$btod_div_common  c_w.l(btod.o)
    0x08001ade   0x000000c6   Code   RO         1859    CL$$btod_e2e        c_w.l(btod.o)
    0x08001ba4   0x00000028   Code   RO         1856    CL$$btod_ediv       c_w.l(btod.o)
    0x08001bcc   0x00000028   Code   RO         1855    CL$$btod_emul       c_w.l(btod.o)
    0x08001bf4   0x00000244   Code   RO         1861    CL$$btod_mult_common  c_w.l(btod.o)
    0x08001e38   0x00000024   Code   RO          923    i.Buffercmp         intergrator.o
    0x08001e5c   0x00000014   Code   RO            4    i.EXTI0_IRQHandler  hal_gpio_driver.o
    0x08001e70   0x000000ea   Code   RO         1111    i.HAL_I2C_ER_IRQHandler  i2c_int_handler.o
    0x08001f5a   0x00000002   PAD
    0x08001f5c   0x0000016c   Code   RO         1112    i.HAL_I2C_EV_IRQHandler  i2c_int_handler.o
    0x080020c8   0x00000010   Code   RO         1113    i.HAL_I2C_ErrorCallback  i2c_int_handler.o
    0x080020d8   0x00000002   Code   RO         1114    i.HAL_I2C_MasterRxCpltCallback  i2c_int_handler.o
    0x080020da   0x00000002   Code   RO         1115    i.HAL_I2C_MasterTxCpltCallback  i2c_int_handler.o
    0x080020dc   0x00000002   Code   RO         1116    i.HAL_I2C_MemRxCpltCallback  i2c_int_handler.o
    0x080020de   0x00000002   Code   RO         1117    i.HAL_I2C_MemTxCpltCallback  i2c_int_handler.o
    0x080020e0   0x00000002   Code   RO         1118    i.HAL_I2C_SlaveRxCpltCallback  i2c_int_handler.o
    0x080020e2   0x00000002   Code   RO         1119    i.HAL_I2C_SlaveTxCpltCallback  i2c_int_handler.o
    0x080020e4   0x00000010   Code   RO          925    i.I2C1_ER_IRQHandler  intergrator.o
    0x080020f4   0x00000010   Code   RO          926    i.I2C1_EV_IRQHandler  intergrator.o
    0x08002104   0x000000b8   Code   RO         1120    i.I2C_MasterReceive_BTF  i2c_int_handler.o
    0x080021bc   0x00000094   Code   RO         1121    i.I2C_MasterReceive_RXNE  i2c_int_handler.o
    0x08002250   0x00000070   Code   RO         1122    i.I2C_MasterTransmit_BTF  i2c_int_handler.o
    0x080022c0   0x00000024   Code   RO         1123    i.I2C_MasterTransmit_TXE  i2c_int_handler.o
    0x080022e4   0x0000001a   Code   RO         1124    i.I2C_SlaveReceive_BTF  i2c_int_handler.o
    0x080022fe   0x0000001a   Code   RO         1125    i.I2C_SlaveReceive_RXNE  i2c_int_handler.o
    0x08002318   0x00000018   Code   RO         1126    i.I2C_SlaveTransmit_BTF  i2c_int_handler.o
    0x08002330   0x00000018   Code   RO         1127    i.I2C_SlaveTransmit_TXE  i2c_int_handler.o
    0x08002348   0x0000000c   Code   RO         1128    i.I2C_Slave_ADDR    i2c_int_handler.o
    0x08002354   0x0000004e   Code   RO         1129    i.I2C_Slave_AF      i2c_int_handler.o
    0x080023a2   0x00000048   Code   RO         1130    i.I2C_Slave_STOPF   i2c_int_handler.o
    0x080023ea   0x00000002   PAD
    0x080023ec   0x000005ac   Code   RO          625    i.MPU9250SelfTest   imu.o
    0x08002998   0x00000568   Code   RO          627    i.MahonyQuaternionUpdate  imu.o
    0x08002f00   0x00000010   Code   RO          927    i.SPI2_IRQHandler   intergrator.o
    0x08002f10   0x00000002   Code   RO         1260    i.SetSysClock       system_stm32f4xx.o
    0x08002f12   0x00000002   PAD
    0x08002f14   0x00000020   Code   RO          928    i.SysTick_Handler   intergrator.o
    0x08002f34   0x00000080   Code   RO          817    i.SysTick_Init      hal_millis.o
    0x08002fb4   0x00000068   Code   RO         1262    i.SystemInit        system_stm32f4xx.o
    0x0800301c   0x00000010   Code   RO          929    i.USART2_IRQHandler  intergrator.o
    0x0800302c   0x00000030   Code   RO         1714    i.__ARM_fpclassify  m_wm.l(fpclassify.o)
    0x0800305c   0x0000001a   Code   RO          930    i.__NVIC_EnableIRQ  intergrator.o
    0x08003076   0x00000002   PAD
    0x08003078   0x00000c50   Code   RO         1474    i.__hardfp_pow      m_wm.l(pow.o)
    0x08003cc8   0x0000007a   Code   RO         1488    i.__hardfp_sqrt     m_wm.l(sqrt.o)
    0x08003d42   0x0000003a   Code   RO         1500    i.__hardfp_sqrtf    m_wm.l(sqrtf.o)
    0x08003d7c   0x000000f8   Code   RO         1716    i.__kernel_poly     m_wm.l(poly.o)
    0x08003e74   0x00000004   PAD
    0x08003e78   0x00000030   Code   RO         1694    i.__mathlib_dbl_divzero  m_wm.l(dunder.o)
    0x08003ea8   0x00000014   Code   RO         1696    i.__mathlib_dbl_infnan2  m_wm.l(dunder.o)
    0x08003ebc   0x00000004   PAD
    0x08003ec0   0x00000020   Code   RO         1697    i.__mathlib_dbl_invalid  m_wm.l(dunder.o)
    0x08003ee0   0x00000020   Code   RO         1698    i.__mathlib_dbl_overflow  m_wm.l(dunder.o)
    0x08003f00   0x00000020   Code   RO         1700    i.__mathlib_dbl_underflow  m_wm.l(dunder.o)
    0x08003f20   0x0000000e   Code   RO         1604    i._is_digit         c_w.l(__printf_wp.o)
    0x08003f2e   0x00000002   PAD
    0x08003f30   0x00000010   Code   RO          931    i.app_rx_cmp_callback  intergrator.o
    0x08003f40   0x00000002   Code   RO          932    i.app_tx_cmp_callback  intergrator.o
    0x08003f42   0x00000002   PAD
    0x08003f44   0x00000018   Code   RO          933    i.assert_error      intergrator.o
    0x08003f5c   0x000004ea   Code   RO          628    i.calibrateMPU9250  imu.o
    0x08004446   0x00000018   Code   RO          123    i.clear_addr_flag   hal_i2c_driver.o
    0x0800445e   0x00000002   PAD
    0x08004460   0x00000018   Code   RO          818    i.delay             hal_millis.o
    0x08004478   0x0000000c   Code   RO          629    i.delay_gen_i2c     imu.o
    0x08004484   0x00000024   Code   RO          934    i.error_handler     intergrator.o
    0x080044a8   0x00000018   Code   RO         1710    i.fabs              m_wm.l(fabs.o)
    0x080044c0   0x00000050   Code   RO          630    i.getAres           imu.o
    0x08004510   0x00000050   Code   RO          631    i.getGres           imu.o
    0x08004560   0x0000002c   Code   RO          632    i.getMres           imu.o
    0x0800458c   0x00000014   Code   RO          935    i.gpio_btn_interrupt_handler  intergrator.o
    0x080045a0   0x00000012   Code   RO         1131    i.hal_clear_stop_flag  i2c_int_handler.o
    0x080045b2   0x00000002   PAD
    0x080045b4   0x000000a0   Code   RO         1302    i.hal_debug_uart_init  uartdebug.lib(uart_debug.o)
    0x08004654   0x00000020   Code   RO            5    i.hal_gpio_clear_interrupt  hal_gpio_driver.o
    0x08004674   0x00000060   Code   RO            6    i.hal_gpio_configure_interrupt  hal_gpio_driver.o
    0x080046d4   0x00000010   Code   RO            7    i.hal_gpio_configure_pin_mode  hal_gpio_driver.o
    0x080046e4   0x0000000e   Code   RO            8    i.hal_gpio_configure_pin_otype  hal_gpio_driver.o
    0x080046f2   0x00000010   Code   RO            9    i.hal_gpio_configure_pin_pupd  hal_gpio_driver.o
    0x08004702   0x00000010   Code   RO           10    i.hal_gpio_configure_pin_speed  hal_gpio_driver.o
    0x08004712   0x00000002   PAD
    0x08004714   0x00000034   Code   RO           11    i.hal_gpio_enable_interrupt  hal_gpio_driver.o
    0x08004748   0x00000038   Code   RO           12    i.hal_gpio_init     hal_gpio_driver.o
    0x08004780   0x0000000c   Code   RO           13    i.hal_gpio_read_from_pin  hal_gpio_driver.o
    0x0800478c   0x00000030   Code   RO           14    i.hal_gpio_set_alt_function  hal_gpio_driver.o
    0x080047bc   0x0000001c   Code   RO           15    i.hal_gpio_write_to_pin  hal_gpio_driver.o
    0x080047d8   0x00000028   Code   RO          124    i.hal_i2c_clk_init  hal_i2c_driver.o
    0x08004800   0x00000048   Code   RO          125    i.hal_i2c_configure_ccr  hal_i2c_driver.o
    0x08004848   0x00000016   Code   RO          126    i.hal_i2c_configure_error_interrupt  hal_i2c_driver.o
    0x0800485e   0x00000016   Code   RO          127    i.hal_i2c_configure_evt_interrupt  hal_i2c_driver.o
    0x08004874   0x00000016   Code   RO          128    i.hal_i2c_configure_tx_rx_interrupt  hal_i2c_driver.o
    0x0800488a   0x0000000a   Code   RO          130    i.hal_i2c_enable_peripheral  hal_i2c_driver.o
    0x08004894   0x0000000a   Code   RO          131    i.hal_i2c_generate_start_condition  hal_i2c_driver.o
    0x0800489e   0x0000002e   Code   RO          133    i.hal_i2c_init      hal_i2c_driver.o
    0x080048cc   0x00000018   Code   RO          134    i.hal_i2c_manage_ack  hal_i2c_driver.o
    0x080048e4   0x00000016   Code   RO          135    i.hal_i2c_manage_clock_stretch  hal_i2c_driver.o
    0x080048fa   0x00000086   Code   RO          136    i.hal_i2c_master_rx  hal_i2c_driver.o
    0x08004980   0x0000007a   Code   RO          137    i.hal_i2c_master_tx  hal_i2c_driver.o
    0x080049fa   0x00000002   PAD
    0x080049fc   0x00000034   Code   RO          138    i.hal_i2c_rise_time_configuration  hal_i2c_driver.o
    0x08004a30   0x00000004   Code   RO          139    i.hal_i2c_send_addr_first  hal_i2c_driver.o
    0x08004a34   0x00000018   Code   RO          140    i.hal_i2c_set_addressing_mode  hal_i2c_driver.o
    0x08004a4c   0x00000012   Code   RO          142    i.hal_i2c_set_own_address1  hal_i2c_driver.o
    0x08004a5e   0x0000001e   Code   RO          316    i.hal_spi_close_rx_interrupt  hal_spi_driver.o
    0x08004a7c   0x00000008   Code   RO          317    i.hal_spi_configure_baudrate  hal_spi_driver.o
    0x08004a84   0x0000002a   Code   RO          318    i.hal_spi_configure_datasize  hal_spi_driver.o
    0x08004aae   0x00000016   Code   RO          319    i.hal_spi_configure_device_mode  hal_spi_driver.o
    0x08004ac4   0x00000016   Code   RO          320    i.hal_spi_configure_direction  hal_spi_driver.o
    0x08004ada   0x00000016   Code   RO          321    i.hal_spi_configure_nss_master  hal_spi_driver.o
    0x08004af0   0x00000016   Code   RO          322    i.hal_spi_configure_nss_slave  hal_spi_driver.o
    0x08004b06   0x0000002a   Code   RO          323    i.hal_spi_configure_phase_and_polarity  hal_spi_driver.o
    0x08004b30   0x0000000a   Code   RO          325    i.hal_spi_disable_rxne_interrupt  hal_spi_driver.o
    0x08004b3a   0x0000000a   Code   RO          326    i.hal_spi_disable_txe_interrupt  hal_spi_driver.o
    0x08004b44   0x00000012   Code   RO          327    i.hal_spi_enable    hal_spi_driver.o
    0x08004b56   0x0000000a   Code   RO          328    i.hal_spi_enable_rxne_interrupt  hal_spi_driver.o
    0x08004b60   0x0000000a   Code   RO          329    i.hal_spi_enable_txe_interrupt  hal_spi_driver.o
    0x08004b6a   0x00000042   Code   RO          330    i.hal_spi_handle_rx_interrupt  hal_spi_driver.o
    0x08004bac   0x0000003c   Code   RO          331    i.hal_spi_handle_tx_interrupt  hal_spi_driver.o
    0x08004be8   0x0000004a   Code   RO          332    i.hal_spi_init      hal_spi_driver.o
    0x08004c32   0x00000044   Code   RO          333    i.hal_spi_irq_handler  hal_spi_driver.o
    0x08004c76   0x00000012   Code   RO          334    i.hal_spi_is_bus_busy  hal_spi_driver.o
    0x08004c88   0x00000040   Code   RO          335    i.hal_spi_master_rx  hal_spi_driver.o
    0x08004cc8   0x00000028   Code   RO          336    i.hal_spi_master_tx  hal_spi_driver.o
    0x08004cf0   0x0000001e   Code   RO          339    i.hal_spi_tx_close_interrupt  hal_spi_driver.o
    0x08004d0e   0x0000000c   Code   RO          478    i.hal_uart_clear_error_flag  hal_uart_driver.o
    0x08004d1a   0x00000016   Code   RO          479    i.hal_uart_configure_error_interrupt  hal_uart_driver.o
    0x08004d30   0x0000000c   Code   RO          480    i.hal_uart_configure_over_sampling  hal_uart_driver.o
    0x08004d3c   0x00000016   Code   RO          481    i.hal_uart_configure_parity_error_interrupt  hal_uart_driver.o
    0x08004d52   0x00000016   Code   RO          482    i.hal_uart_configure_rxne_interrupt  hal_uart_driver.o
    0x08004d68   0x00000038   Code   RO          483    i.hal_uart_configure_stop_bits  hal_uart_driver.o
    0x08004da0   0x00000016   Code   RO          484    i.hal_uart_configure_txe_interrupt  hal_uart_driver.o
    0x08004db6   0x00000016   Code   RO          485    i.hal_uart_configure_word_length  hal_uart_driver.o
    0x08004dcc   0x0000000a   Code   RO          487    i.hal_uart_enable   hal_uart_driver.o
    0x08004dd6   0x0000001a   Code   RO          488    i.hal_uart_enable_disable_rx  hal_uart_driver.o
    0x08004df0   0x0000001a   Code   RO          489    i.hal_uart_enable_disable_tx  hal_uart_driver.o
    0x08004e0a   0x00000002   PAD
    0x08004e0c   0x00000010   Code   RO          490    i.hal_uart_error_cb  hal_uart_driver.o
    0x08004e1c   0x00000074   Code   RO          491    i.hal_uart_handle_RXNE_interrupt  hal_uart_driver.o
    0x08004e90   0x00000024   Code   RO          492    i.hal_uart_handle_TC_interrupt  hal_uart_driver.o
    0x08004eb4   0x0000003c   Code   RO          493    i.hal_uart_handle_TXE_interrupt  hal_uart_driver.o
    0x08004ef0   0x000000f4   Code   RO          494    i.hal_uart_handle_interrupt  hal_uart_driver.o
    0x08004fe4   0x0000004a   Code   RO          495    i.hal_uart_init     hal_uart_driver.o
    0x0800502e   0x00000032   Code   RO          496    i.hal_uart_rx       hal_uart_driver.o
    0x08005060   0x0000001e   Code   RO          497    i.hal_uart_set_baud_rate  hal_uart_driver.o
    0x0800507e   0x00000024   Code   RO          498    i.hal_uart_tx       hal_uart_driver.o
    0x080050a2   0x00000002   PAD
    0x080050a4   0x00000094   Code   RO          936    i.handle_cmd        intergrator.o
    0x08005138   0x00000064   Code   RO          937    i.i2c_gpio_init     intergrator.o
    0x0800519c   0x00000012   Code   RO          145    i.i2c_wait_untill_addr_set  hal_i2c_driver.o
    0x080051ae   0x00000012   Code   RO          148    i.i2c_wait_untill_sb_set  hal_i2c_driver.o
    0x080051c0   0x000005a0   Code   RO          938    i.imu_init          intergrator.o
    0x08005760   0x000000d4   Code   RO          633    i.initAK8963        imu.o
    0x08005834   0x000000ce   Code   RO          634    i.initMPU9250       imu.o
    0x08005902   0x00000012   Code   RO          149    i.is_bus_busy       hal_i2c_driver.o
    0x08005914   0x0000005c   Code   RO          875    i.led_init          led.o
    0x08005970   0x00000028   Code   RO          876    i.led_toggle        led.o
    0x08005998   0x00000012   Code   RO          877    i.led_turn_off      led.o
    0x080059aa   0x00000012   Code   RO          878    i.led_turn_on       led.o
    0x080059bc   0x00000378   Code   RO          939    i.main              intergrator.o
    0x08005d34   0x0000000c   Code   RO          821    i.millis            hal_millis.o
    0x08005d40   0x0000006c   Code   RO          940    i.parse_cmd         intergrator.o
    0x08005dac   0x00000002   Code   RO          941    i.pass_function     intergrator.o
    0x08005dae   0x00000008   Code   RO          942    i.pin_init          intergrator.o
    0x08005db6   0x00000048   Code   RO          637    i.readAccelData     imu.o
    0x08005dfe   0x00000074   Code   RO          638    i.readByte          imu.o
    0x08005e72   0x00000054   Code   RO          639    i.readBytes         imu.o
    0x08005ec6   0x00000048   Code   RO          640    i.readGyroData      imu.o
    0x08005f0e   0x00000064   Code   RO          641    i.readMagData       imu.o
    0x08005f72   0x00000002   PAD
    0x08005f74   0x0000024c   Code   RO          643    i.sampleIMU         imu.o
    0x080061c0   0x00000078   Code   RO          943    i.spi_gpio_init     intergrator.o
    0x08006238   0x0000006e   Code   RO         1490    i.sqrt              m_wm.l(sqrt.o)
    0x080062a6   0x00000002   PAD
    0x080062a8   0x00000058   Code   RO          944    i.uart_gpio_init    intergrator.o
    0x08006300   0x00000048   Code   RO         1303    i.uart_printf       uartdebug.lib(uart_debug.o)
    0x08006348   0x00000058   Code   RO          645    i.writeByte         imu.o
    0x080063a0   0x0000002c   Code   RO         1875    locale$$code        c_w.l(lc_numeric_c.o)
    0x080063cc   0x0000002c   Code   RO         1909    locale$$code        c_w.l(lc_ctype_c.o)
    0x080063f8   0x00000018   Code   RO         1440    x$fpl$basic         fz_wm.l(basic.o)
    0x08006410   0x00000062   Code   RO         1442    x$fpl$d2f           fz_wm.l(d2f.o)
    0x08006472   0x00000002   PAD
    0x08006474   0x00000150   Code   RO         1639    x$fpl$dadd          fz_wm.l(daddsub_clz.o)
    0x080065c4   0x00000010   Code   RO         1826    x$fpl$dcheck1       fz_wm.l(dcheck1.o)
    0x080065d4   0x00000018   Code   RO         1828    x$fpl$dcmpinf       fz_wm.l(dcmpi.o)
    0x080065ec   0x000002b0   Code   RO         1646    x$fpl$ddiv          fz_wm.l(ddiv.o)
    0x0800689c   0x0000002e   Code   RO         1650    x$fpl$dflt          fz_wm.l(dflt_clz.o)
    0x080068ca   0x00000002   PAD
    0x080068cc   0x00000078   Code   RO         1655    x$fpl$dleqf         fz_wm.l(dleqf.o)
    0x08006944   0x00000154   Code   RO         1444    x$fpl$dmul          fz_wm.l(dmul.o)
    0x08006a98   0x0000009c   Code   RO         1657    x$fpl$dnaninf       fz_wm.l(dnaninf.o)
    0x08006b34   0x0000000c   Code   RO         1659    x$fpl$dretinf       fz_wm.l(dretinf.o)
    0x08006b40   0x0000006c   Code   RO         1661    x$fpl$drleqf        fz_wm.l(drleqf.o)
    0x08006bac   0x00000016   Code   RO         1640    x$fpl$drsb          fz_wm.l(daddsub_clz.o)
    0x08006bc2   0x00000002   PAD
    0x08006bc4   0x00000198   Code   RO         1663    x$fpl$dsqrt         fz_wm.l(dsqrt_umaal.o)
    0x08006d5c   0x000001d4   Code   RO         1641    x$fpl$dsub          fz_wm.l(daddsub_clz.o)
    0x08006f30   0x00000056   Code   RO         1446    x$fpl$f2d           fz_wm.l(f2d.o)
    0x08006f86   0x0000008c   Code   RO         1665    x$fpl$fnaninf       fz_wm.l(fnaninf.o)
    0x08007012   0x0000000a   Code   RO         1891    x$fpl$fpinit        fz_wm.l(fpinit.o)
    0x0800701c   0x0000000a   Code   RO         1667    x$fpl$fretinf       fz_wm.l(fretinf.o)
    0x08007026   0x00000004   Code   RO         1669    x$fpl$printf1       fz_wm.l(printf1.o)
    0x0800702a   0x00000004   Code   RO         1671    x$fpl$printf2       fz_wm.l(printf2.o)
    0x0800702e   0x00000064   Code   RO         1895    x$fpl$retnan        fz_wm.l(retnan.o)
    0x08007092   0x0000005c   Code   RO         1677    x$fpl$scalbn        fz_wm.l(scalbn.o)
    0x080070ee   0x00000030   Code   RO         1937    x$fpl$trapveneer    fz_wm.l(trapv.o)
    0x0800711e   0x00000000   Code   RO         1679    x$fpl$usenofp       fz_wm.l(usenofp.o)
    0x0800711e   0x00000002   PAD
    0x08007120   0x00000004   Data   RO          946    .constdata          intergrator.o
    0x08007124   0x00000004   PAD
    0x08007128   0x00000088   Data   RO         1477    .constdata          m_wm.l(pow.o)
    0x080071b0   0x00000008   Data   RO         1563    .constdata          c_w.l(_printf_wctomb.o)
    0x080071b8   0x00000028   Data   RO         1592    .constdata          c_w.l(_printf_hex_int_ll_ptr.o)
    0x080071e0   0x00000011   Data   RO         1612    .constdata          c_w.l(__printf_flags_ss_wp.o)
    0x080071f1   0x00000007   PAD
    0x080071f8   0x00000008   Data   RO         1718    .constdata          m_wm.l(qnan.o)
    0x08007200   0x00000026   Data   RO         1759    .constdata          c_w.l(_printf_fp_hex.o)
    0x08007226   0x00000002   PAD
    0x08007228   0x00000094   Data   RO         1850    .constdata          c_w.l(bigflt0.o)
    0x080072bc   0x00000119   Data   RO          947    .conststring        intergrator.o
    0x080073d5   0x00000003   PAD
    0x080073d8   0x00000020   Data   RO         1969    Region$$Table       anon$$obj.o
    0x080073f8   0x0000001c   Data   RO         1874    locale$$data        c_w.l(lc_numeric_c.o)
    0x08007414   0x00000110   Data   RO         1908    locale$$data        c_w.l(lc_ctype_c.o)


    Execution Region ER_RW (Base: 0x20000000, Size: 0x0000009c, Max: 0xffffffff, ABSOLUTE)

    Base Addr    Size         Type   Attr      Idx    E Section Name        Object

    0x20000000   0x00000004   Data   RW           16    .data               hal_gpio_driver.o
    0x20000004   0x00000002   Data   RW          341    .data               hal_spi_driver.o
    0x20000006   0x00000002   PAD
    0x20000008   0x00000004   Data   RW          822    .data               hal_millis.o
    0x2000000c   0x0000008e   Data   RW          948    .data               intergrator.o


    Execution Region ER_ZI (Base: 0x2000009c, Size: 0x00000794, Max: 0xffffffff, ABSOLUTE)

    Base Addr    Size         Type   Attr      Idx    E Section Name        Object

    0x2000009c   0x000000f0   Zero   RW          945    .bss                intergrator.o
    0x2000018c   0x00000040   Zero   RW         1304    .bss                uartdebug.lib(uart_debug.o)
    0x200001cc   0x00000060   Zero   RW         1720    .bss                c_w.l(libspace.o)
    0x2000022c   0x00000004   PAD
    0x20000230   0x00000200   Zero   RW         1251    HEAP                startup_stm32f407xx.o
    0x20000430   0x00000400   Zero   RW         1250    STACK               startup_stm32f407xx.o


==============================================================================

Image component sizes


      Code (inc. data)   RO Data    RW Data    ZI Data      Debug   Object Name

       406         22          0          4          0     595410   hal_gpio_driver.o
       722         14          0          0          0      17088   hal_i2c_driver.o
       164         26          0          4          0      32060   hal_millis.o
       688          4          0          2          0      16150   hal_spi_driver.o
       914          4          0          0          0      16540   hal_uart_driver.o
      1386          8          0          0          0      16656   i2c_int_handler.o
      5848         82          0          0          0      23259   imu.o
      3158        550        285        142        240      34647   intergrator.o
       168          8          0          0          0       4505   led.o
        64         26        392          0       1536        900   startup_stm32f407xx.o
       106         16          0          0          0       1077   system_stm32f4xx.o

    ----------------------------------------------------------------------
     13648        760        716        156       1776     758292   Object Totals
         0          0         32          0          0          0   (incl. Generated)
        24          0          7          4          0          0   (incl. Padding)

    ----------------------------------------------------------------------

      Code (inc. data)   RO Data    RW Data    ZI Data      Debug   Library Member Name

         8          0          0          0          0         68   __main.o
       392          4         17          0          0         92   __printf_flags_ss_wp.o
        14          0          0          0          0         68   __printf_wp.o
         0          0          0          0          0          0   __rtentry.o
        12          0          0          0          0          0   __rtentry2.o
         6          0          0          0          0          0   __rtentry4.o
        52          8          0          0          0          0   __scatter.o
        26          0          0          0          0          0   __scatter_copy.o
        28          0          0          0          0          0   __scatter_zi.o
         6          0          0          0          0          0   _printf_a.o
         6          0          0          0          0          0   _printf_c.o
        44          0          0          0          0        108   _printf_char.o
        48          6          0          0          0         96   _printf_char_common.o
        40          0          0          0          0         68   _printf_charcount.o
         6          0          0          0          0          0   _printf_d.o
       120         16          0          0          0         92   _printf_dec.o
         6          0          0          0          0          0   _printf_e.o
         6          0          0          0          0          0   _printf_f.o
      1050          0          0          0          0        216   _printf_fp_dec.o
       764          8         38          0          0        100   _printf_fp_hex.o
       128         16          0          0          0         84   _printf_fp_infnan.o
         6          0          0          0          0          0   _printf_g.o
       148          4         40          0          0        160   _printf_hex_int_ll_ptr.o
         6          0          0          0          0          0   _printf_i.o
       178          0          0          0          0         88   _printf_intcommon.o
        10          0          0          0          0          0   _printf_l.o
         6          0          0          0          0          0   _printf_lc.o
        10          0          0          0          0          0   _printf_ll.o
         6          0          0          0          0          0   _printf_lld.o
         6          0          0          0          0          0   _printf_lli.o
         6          0          0          0          0          0   _printf_llo.o
         6          0          0          0          0          0   _printf_llu.o
         6          0          0          0          0          0   _printf_llx.o
       124         16          0          0          0         92   _printf_longlong_dec.o
         6          0          0          0          0          0   _printf_ls.o
         6          0          0          0          0          0   _printf_n.o
         6          0          0          0          0          0   _printf_o.o
       112         10          0          0          0        124   _printf_oct_int_ll.o
         6          0          0          0          0          0   _printf_p.o
        78          0          0          0          0        108   _printf_pad.o
         0          0          0          0          0          0   _printf_percent.o
         4          0          0          0          0          0   _printf_percent_end.o
         6          0          0          0          0          0   _printf_s.o
        82          0          0          0          0         80   _printf_str.o
        36          0          0          0          0         84   _printf_truncate.o
         6          0          0          0          0          0   _printf_u.o
        44          0          0          0          0        108   _printf_wchar.o
       188          6          8          0          0         92   _printf_wctomb.o
         6          0          0          0          0          0   _printf_x.o
        22          0          0          0          0        100   _rserrno.o
        16          0          0          0          0         68   _snputc.o
        10          0          0          0          0         68   _sputc.o
        64          0          0          0          0         92   _wcrtomb.o
        54          0          0          0          0         92   asprintf.o
       220          4        148          0          0         96   bigflt0.o
      1910        128          0          0          0        672   btod.o
        36          4          0          0          0         76   c89vsprintf.o
        10          0          0          0          0         68   defsig_exit.o
        50          0          0          0          0         88   defsig_general.o
        80         58          0          0          0         76   defsig_rtmem_inner.o
        14          0          0          0          0         80   defsig_rtmem_outer.o
        18          0          0          0          0         80   exit.o
        94          0          0          0          0         80   h1_alloc.o
        52          0          0          0          0         68   h1_extend.o
        78          0          0          0          0         80   h1_free.o
        14          0          0          0          0         84   h1_init.o
         6          0          0          0          0        152   heapauxi.o
         4          0          0          0          0        136   hguard.o
         0          0          0          0          0          0   indicate_semi.o
       138          0          0          0          0        168   init_alloc.o
        44         10        272          0          0         76   lc_ctype_c.o
        44         10         28          0          0         76   lc_numeric_c.o
         2          0          0          0          0          0   libinit.o
        42          0          0          0          0          0   libinit2.o
         2          0          0          0          0          0   libshutdown.o
         2          0          0          0          0          0   libshutdown2.o
         8          4          0          0         96         68   libspace.o
       138          0          0          0          0         80   lludiv10.o
         0          0          0          0          0          0   maybetermalloc1.o
        16          4          0          0          0         76   rt_ctype_table.o
         8          4          0          0          0         68   rt_errno_addr_intlibspace.o
         8          4          0          0          0         68   rt_heap_descriptor_intlibspace.o
         8          4          0          0          0         68   rt_locale_intlibspace.o
         2          0          0          0          0          0   rtexit.o
        10          0          0          0          0          0   rtexit2.o
       128          0          0          0          0         68   strcmpv7m.o
        12          4          0          0          0         68   sys_exit.o
        74          0          0          0          0         80   sys_stackheap_outer.o
        14          0          0          0          0         76   sys_wrch.o
         2          0          0          0          0         68   use_no_semi.o
        52          4          0          0          0         80   vsnprintf.o
        24          0          0          0          0        164   basic.o
        98          4          0          0          0        140   d2f.o
       826         16          0          0          0        492   daddsub_clz.o
        16          4          0          0          0        116   dcheck1.o
        24          0          0          0          0        116   dcmpi.o
       688        140          0          0          0        256   ddiv.o
        46          0          0          0          0        116   dflt_clz.o
       120          4          0          0          0        140   dleqf.o
       340         12          0          0          0        152   dmul.o
       156          4          0          0          0        140   dnaninf.o
        12          0          0          0          0        116   dretinf.o
       108          0          0          0          0        128   drleqf.o
       408         56          0          0          0        168   dsqrt_umaal.o
        86          4          0          0          0        132   f2d.o
       140          4          0          0          0        132   fnaninf.o
        10          0          0          0          0        116   fpinit.o
        10          0          0          0          0        116   fretinf.o
         4          0          0          0          0        116   printf1.o
         4          0          0          0          0        116   printf2.o
       100          0          0          0          0        116   retnan.o
        92          0          0          0          0        116   scalbn.o
        48          0          0          0          0        116   trapv.o
         0          0          0          0          0          0   usenofp.o
       164         44          0          0          0        620   dunder.o
        24          0          0          0          0        124   fabs.o
        48          0          0          0          0        124   fpclassify.o
       248          0          0          0          0        152   poly.o
      3152        296        136          0          0        352   pow.o
         0          0          8          0          0          0   qnan.o
       232          0          0          0          0        296   sqrt.o
        58          0          0          0          0        136   sqrtf.o
       232         22          0          0         64     255072   uart_debug.o

    ----------------------------------------------------------------------
     14920        946        704          0        164     265568   Library Totals
        30          0          9          0          4          0   (incl. Padding)

    ----------------------------------------------------------------------

      Code (inc. data)   RO Data    RW Data    ZI Data      Debug   Library Name

      7372        336        551          0         96       5372   c_w.l
      3360        248          0          0          0       3320   fz_wm.l
      3926        340        144          0          0       1804   m_wm.l
       232         22          0          0         64     255072   uartdebug.lib

    ----------------------------------------------------------------------
     14920        946        704          0        164     265568   Library Totals

    ----------------------------------------------------------------------

==============================================================================


      Code (inc. data)   RO Data    RW Data    ZI Data      Debug   

     28568       1706       1420        156       1940    1003944   Grand Totals
     28568       1706       1420        156       1940    1003944   ELF Image Totals
     28568       1706       1420        156          0          0   ROM Totals

==============================================================================

    Total RO  Size (Code + RO Data)                29988 (  29.29kB)
    Total RW  Size (RW Data + ZI Data)              2096 (   2.05kB)
    Total ROM Size (Code + RO Data + RW Data)      30144 (  29.44kB)

==============================================================================

