Component: ARM Compiler 5.06 update 4 (build 422) Tool: armlink [4d35d2]

==============================================================================

Section Cross References

    hal_gpio_driver.o(i.EXTI0_IRQHandler) refers to hal_gpio_driver.o(.data) for callback_ptr
    hal_gpio_driver.o(i.hal_gpio_configure_interrupt) refers to hal_gpio_driver.o(.data) for callback_ptr
    hal_gpio_driver.o(i.hal_gpio_init) refers to hal_gpio_driver.o(i.hal_gpio_configure_pin_mode) for hal_gpio_configure_pin_mode
    hal_gpio_driver.o(i.hal_gpio_init) refers to hal_gpio_driver.o(i.hal_gpio_configure_pin_speed) for hal_gpio_configure_pin_speed
    hal_gpio_driver.o(i.hal_gpio_init) refers to hal_gpio_driver.o(i.hal_gpio_configure_pin_otype) for hal_gpio_configure_pin_otype
    hal_gpio_driver.o(i.hal_gpio_init) refers to hal_gpio_driver.o(i.hal_gpio_configure_pin_pupd) for hal_gpio_configure_pin_pupd
    hal_i2c_driver.o(i.hal_i2c_clk_init) refers to hal_i2c_driver.o(i.hal_i2c_rise_time_configuration) for hal_i2c_rise_time_configuration
    hal_i2c_driver.o(i.hal_i2c_clk_init) refers to hal_i2c_driver.o(i.hal_i2c_configure_ccr) for hal_i2c_configure_ccr
    hal_i2c_driver.o(i.hal_i2c_init) refers to hal_i2c_driver.o(i.hal_i2c_clk_init) for hal_i2c_clk_init
    hal_i2c_driver.o(i.hal_i2c_init) refers to hal_i2c_driver.o(i.hal_i2c_set_addressing_mode) for hal_i2c_set_addressing_mode
    hal_i2c_driver.o(i.hal_i2c_init) refers to hal_i2c_driver.o(i.hal_i2c_manage_ack) for hal_i2c_manage_ack
    hal_i2c_driver.o(i.hal_i2c_init) refers to hal_i2c_driver.o(i.hal_i2c_manage_clock_stretch) for hal_i2c_manage_clock_stretch
    hal_i2c_driver.o(i.hal_i2c_init) refers to hal_i2c_driver.o(i.hal_i2c_set_own_address1) for hal_i2c_set_own_address1
    hal_i2c_driver.o(i.hal_i2c_master_rx) refers to hal_i2c_driver.o(i.hal_i2c_enable_peripheral) for hal_i2c_enable_peripheral
    hal_i2c_driver.o(i.hal_i2c_master_rx) refers to hal_i2c_driver.o(i.is_bus_busy) for is_bus_busy
    hal_i2c_driver.o(i.hal_i2c_master_rx) refers to hal_i2c_driver.o(i.hal_i2c_generate_start_condition) for hal_i2c_generate_start_condition
    hal_i2c_driver.o(i.hal_i2c_master_rx) refers to hal_i2c_driver.o(i.i2c_wait_untill_sb_set) for i2c_wait_untill_sb_set
    hal_i2c_driver.o(i.hal_i2c_master_rx) refers to hal_i2c_driver.o(i.hal_i2c_send_addr_first) for hal_i2c_send_addr_first
    hal_i2c_driver.o(i.hal_i2c_master_rx) refers to hal_i2c_driver.o(i.i2c_wait_untill_addr_set) for i2c_wait_untill_addr_set
    hal_i2c_driver.o(i.hal_i2c_master_rx) refers to hal_i2c_driver.o(i.clear_addr_flag) for clear_addr_flag
    hal_i2c_driver.o(i.hal_i2c_master_rx) refers to hal_i2c_driver.o(i.hal_i2c_configure_tx_rx_interrupt) for hal_i2c_configure_tx_rx_interrupt
    hal_i2c_driver.o(i.hal_i2c_master_rx) refers to hal_i2c_driver.o(i.hal_i2c_configure_error_interrupt) for hal_i2c_configure_error_interrupt
    hal_i2c_driver.o(i.hal_i2c_master_rx) refers to hal_i2c_driver.o(i.hal_i2c_configure_evt_interrupt) for hal_i2c_configure_evt_interrupt
    hal_i2c_driver.o(i.hal_i2c_master_tx) refers to hal_i2c_driver.o(i.hal_i2c_enable_peripheral) for hal_i2c_enable_peripheral
    hal_i2c_driver.o(i.hal_i2c_master_tx) refers to hal_i2c_driver.o(i.is_bus_busy) for is_bus_busy
    hal_i2c_driver.o(i.hal_i2c_master_tx) refers to hal_i2c_driver.o(i.hal_i2c_generate_start_condition) for hal_i2c_generate_start_condition
    hal_i2c_driver.o(i.hal_i2c_master_tx) refers to hal_i2c_driver.o(i.i2c_wait_untill_sb_set) for i2c_wait_untill_sb_set
    hal_i2c_driver.o(i.hal_i2c_master_tx) refers to hal_i2c_driver.o(i.hal_i2c_send_addr_first) for hal_i2c_send_addr_first
    hal_i2c_driver.o(i.hal_i2c_master_tx) refers to hal_i2c_driver.o(i.i2c_wait_untill_addr_set) for i2c_wait_untill_addr_set
    hal_i2c_driver.o(i.hal_i2c_master_tx) refers to hal_i2c_driver.o(i.clear_addr_flag) for clear_addr_flag
    hal_i2c_driver.o(i.hal_i2c_master_tx) refers to hal_i2c_driver.o(i.hal_i2c_configure_tx_rx_interrupt) for hal_i2c_configure_tx_rx_interrupt
    hal_i2c_driver.o(i.hal_i2c_master_tx) refers to hal_i2c_driver.o(i.hal_i2c_configure_error_interrupt) for hal_i2c_configure_error_interrupt
    hal_i2c_driver.o(i.hal_i2c_master_tx) refers to hal_i2c_driver.o(i.hal_i2c_configure_evt_interrupt) for hal_i2c_configure_evt_interrupt
    hal_i2c_driver.o(i.hal_i2c_slave_rx) refers to hal_i2c_driver.o(i.hal_i2c_enable_peripheral) for hal_i2c_enable_peripheral
    hal_i2c_driver.o(i.hal_i2c_slave_rx) refers to hal_i2c_driver.o(i.hal_i2c_configure_tx_rx_interrupt) for hal_i2c_configure_tx_rx_interrupt
    hal_i2c_driver.o(i.hal_i2c_slave_rx) refers to hal_i2c_driver.o(i.hal_i2c_configure_error_interrupt) for hal_i2c_configure_error_interrupt
    hal_i2c_driver.o(i.hal_i2c_slave_rx) refers to hal_i2c_driver.o(i.hal_i2c_configure_evt_interrupt) for hal_i2c_configure_evt_interrupt
    hal_i2c_driver.o(i.hal_i2c_slave_tx) refers to hal_i2c_driver.o(i.hal_i2c_enable_peripheral) for hal_i2c_enable_peripheral
[...]
    asprintf.o(.text) refers (Special) to _printf_llo.o(.ARM.Collect$$_printf_percent$$00000010) for _printf_llo
    asprintf.o(.text) refers (Special) to _printf_llu.o(.ARM.Collect$$_printf_percent$$0000000F) for _printf_llu
    asprintf.o(.text) refers (Special) to _printf_llx.o(.ARM.Collect$$_printf_percent$$00000011) for _printf_llx
    asprintf.o(.text) refers (Special) to _printf_longlong_dec.o(.text) for _printf_longlong_dec
    asprintf.o(.text) refers (Special) to _printf_hex_int_ll_ptr.o(.text) for _printf_longlong_hex
    asprintf.o(.text) refers (Special) to _printf_oct_int_ll.o(.text) for _printf_longlong_oct
    asprintf.o(.text) refers (Special) to _printf_ls.o(.ARM.Collect$$_printf_percent$$00000016) for _printf_ls
    asprintf.o(.text) refers (Special) to _printf_n.o(.ARM.Collect$$_printf_percent$$00000001) for _printf_n
    asprintf.o(.text) refers (Special) to _printf_o.o(.ARM.Collect$$_printf_percent$$0000000B) for _printf_o
    asprintf.o(.text) refers (Special) to _printf_p.o(.ARM.Collect$$_printf_percent$$00000002) for _printf_p
    asprintf.o(.text) refers (Special) to _printf_percent.o(.ARM.Collect$$_printf_percent$$00000000) for _printf_percent
    asprintf.o(.text) refers (Special) to _printf_pad.o(.text) for _printf_post_padding
    asprintf.o(.text) refers (Special) to _printf_s.o(.ARM.Collect$$_printf_percent$$00000014) for _printf_s
    asprintf.o(.text) refers (Special) to _printf_str.o(.text) for _printf_str
    asprintf.o(.text) refers (Special) to _printf_truncate.o(.text) for _printf_truncate_signed
    asprintf.o(.text) refers (Special) to _printf_u.o(.ARM.Collect$$_printf_percent$$0000000A) for _printf_u
    asprintf.o(.text) refers (Special) to _printf_wctomb.o(.text) for _printf_wctomb
    asprintf.o(.text) refers (Special) to _printf_x.o(.ARM.Collect$$_printf_percent$$0000000C) for _printf_x
    asprintf.o(.text) refers to vsnprintf.o(.text) for vsnprintf
    asprintf.o(.text) refers to h1_alloc.o(.text) for malloc
    c89vsprintf.o(.text) refers (Special) to _printf_a.o(.ARM.Collect$$_printf_percent$$00000006) for _printf_a
    c89vsprintf.o(.text) refers (Special) to _printf_c.o(.ARM.Collect$$_printf_percent$$00000013) for _printf_c
    c89vsprintf.o(.text) refers (Special) to _printf_charcount.o(.text) for _printf_charcount
    c89vsprintf.o(.text) refers (Special) to _printf_d.o(.ARM.Collect$$_printf_percent$$00000009) for _printf_d
    c89vsprintf.o(.text) refers (Special) to _printf_e.o(.ARM.Collect$$_printf_percent$$00000004) for _printf_e
    c89vsprintf.o(.text) refers (Special) to _printf_f.o(.ARM.Collect$$_printf_percent$$00000003) for _printf_f
    c89vsprintf.o(.text) refers (Special) to printf1.o(x$fpl$printf1) for _printf_fp_dec
    c89vsprintf.o(.text) refers (Special) to _printf_g.o(.ARM.Collect$$_printf_percent$$00000005) for _printf_g
    c89vsprintf.o(.text) refers (Special) to _printf_i.o(.ARM.Collect$$_printf_percent$$00000008) for _printf_i
    c89vsprintf.o(.text) refers (Special) to _printf_dec.o(.text) for _printf_int_dec
    c89vsprintf.o(.text) refers (Special) to _printf_l.o(.ARM.Collect$$_printf_percent$$00000012) for _printf_l
    c89vsprintf.o(.text) refers (Special) to _printf_lc.o(.ARM.Collect$$_printf_percent$$00000015) for _printf_lc
    c89vsprintf.o(.text) refers (Special) to _printf_ll.o(.ARM.Collect$$_printf_percent$$00000007) for _printf_ll
    c89vsprintf.o(.text) refers (Special) to _printf_lld.o(.ARM.Collect$$_printf_percent$$0000000E) for _printf_lld
    c89vsprintf.o(.text) refers (Special) to _printf_lli.o(.ARM.Collect$$_printf_percent$$0000000D) for _printf_lli
    c89vsprintf.o(.text) refers (Special) to _printf_llo.o(.ARM.Collect$$_printf_percent$$00000010) for _printf_llo
    c89vsprintf.o(.text) refers (Special) to _printf_llu.o(.ARM.Collect$$_printf_percent$$0000000F) for _printf_llu
    c89vsprintf.o(.text) refers (Special) to _printf_llx.o(.ARM.Collect$$_printf_percent$$00000011) for _printf_llx
    c89vsprintf.o(.text) refers (Special) to _printf_longlong_dec.o(.text) for _printf_longlong_dec
    c89vsprintf.o(.text) refers (Special) to _printf_hex_int_ll_ptr.o(.text) for _printf_longlong_hex
    c89vsprintf.o(.text) refers (Special) to _printf_oct_int_ll.o(.text) for _printf_longlong_oct
    c89vsprintf.o(.text) refers (Special) to _printf_ls.o(.ARM.Collect$$_printf_percent$$00000016) for _printf_ls
    c89vsprintf.o(.text) refers (Special) to _printf_n.o(.ARM.Collect$$_printf_percent$$00000001) for _printf_n
    c89vsprintf.o(.text) refers (Special) to _printf_o.o(.ARM.Collect$$_printf_percent$$0000000B) for _printf_o
    c89vsprintf.o(.text) refers (Special) to _printf_p.o(.ARM.Collect$$_printf_percent$$00000002) for _printf_p
    c89vsprintf.o(.text) refers (Special) to _printf_percent.o(.ARM.Collect$$_printf_percent$$00000000) for _printf_percent
    c89vsprintf.o(.text) refers (Special) to _printf_pad.o(.text) for _printf_post_padding
    c89vsprintf.o(.text) refers (Special) to _printf_s.o(.ARM.Collect$$_printf_percent$$00000014) for _printf_s
    c89vsprintf.o(.text) refers (Special) to _printf_str.o(.text) for _printf_str
    c89vsprintf.o(.text) refers (Special) to _printf_truncate.o(.text) for _printf_truncate_signed
    c89vsprintf.o(.text) refers (Special) to _printf_u.o(.ARM.Collect$$_printf_percent$$0000000A) for _printf_u
    c89vsprintf.o(.text) refers (Special) to _printf_wctomb.o(.text) for _printf_wctomb
    c89vsprintf.o(.text) refers (Special) to _printf_x.o(.ARM.Collect$$_printf_percent$$0000000C) for _printf_x
    c89vsprintf.o(.text) refers to _printf_char_common.o(.text) for _printf_char_common
    c89vsprintf.o(.text) refers to _sputc.o(.text) for _sputc
    __main.o(!!!main) refers to __rtentry.o(.ARM.Collect$$rtentry$$00000000) for __rt_entry
    basic.o(x$fpl$basic) refers (Special) to usenofp.o(x$fpl$usenofp) for __I$use$fp
    d2f.o(x$fpl$d2f) refers (Special) to usenofp.o(x$fpl$usenofp) for __I$use$fp
    d2f.o(x$fpl$d2f) refers to fretinf.o(x$fpl$fretinf) for __fpl_fretinf
    d2f.o(x$fpl$d2f) refers to dnaninf.o(x$fpl$dnaninf) for __fpl_dnaninf
    daddsub_clz.o(x$fpl$dadd) refers (Special) to usenofp.o(x$fpl$usenofp) for __I$use$fp
    daddsub_clz.o(x$fpl$dadd) refers to daddsub_clz.o(x$fpl$dsub) for _dsub1
    daddsub_clz.o(x$fpl$dadd) refers to dretinf.o(x$fpl$dretinf) for __fpl_dretinf
    daddsub_clz.o(x$fpl$dadd) refers to dnaninf.o(x$fpl$dnaninf) for __fpl_dnaninf
    daddsub_clz.o(x$fpl$drsb) refers (Special) to usenofp.o(x$fpl$usenofp) for __I$use$fp
    daddsub_clz.o(x$fpl$drsb) refers to daddsub_clz.o(x$fpl$dadd) for _dadd1
    daddsub_clz.o(x$fpl$drsb) refers to daddsub_clz.o(x$fpl$dsub) for _dsub1
    daddsub_clz.o(x$fpl$dsub) refers (Special) to usenofp.o(x$fpl$usenofp) for __I$use$fp
    daddsub_clz.o(x$fpl$dsub) refers to daddsub_clz.o(x$fpl$dadd) for _dadd1
    daddsub_clz.o(x$fpl$dsub) refers to dnaninf.o(x$fpl$dnaninf) for __fpl_dnaninf
    ddiv.o(x$fpl$drdiv) refers (Special) to usenofp.o(x$fpl$usenofp) for __I$use$fp
    ddiv.o(x$fpl$drdiv) refers to ddiv.o(x$fpl$ddiv) for ddiv_entry
    ddiv.o(x$fpl$ddiv) refers (Special) to usenofp.o(x$fpl$usenofp) for __I$use$fp
    ddiv.o(x$fpl$ddiv) refers to dretinf.o(x$fpl$dretinf) for __fpl_dretinf
    ddiv.o(x$fpl$ddiv) refers to dnaninf.o(x$fpl$dnaninf) for __fpl_dnaninf
    dmul.o(x$fpl$dmul) refers (Special) to usenofp.o(x$fpl$usenofp) for __I$use$fp
    dmul.o(x$fpl$dmul) refers to dretinf.o(x$fpl$dretinf) for __fpl_dretinf
    dmul.o(x$fpl$dmul) refers to dnaninf.o(x$fpl$dnaninf) for __fpl_dnaninf
    f2d.o(x$fpl$f2d) refers (Special) to usenofp.o(x$fpl$usenofp) for __I$use$fp
    f2d.o(x$fpl$f2d) refers to fnaninf.o(x$fpl$fnaninf) for __fpl_fnaninf
    f2d.o(x$fpl$f2d) refers to dretinf.o(x$fpl$dretinf) for __fpl_dretinf
    asin.o(i.__hardfp_asin) refers (Special) to usenofp.o(x$fpl$usenofp) for __I$use$fp
    asin.o(i.__hardfp_asin) refers to dunder.o(i.__mathlib_dbl_infnan) for __mathlib_dbl_infnan
    asin.o(i.__hardfp_asin) refers to dmul.o(x$fpl$dmul) for __aeabi_dmul
    asin.o(i.__hardfp_asin) refers to daddsub_clz.o(x$fpl$dadd) for __aeabi_dadd
    asin.o(i.__hardfp_asin) refers to _rserrno.o(.text) for __set_errno
    asin.o(i.__hardfp_asin) refers to dunder.o(i.__mathlib_dbl_invalid) for __mathlib_dbl_invalid
    asin.o(i.__hardfp_asin) refers to fpclassify.o(i.__ARM_fpclassify) for __ARM_fpclassify
    asin.o(i.__hardfp_asin) refers to dunder.o(i.__mathlib_dbl_underflow) for __mathlib_dbl_underflow
    asin.o(i.__hardfp_asin) refers to poly.o(i.__kernel_poly) for __kernel_poly
    asin.o(i.__hardfp_asin) refers to ddiv.o(x$fpl$ddiv) for __aeabi_ddiv
    asin.o(i.__hardfp_asin) refers to fabs.o(i.fabs) for fabs
    asin.o(i.__hardfp_asin) refers to daddsub_clz.o(x$fpl$drsb) for __aeabi_drsub
    asin.o(i.__hardfp_asin) refers to sqrt.o(i.sqrt) for sqrt
    asin.o(i.__hardfp_asin) refers to daddsub_clz.o(x$fpl$dsub) for __aeabi_dsub
    asin.o(i.__hardfp_asin) refers to basic.o(x$fpl$basic) for __aeabi_dneg
    asin.o(i.__hardfp_asin) refers to asin.o(.constdata) for .constdata
    asin.o(i.__softfp_asin) refers (Special) to usenofp.o(x$fpl$usenofp) for __I$use$fp
    asin.o(i.__softfp_asin) refers to asin.o(i.__hardfp_asin) for __hardfp_asin
    asin.o(i.asin) refers (Special) to usenofp.o(x$fpl$usenofp) for __I$use$fp
    asin.o(i.asin) refers to asin.o(i.__hardfp_asin) for __hardfp_asin
    asin.o(.constdata) refers (Special) to usenofp.o(x$fpl$usenofp) for __I$use$fp
    asin_x.o(i.____hardfp_asin$lsc) refers (Special) to usenofp.o(x$fpl$usenofp) for __I$use$fp
    asin_x.o(i.____hardfp_asin$lsc) refers to dunder.o(i.__mathlib_dbl_infnan) for __mathlib_dbl_infnan
    asin_x.o(i.____hardfp_asin$lsc) refers to dmul.o(x$fpl$dmul) for __aeabi_dmul
    asin_x.o(i.____hardfp_asin$lsc) refers to daddsub_clz.o(x$fpl$dadd) for __aeabi_dadd
    asin_x.o(i.____hardfp_asin$lsc) refers to _rserrno.o(.text) for __set_errno
    asin_x.o(i.____hardfp_asin$lsc) refers to poly.o(i.__kernel_poly) for __kernel_poly
    asin_x.o(i.____hardfp_asin$lsc) refers to ddiv.o(x$fpl$ddiv) for __aeabi_ddiv
    asin_x.o(i.____hardfp_asin$lsc) refers to fabs.o(i.fabs) for fabs
    asin_x.o(i.____hardfp_asin$lsc) refers to daddsub_clz.o(x$fpl$drsb) for __aeabi_drsub
    asin_x.o(i.____hardfp_asin$lsc) refers to sqrt.o(i.sqrt) for sqrt
    asin_x.o(i.____hardfp_asin$lsc) refers to daddsub_clz.o(x$fpl$dsub) for __aeabi_dsub
    asin_x.o(i.____hardfp_asin$lsc) refers to basic.o(x$fpl$basic) for __aeabi_dneg
    asin_x.o(i.____hardfp_asin$lsc) refers to asin_x.o(.constdata) for .constdata
    asin_x.o(i.____softfp_asin$lsc) refers (Special) to usenofp.o(x$fpl$usenofp) for __I$use$fp
    asin_x.o(i.____softfp_asin$lsc) refers to asin_x.o(i.____hardfp_asin$lsc) for ____hardfp_asin$lsc
    asin_x.o(i.__asin$lsc) refers (Special) to usenofp.o(x$fpl$usenofp) for __I$use$fp
    asin_x.o(i.__asin$lsc) refers to asin_x.o(i.____hardfp_asin$lsc) for ____hardfp_asin$lsc
    asin_x.o(.constdata) refers (Special) to usenofp.o(x$fpl$usenofp) for __I$use$fp
    atan2.o(i.__hardfp_atan2) refers (Special) to usenofp.o(x$fpl$usenofp) for __I$use$fp
    atan2.o(i.__hardfp_atan2) refers to dunder.o(i.__mathlib_dbl_infnan2) for __mathlib_dbl_infnan2
    atan2.o(i.__hardfp_atan2) refers to atan.o(i.atan) for atan
    atan2.o(i.__hardfp_atan2) refers to basic.o(x$fpl$basic) for __aeabi_dneg
    atan2.o(i.__hardfp_atan2) refers to ddiv.o(x$fpl$ddiv) for __aeabi_ddiv
    atan2.o(i.__hardfp_atan2) refers to fabs.o(i.fabs) for fabs
    atan2.o(i.__hardfp_atan2) refers to daddsub_clz.o(x$fpl$dsub) for __aeabi_dsub
    atan2.o(i.__hardfp_atan2) refers to daddsub_clz.o(x$fpl$drsb) for __aeabi_drsub
    atan2.o(i.__hardfp_atan2) refers to qnan.o(.constdata) for __mathlib_zero
    atan2.o(i.__softfp_atan2) refers (Special) to usenofp.o(x$fpl$usenofp) for __I$use$fp
    atan2.o(i.__softfp_atan2) refers to atan2.o(i.__hardfp_atan2) for __hardfp_atan2
    atan2.o(i.atan2) refers (Special) to usenofp.o(x$fpl$usenofp) for __I$use$fp
    atan2.o(i.atan2) refers to atan2.o(i.__hardfp_atan2) for __hardfp_atan2
    atan2_x.o(i.____hardfp_atan2$lsc) refers (Special) to usenofp.o(x$fpl$usenofp) for __I$use$fp
    atan2_x.o(i.____hardfp_atan2$lsc) refers to dunder.o(i.__mathlib_dbl_infnan2) for __mathlib_dbl_infnan2
    atan2_x.o(i.____hardfp_atan2$lsc) refers to atan.o(i.atan) for atan
    atan2_x.o(i.____hardfp_atan2$lsc) refers to _rserrno.o(.text) for __set_errno
    atan2_x.o(i.____hardfp_atan2$lsc) refers to basic.o(x$fpl$basic) for __aeabi_dneg
    atan2_x.o(i.____hardfp_atan2$lsc) refers to ddiv.o(x$fpl$ddiv) for __aeabi_ddiv
    atan2_x.o(i.____hardfp_atan2$lsc) refers to fabs.o(i.fabs) for fabs
    atan2_x.o(i.____hardfp_atan2$lsc) refers to daddsub_clz.o(x$fpl$dsub) for __aeabi_dsub
    atan2_x.o(i.____hardfp_atan2$lsc) refers to daddsub_clz.o(x$fpl$drsb) for __aeabi_drsub
    atan2_x.o(i.____hardfp_atan2$lsc) refers to qnan.o(.constdata) for __mathlib_zero
    atan2_x.o(i.____softfp_atan2$lsc) refers (Special) to usenofp.o(x$fpl$usenofp) for __I$use$fp
    atan2_x.o(i.____softfp_atan2$lsc) refers to atan2_x.o(i.____hardfp_atan2$lsc) for ____hardfp_atan2$lsc
    atan2_x.o(i.__atan2$lsc) refers (Special) to usenofp.o(x$fpl$usenofp) for __I$use$fp
    atan2_x.o(i.__atan2$lsc) refers to atan2_x.o(i.____hardfp_atan2$lsc) for ____hardfp_atan2$lsc
    pow.o(i.__hardfp_pow) refers (Special) to usenofp.o(x$fpl$usenofp) for __I$use$fp
    pow.o(i.__hardfp_pow) refers to dunder.o(i.__mathlib_dbl_infnan2) for __mathlib_dbl_infnan2
    pow.o(i.__hardfp_pow) refers to _rserrno.o(.text) for __set_errno
    pow.o(i.__hardfp_pow) refers to dunder.o(i.__mathlib_dbl_divzero) for __mathlib_dbl_divzero
    pow.o(i.__hardfp_pow) refers to basic.o(x$fpl$basic) for __aeabi_dneg
    pow.o(i.__hardfp_pow) refers to dunder.o(i.__mathlib_dbl_overflow) for __mathlib_dbl_overflow
    pow.o(i.__hardfp_pow) refers to ddiv.o(x$fpl$ddiv) for __aeabi_ddiv
    pow.o(i.__hardfp_pow) refers to sqrt.o(i.sqrt) for sqrt
    pow.o(i.__hardfp_pow) refers to fabs.o(i.fabs) for fabs
    pow.o(i.__hardfp_pow) refers to dflt_clz.o(x$fpl$dflt) for __aeabi_i2d
    pow.o(i.__hardfp_pow) refers to dunder.o(i.__mathlib_dbl_invalid) for __mathlib_dbl_invalid
    pow.o(i.__hardfp_pow) refers to dmul.o(x$fpl$dmul) for __aeabi_dmul
    pow.o(i.__hardfp_pow) refers to dunder.o(i.__mathlib_dbl_underflow) for __mathlib_dbl_underflow
    pow.o(i.__hardfp_pow) refers to daddsub_clz.o(x$fpl$dsub) for __aeabi_dsub
    pow.o(i.__hardfp_pow) refers to daddsub_clz.o(x$fpl$drsb) for __aeabi_drsub
    pow.o(i.__hardfp_pow) refers to qnan.o(.constdata) for __mathlib_zero
    pow.o(i.__hardfp_pow) refers to daddsub_clz.o(x$fpl$dadd) for __aeabi_dadd
    pow.o(i.__hardfp_pow) refers to poly.o(i.__kernel_poly) for __kernel_poly
    pow.o(i.__hardfp_pow) refers to pow.o(.constdata) for .constdata
    pow.o(i.__hardfp_pow) refers to drleqf.o(x$fpl$drleqf) for __aeabi_cdrcmple
    pow.o(i.__hardfp_pow) refers to scalbn.o(x$fpl$scalbn) for __ARM_scalbn
    pow.o(i.__hardfp_pow) refers to fpclassify.o(i.__ARM_fpclassify) for __ARM_fpclassify
    pow.o(i.__softfp_pow) refers (Special) to usenofp.o(x$fpl$usenofp) for __I$use$fp
    pow.o(i.__softfp_pow) refers to pow.o(i.__hardfp_pow) for __hardfp_pow
    pow.o(i.pow) refers (Special) to usenofp.o(x$fpl$usenofp) for __I$use$fp
    pow.o(i.pow) refers to pow.o(i.__hardfp_pow) for __hardfp_pow
    pow.o(.constdata) refers (Special) to usenofp.o(x$fpl$usenofp) for __I$use$fp
    pow_x.o(i.____hardfp_pow$lsc) refers (Special) to usenofp.o(x$fpl$usenofp) for __I$use$fp
    pow_x.o(i.____hardfp_pow$lsc) refers to dunder.o(i.__mathlib_dbl_infnan2) for __mathlib_dbl_infnan2
    pow_x.o(i.____hardfp_pow$lsc) refers to _rserrno.o(.text) for __set_errno
    pow_x.o(i.____hardfp_pow$lsc) refers to basic.o(x$fpl$basic) for __aeabi_dneg
    pow_x.o(i.____hardfp_pow$lsc) refers to ddiv.o(x$fpl$ddiv) for __aeabi_ddiv
    pow_x.o(i.____hardfp_pow$lsc) refers to sqrt.o(i.sqrt) for sqrt
    pow_x.o(i.____hardfp_pow$lsc) refers to fabs.o(i.fabs) for fabs
    pow_x.o(i.____hardfp_pow$lsc) refers to dflt_clz.o(x$fpl$dflt) for __aeabi_i2d
    pow_x.o(i.____hardfp_pow$lsc) refers to dmul.o(x$fpl$dmul) for __aeabi_dmul
    pow_x.o(i.____hardfp_pow$lsc) refers to daddsub_clz.o(x$fpl$dsub) for __aeabi_dsub
    pow_x.o(i.____hardfp_pow$lsc) refers to daddsub_clz.o(x$fpl$drsb) for __aeabi_drsub
    pow_x.o(i.____hardfp_pow$lsc) refers to qnan.o(.constdata) for __mathlib_zero
    pow_x.o(i.____hardfp_pow$lsc) refers to daddsub_clz.o(x$fpl$dadd) for __aeabi_dadd
    pow_x.o(i.____hardfp_pow$lsc) refers to poly.o(i.__kernel_poly) for __kernel_poly
    pow_x.o(i.____hardfp_pow$lsc) refers to pow_x.o(.constdata) for .constdata
    pow_x.o(i.____hardfp_pow$lsc) refers to drleqf.o(x$fpl$drleqf) for __aeabi_cdrcmple
    pow_x.o(i.____hardfp_pow$lsc) refers to scalbn.o(x$fpl$scalbn) for __ARM_scalbn
    pow_x.o(i.____softfp_pow$lsc) refers (Special) to usenofp.o(x$fpl$usenofp) for __I$use$fp
    pow_x.o(i.____softfp_pow$lsc) refers to pow_x.o(i.____hardfp_pow$lsc) for ____hardfp_pow$lsc
    pow_x.o(i.__pow$lsc) refers (Special) to usenofp.o(x$fpl$usenofp) for __I$use$fp
    pow_x.o(i.__pow$lsc) refers to pow_x.o(i.____hardfp_pow$lsc) for ____hardfp_pow$lsc
    pow_x.o(.constdata) refers (Special) to usenofp.o(x$fpl$usenofp) for __I$use$fp
    sqrt.o(i.__hardfp_sqrt) refers (Special) to usenofp.o(x$fpl$usenofp) for __I$use$fp
    sqrt.o(i.__hardfp_sqrt) refers to dsqrt_umaal.o(x$fpl$dsqrt) for _dsqrt
    sqrt.o(i.__hardfp_sqrt) refers to _rserrno.o(.text) for __set_errno
    sqrt.o(i.__softfp_sqrt) refers (Special) to usenofp.o(x$fpl$usenofp) for __I$use$fp
    sqrt.o(i.__softfp_sqrt) refers to dsqrt_umaal.o(x$fpl$dsqrt) for _dsqrt
    sqrt.o(i.__softfp_sqrt) refers to _rserrno.o(.text) for __set_errno
    sqrt.o(i.sqrt) refers (Special) to usenofp.o(x$fpl$usenofp) for __I$use$fp
    sqrt.o(i.sqrt) refers to dsqrt_umaal.o(x$fpl$dsqrt) for _dsqrt
    sqrt.o(i.sqrt) refers to _rserrno.o(.text) for __set_errno
    sqrt_x.o(i.____hardfp_sqrt$lsc) refers (Special) to usenofp.o(x$fpl$usenofp) for __I$use$fp
    sqrt_x.o(i.____hardfp_sqrt$lsc) refers to dleqf.o(x$fpl$dleqf) for __aeabi_cdcmple
    sqrt_x.o(i.____hardfp_sqrt$lsc) refers to _rserrno.o(.text) for __set_errno
    sqrt_x.o(i.____hardfp_sqrt$lsc) refers to dsqrt_umaal.o(x$fpl$dsqrt) for _dsqrt
    sqrt_x.o(i.____softfp_sqrt$lsc) refers (Special) to usenofp.o(x$fpl$usenofp) for __I$use$fp
    sqrt_x.o(i.____softfp_sqrt$lsc) refers to dleqf.o(x$fpl$dleqf) for __aeabi_cdcmple
    sqrt_x.o(i.____softfp_sqrt$lsc) refers to _rserrno.o(.text) for __set_errno
    sqrt_x.o(i.____softfp_sqrt$lsc) refers to dsqrt_umaal.o(x$fpl$dsqrt) for _dsqrt
    sqrt_x.o(i.__sqrt$lsc) refers (Special) to usenofp.o(x$fpl$usenofp) for __I$use$fp
    sqrt_x.o(i.__sqrt$lsc) refers to dleqf.o(x$fpl$dleqf) for __aeabi_cdcmple
    sqrt_x.o(i.__sqrt$lsc) refers to _rserrno.o(.text) for __set_errno
    sqrt_x.o(i.__sqrt$lsc) refers to dsqrt_umaal.o(x$fpl$dsqrt) for _dsqrt
    sqrtf.o(i.__hardfp_sqrtf) refers (Special) to usenofp.o(x$fpl$usenofp) for __I$use$fp
    sqrtf.o(i.__hardfp_sqrtf) refers to _rserrno.o(.text) for __set_errno
    sqrtf.o(i.__softfp_sqrtf) refers (Special) to usenofp.o(x$fpl$usenofp) for __I$use$fp
    sqrtf.o(i.__softfp_sqrtf) refers to _rserrno.o(.text) for __set_errno
    sqrtf.o(i.sqrtf) refers (Special) to usenofp.o(x$fpl$usenofp) for __I$use$fp
    sqrtf.o(i.sqrtf) refers to _rserrno.o(.text) for __set_errno
    sqrtf_x.o(i.____hardfp_sqrtf$lsc) refers (Special) to usenofp.o(x$fpl$usenofp) for __I$use$fp
    sqrtf_x.o(i.____hardfp_sqrtf$lsc) refers to _rserrno.o(.text) for __set_errno
    sqrtf_x.o(i.____softfp_sqrtf$lsc) refers (Special) to usenofp.o(x$fpl$usenofp) for __I$use$fp
    sqrtf_x.o(i.____softfp_sqrtf$lsc) refers to _rserrno.o(.text) for __set_errno
    sqrtf_x.o(i.__sqrtf$lsc) refers (Special) to usenofp.o(x$fpl$usenofp) for __I$use$fp
    sqrtf_x.o(i.__sqrtf$lsc) refers to _rserrno.o(.text) for __set_errno
    __rtentry.o(.ARM.Collect$$rtentry$$00000000) refers (Special) to __rtentry2.o(.ARM.Collect$$rtentry$$0000000A) for __rt_entry_li
    __rtentry.o(.ARM.Collect$$rtentry$$00000000) refers (Special) to __rtentry2.o(.ARM.Collect$$rtentry$$0000000D) for __rt_entry_main
    __rtentry.o(.ARM.Collect$$rtentry$$00000000) refers (Special) to __rtentry2.o(.ARM.Collect$$rtentry$$0000000C) for __rt_entry_postli_1
    __rtentry.o(.ARM.Collect$$rtentry$$00000000) refers (Special) to __rtentry2.o(.ARM.Collect$$rtentry$$00000009) for __rt_entry_postsh_1
    __rtentry.o(.ARM.Collect$$rtentry$$00000000) refers (Special) to __rtentry2.o(.ARM.Collect$$rtentry$$00000002) for __rt_entry_presh_1
    __rtentry.o(.ARM.Collect$$rtentry$$00000000) refers (Special) to __rtentry4.o(.ARM.Collect$$rtentry$$00000004) for __rt_entry_sh
    rt_heap_descriptor.o(.text) refers to rt_heap_descriptor.o(.bss) for __rt_heap_descriptor_data
    rt_heap_descriptor_intlibspace.o(.text) refers to libspace.o(.bss) for __libspace_start
    init_alloc.o(.text) refers (Special) to hguard.o(.text) for __heap$guard
    init_alloc.o(.text) refers (Special) to libinit2.o(.ARM.Collect$$libinit$$00000005) for __rt_lib_init_heap_2
    init_alloc.o(.text) refers (Special) to maybetermalloc1.o(.emb_text) for _maybe_terminate_alloc
    init_alloc.o(.text) refers to h1_extend.o(.text) for __Heap_ProvideMemory
    init_alloc.o(.text) refers to defsig_rtmem_outer.o(.text) for __rt_SIGRTMEM
    init_alloc.o(.text) refers to rt_heap_descriptor_intlibspace.o(.text) for __rt_heap_descriptor
    init_alloc.o(.text) refers to h1_init.o(.text) for __Heap_Initialize
    malloc.o(.text) refers (Special) to hguard.o(.text) for __heap$guard
    malloc.o(.text) refers (Special) to init_alloc.o(.text) for _init_alloc
    malloc.o(.text) refers to rt_heap_descriptor_intlibspace.o(.text) for __rt_heap_descriptor
    malloc.o(.text) refers to heapstubs.o(.text) for __Heap_Alloc
    h1_alloc.o(.text) refers (Special) to h1_init.o(.text) for __Heap_Initialize
    h1_alloc.o(.text) refers to rt_heap_descriptor_intlibspace.o(.text) for __rt_heap_descriptor
    h1_alloc.o(.text) refers to init_alloc.o(.text) for __Heap_Full
    h1_alloc_mt.o(.text) refers (Special) to h1_init.o(.text) for __Heap_Initialize
    h1_alloc_mt.o(.text) refers to init_alloc.o(.text) for __Heap_Full
    h1_alloc_mt.o(.text) refers to rt_heap_descriptor_intlibspace.o(.text) for __rt_heap_descriptor
    _rserrno.o(.text) refers to rt_errno_addr_intlibspace.o(.text) for __aeabi_errno_addr
    vsnprintf.o(.text) refers (Special) to _printf_a.o(.ARM.Collect$$_printf_percent$$00000006) for _printf_a
    vsnprintf.o(.text) refers (Special) to _printf_c.o(.ARM.Collect$$_printf_percent$$00000013) for _printf_c
    vsnprintf.o(.text) refers (Special) to _printf_charcount.o(.text) for _printf_charcount
    vsnprintf.o(.text) refers (Special) to _printf_d.o(.ARM.Collect$$_printf_percent$$00000009) for _printf_d
    vsnprintf.o(.text) refers (Special) to _printf_e.o(.ARM.Collect$$_printf_percent$$00000004) for _printf_e
    vsnprintf.o(.text) refers (Special) to _printf_f.o(.ARM.Collect$$_printf_percent$$00000003) for _printf_f
    vsnprintf.o(.text) refers (Special) to printf1.o(x$fpl$printf1) for _printf_fp_dec
    vsnprintf.o(.text) refers (Special) to printf2.o(x$fpl$printf2) for _printf_fp_hex
    vsnprintf.o(.text) refers (Special) to _printf_g.o(.ARM.Collect$$_printf_percent$$00000005) for _printf_g
    vsnprintf.o(.text) refers (Special) to _printf_i.o(.ARM.Collect$$_printf_percent$$00000008) for _printf_i
    vsnprintf.o(.text) refers (Special) to _printf_dec.o(.text) for _printf_int_dec
    vsnprintf.o(.text) refers (Special) to _printf_l.o(.ARM.Collect$$_printf_percent$$00000012) for _printf_l
    vsnprintf.o(.text) refers (Special) to _printf_lc.o(.ARM.Collect$$_printf_percent$$00000015) for _printf_lc
    vsnprintf.o(.text) refers (Special) to _printf_ll.o(.ARM.Collect$$_printf_percent$$00000007) for _printf_ll
    vsnprintf.o(.text) refers (Special) to _printf_lld.o(.ARM.Collect$$_printf_percent$$0000000E) for _printf_lld
    vsnprintf.o(.text) refers (Special) to _printf_lli.o(.ARM.Collect$$_printf_percent$$0000000D) for _printf_lli
    vsnprintf.o(.text) refers (Special) to _printf_llo.o(.ARM.Collect$$_printf_percent$$00000010) for _printf_llo
    vsnprintf.o(.text) refers (Special) to _printf_llu.o(.ARM.Collect$$_printf_percent$$0000000F) for _printf_llu
    vsnprintf.o(.text) refers (Special) to _printf_llx.o(.ARM.Collect$$_printf_percent$$00000011) for _printf_llx
    vsnprintf.o(.text) refers (Special) to _printf_longlong_dec.o(.text) for _printf_longlong_dec
    vsnprintf.o(.text) refers (Special) to _printf_hex_int_ll_ptr.o(.text) for _printf_longlong_hex
    vsnprintf.o(.text) refers (Special) to _printf_oct_int_ll.o(.text) for _printf_longlong_oct
    vsnprintf.o(.text) refers (Special) to _printf_ls.o(.ARM.Collect$$_printf_percent$$00000016) for _printf_ls
    vsnprintf.o(.text) refers (Special) to _printf_n.o(.ARM.Collect$$_printf_percent$$00000001) for _printf_n
    vsnprintf.o(.text) refers (Special) to _printf_o.o(.ARM.Collect$$_printf_percent$$0000000B) for _printf_o
    vsnprintf.o(.text) refers (Special) to _printf_p.o(.ARM.Collect$$_printf_percent$$00000002) for _printf_p
    vsnprintf.o(.text) refers (Special) to _printf_percent.o(.ARM.Collect$$_printf_percent$$00000000) for _printf_percent
    vsnprintf.o(.text) refers (Special) to _printf_pad.o(.text) for _printf_post_padding
    vsnprintf.o(.text) refers (Special) to _printf_s.o(.ARM.Collect$$_printf_percent$$00000014) for _printf_s
    vsnprintf.o(.text) refers (Special) to _printf_str.o(.text) for _printf_str
    vsnprintf.o(.text) refers (Special) to _printf_truncate.o(.text) for _printf_truncate_signed
    vsnprintf.o(.text) refers (Special) to _printf_u.o(.ARM.Collect$$_printf_percent$$0000000A) for _printf_u
    vsnprintf.o(.text) refers (Special) to _printf_wctomb.o(.text) for _printf_wctomb
    vsnprintf.o(.text) refers (Special) to _printf_x.o(.ARM.Collect$$_printf_percent$$0000000C) for _printf_x
    vsnprintf.o(.text) refers to _printf_char_common.o(.text) for _printf_char_common
    vsnprintf.o(.text) refers to _sputc.o(.text) for _sputc
    vsnprintf.o(.text) refers to _snputc.o(.text) for _snputc
    __printf.o(.text) refers to _printf_percent.o(.ARM.Collect$$_printf_percent$$00000000) for _printf_percent
    _printf_str.o(.text) refers (Special) to _printf_char.o(.text) for _printf_cs_common
    _printf_str.o(.text) refers (Weak) to _printf_pad.o(.text) for _printf_pre_padding
    _printf_str.o(.text) refers (Weak) to _printf_pad.o(.text) for _printf_post_padding
    _printf_dec.o(.text) refers (Weak) to _printf_truncate.o(.text) for _printf_truncate_signed
    _printf_dec.o(.text) refers (Weak) to _printf_truncate.o(.text) for _printf_truncate_unsigned
    _printf_dec.o(.text) refers to _printf_intcommon.o(.text) for _printf_int_common
    _printf_char_common.o(.text) refers to __printf_flags_ss_wp.o(.text) for __printf
    _printf_wctomb.o(.text) refers (Special) to _printf_wchar.o(.text) for _printf_lcs_common
    _printf_wctomb.o(.text) refers to _wcrtomb.o(.text) for _wcrtomb
    _printf_wctomb.o(.text) refers (Weak) to _printf_pad.o(.text) for _printf_pre_padding
    _printf_wctomb.o(.text) refers (Weak) to _printf_pad.o(.text) for _printf_post_padding
    _printf_wctomb.o(.text) refers to _printf_wctomb.o(.constdata) for .constdata
    _printf_wctomb.o(.constdata) refers (Special) to _printf_wchar.o(.text) for _printf_lcs_common
    _printf_longlong_dec.o(.text) refers to lludiv10.o(.text) for _ll_udiv10
    _printf_longlong_dec.o(.text) refers to _printf_intcommon.o(.text) for _printf_int_common
    _printf_oct_ll.o(.text) refers to _printf_intcommon.o(.text) for _printf_int_common
    _printf_oct_int.o(.text) refers (Weak) to _printf_truncate.o(.text) for _printf_truncate_unsigned
    _printf_oct_int.o(.text) refers to _printf_intcommon.o(.text) for _printf_int_common
    _printf_oct_int_ll.o(.text) refers to _printf_intcommon.o(.text) for _printf_int_common
    _printf_oct_int_ll.o(.text) refers (Weak) to _printf_truncate.o(.text) for _printf_truncate_unsigned
    _printf_hex_ll.o(.text) refers to _printf_intcommon.o(.text) for _printf_int_common
    _printf_hex_ll.o(.text) refers to _printf_hex_ll.o(.constdata) for .constdata
    _printf_hex_int.o(.text) refers (Weak) to _printf_truncate.o(.text) for _printf_truncate_unsigned
    _printf_hex_int.o(.text) refers to _printf_intcommon.o(.text) for _printf_int_common
    _printf_hex_int.o(.text) refers to _printf_hex_int.o(.constdata) for .constdata
    _printf_hex_int_ll.o(.text) refers to _printf_intcommon.o(.text) for _printf_int_common
    _printf_hex_int_ll.o(.text) refers (Weak) to _printf_truncate.o(.text) for _printf_truncate_unsigned
    _printf_hex_int_ll.o(.text) refers to _printf_hex_int_ll.o(.constdata) for .constdata
    _printf_hex_ptr.o(.text) refers to _printf_intcommon.o(.text) for _printf_int_common
    _printf_hex_ptr.o(.text) refers to _printf_hex_ptr.o(.constdata) for .constdata
    _printf_hex_int_ptr.o(.text) refers to _printf_intcommon.o(.text) for _printf_int_common
    _printf_hex_int_ptr.o(.text) refers (Weak) to _printf_truncate.o(.text) for _printf_truncate_unsigned
    _printf_hex_int_ptr.o(.text) refers to _printf_hex_int_ptr.o(.constdata) for .constdata
    _printf_hex_ll_ptr.o(.text) refers to _printf_intcommon.o(.text) for _printf_int_common
    _printf_hex_ll_ptr.o(.text) refers to _printf_hex_ll_ptr.o(.constdata) for .constdata
    _printf_hex_int_ll_ptr.o(.text) refers to _printf_intcommon.o(.text) for _printf_int_common
    _printf_hex_int_ll_ptr.o(.text) refers (Weak) to _printf_truncate.o(.text) for _printf_truncate_unsigned
    _printf_hex_int_ll_ptr.o(.text) refers to _printf_hex_int_ll_ptr.o(.constdata) for .constdata
    __printf_flags.o(.text) refers to _printf_percent.o(.ARM.Collect$$_printf_percent$$00000000) for _printf_percent
    __printf_flags.o(.text) refers to __printf_flags.o(.constdata) for .constdata
    __printf_ss.o(.text) refers to _printf_percent.o(.ARM.Collect$$_printf_percent$$00000000) for _printf_percent
    __printf_flags_ss.o(.text) refers to _printf_percent.o(.ARM.Collect$$_printf_percent$$00000000) for _printf_percent
    __printf_flags_ss.o(.text) refers to __printf_flags_ss.o(.constdata) for .constdata
    __printf_wp.o(.text) refers to __printf_wp.o(i._is_digit) for _is_digit
    __printf_wp.o(.text) refers to _printf_percent.o(.ARM.Collect$$_printf_percent$$00000000) for _printf_percent
    __printf_flags_wp.o(.text) refers to __printf_wp.o(i._is_digit) for _is_digit
    __printf_flags_wp.o(.text) refers to _printf_percent.o(.ARM.Collect$$_printf_percent$$00000000) for _printf_percent
    __printf_flags_wp.o(.text) refers to __printf_flags_wp.o(.constdata) for .constdata
    __printf_ss_wp.o(.text) refers to __printf_wp.o(i._is_digit) for _is_digit
    __printf_ss_wp.o(.text) refers to _printf_percent.o(.ARM.Collect$$_printf_percent$$00000000) for _printf_percent
    __printf_flags_ss_wp.o(.text) refers to __printf_wp.o(i._is_digit) for _is_digit
    __printf_flags_ss_wp.o(.text) refers to _printf_percent.o(.ARM.Collect$$_printf_percent$$00000000) for _printf_percent
    __printf_flags_ss_wp.o(.text) refers to __printf_flags_ss_wp.o(.constdata) for .constdata
    _printf_c.o(.ARM.Collect$$_printf_percent$$00000013) refers (Weak) to _printf_char.o(.text) for _printf_char
    _printf_s.o(.ARM.Collect$$_printf_percent$$00000014) refers (Weak) to _printf_char.o(.text) for _printf_string
    _printf_n.o(.ARM.Collect$$_printf_percent$$00000001) refers (Weak) to _printf_charcount.o(.text) for _printf_charcount
    _printf_x.o(.ARM.Collect$$_printf_percent$$0000000C) refers (Weak) to _printf_hex_int_ll_ptr.o(.text) for _printf_int_hex
    _printf_p.o(.ARM.Collect$$_printf_percent$$00000002) refers (Weak) to _printf_hex_int_ll_ptr.o(.text) for _printf_hex_ptr
    _printf_o.o(.ARM.Collect$$_printf_percent$$0000000B) refers (Weak) to _printf_oct_int_ll.o(.text) for _printf_int_oct
    _printf_i.o(.ARM.Collect$$_printf_percent$$00000008) refers (Weak) to _printf_dec.o(.text) for _printf_int_dec
    _printf_d.o(.ARM.Collect$$_printf_percent$$00000009) refers (Weak) to _printf_dec.o(.text) for _printf_int_dec
    _printf_u.o(.ARM.Collect$$_printf_percent$$0000000A) refers (Weak) to _printf_dec.o(.text) for _printf_int_dec
    _printf_f.o(.ARM.Collect$$_printf_percent$$00000003) refers (Weak) to printf1.o(x$fpl$printf1) for _printf_fp_dec
    _printf_e.o(.ARM.Collect$$_printf_percent$$00000004) refers (Weak) to printf1.o(x$fpl$printf1) for _printf_fp_dec
    _printf_g.o(.ARM.Collect$$_printf_percent$$00000005) refers (Weak) to printf1.o(x$fpl$printf1) for _printf_fp_dec
    _printf_a.o(.ARM.Collect$$_printf_percent$$00000006) refers (Weak) to printf2.o(x$fpl$printf2) for _printf_fp_hex
    _printf_percent.o(.ARM.Collect$$_printf_percent$$00000000) refers (Special) to _printf_percent_end.o(.ARM.Collect$$_printf_percent$$00000017) for _printf_percent_end
    _printf_lli.o(.ARM.Collect$$_printf_percent$$0000000D) refers (Special) to _printf_ll.o(.ARM.Collect$$_printf_percent$$00000007) for _printf_ll
    _printf_lli.o(.ARM.Collect$$_printf_percent$$0000000D) refers (Weak) to _printf_longlong_dec.o(.text) for _printf_longlong_dec
    _printf_lld.o(.ARM.Collect$$_printf_percent$$0000000E) refers (Special) to _printf_ll.o(.ARM.Collect$$_printf_percent$$00000007) for _printf_ll
    _printf_lld.o(.ARM.Collect$$_printf_percent$$0000000E) refers (Weak) to _printf_longlong_dec.o(.text) for _printf_longlong_dec
    _printf_llu.o(.ARM.Collect$$_printf_percent$$0000000F) refers (Special) to _printf_ll.o(.ARM.Collect$$_printf_percent$$00000007) for _printf_ll
    _printf_llu.o(.ARM.Collect$$_printf_percent$$0000000F) refers (Weak) to _printf_longlong_dec.o(.text) for _printf_longlong_dec
    _printf_lc.o(.ARM.Collect$$_printf_percent$$00000015) refers (Special) to _printf_l.o(.ARM.Collect$$_printf_percent$$00000012) for _printf_l
    _printf_lc.o(.ARM.Collect$$_printf_percent$$00000015) refers (Weak) to _printf_wchar.o(.text) for _printf_wchar
    _printf_ls.o(.ARM.Collect$$_printf_percent$$00000016) refers (Special) to _printf_l.o(.ARM.Collect$$_printf_percent$$00000012) for _printf_l
    _printf_ls.o(.ARM.Collect$$_printf_percent$$00000016) refers (Weak) to _printf_wchar.o(.text) for _printf_wstring
    _printf_llo.o(.ARM.Collect$$_printf_percent$$00000010) refers (Special) to _printf_ll.o(.ARM.Collect$$_printf_percent$$00000007) for _printf_ll
    _printf_llo.o(.ARM.Collect$$_printf_percent$$00000010) refers (Weak) to _printf_oct_int_ll.o(.text) for _printf_ll_oct
    _printf_llx.o(.ARM.Collect$$_printf_percent$$00000011) refers (Special) to _printf_ll.o(.ARM.Collect$$_printf_percent$$00000007) for _printf_ll
    _printf_llx.o(.ARM.Collect$$_printf_percent$$00000011) refers (Weak) to _printf_hex_int_ll_ptr.o(.text) for _printf_ll_hex
    dflt_clz.o(x$fpl$dfltu) refers (Special) to usenofp.o(x$fpl$usenofp) for __I$use$fp
    dflt_clz.o(x$fpl$dflt) refers (Special) to usenofp.o(x$fpl$usenofp) for __I$use$fp
    dflt_clz.o(x$fpl$dfltn) refers (Special) to usenofp.o(x$fpl$usenofp) for __I$use$fp
    dleqf.o(x$fpl$dleqf) refers (Special) to usenofp.o(x$fpl$usenofp) for __I$use$fp
    dleqf.o(x$fpl$dleqf) refers to dnaninf.o(x$fpl$dnaninf) for __fpl_dnaninf
    dleqf.o(x$fpl$dleqf) refers to dcmpi.o(x$fpl$dcmpinf) for __fpl_dcmp_Inf
    dnaninf.o(x$fpl$dnaninf) refers (Special) to usenofp.o(x$fpl$usenofp) for __I$use$fp
    dretinf.o(x$fpl$dretinf) refers (Special) to usenofp.o(x$fpl$usenofp) for __I$use$fp
    drleqf.o(x$fpl$drleqf) refers (Special) to usenofp.o(x$fpl$usenofp) for __I$use$fp
    drleqf.o(x$fpl$drleqf) refers to dleqf.o(x$fpl$dleqf) for __fpl_dcmple_InfNaN
    dsqrt_umaal.o(x$fpl$dsqrt) refers (Special) to usenofp.o(x$fpl$usenofp) for __I$use$fp
    dsqrt_umaal.o(x$fpl$dsqrt) refers to dnaninf.o(x$fpl$dnaninf) for __fpl_dnaninf
    fnaninf.o(x$fpl$fnaninf) refers (Special) to usenofp.o(x$fpl$usenofp) for __I$use$fp
    fretinf.o(x$fpl$fretinf) refers (Special) to usenofp.o(x$fpl$usenofp) for __I$use$fp
    printf1.o(x$fpl$printf1) refers to _printf_fp_dec.o(.text) for _printf_fp_dec_real
    printf2.o(x$fpl$printf2) refers to _printf_fp_hex.o(.text) for _printf_fp_hex_real
    printf2b.o(x$fpl$printf2) refers to _printf_fp_hex.o(.text) for _printf_fp_hex_real
    scalbn.o(x$fpl$scalbn) refers (Special) to usenofp.o(x$fpl$usenofp) for __I$use$fp
    scalbn.o(x$fpl$scalbn) refers to dcheck1.o(x$fpl$dcheck1) for __fpl_dcheck_NaN1
    atan.o(i.__hardfp_atan) refers (Special) to usenofp.o(x$fpl$usenofp) for __I$use$fp
    atan.o(i.__hardfp_atan) refers to dunder.o(i.__mathlib_dbl_infnan) for __mathlib_dbl_infnan
    atan.o(i.__hardfp_atan) refers to fpclassify.o(i.__ARM_fpclassify) for __ARM_fpclassify
    atan.o(i.__hardfp_atan) refers to dunder.o(i.__mathlib_dbl_underflow) for __mathlib_dbl_underflow
    atan.o(i.__hardfp_atan) refers to fabs.o(i.fabs) for fabs
    atan.o(i.__hardfp_atan) refers to daddsub_clz.o(x$fpl$dadd) for __aeabi_dadd
    atan.o(i.__hardfp_atan) refers to dmul.o(x$fpl$dmul) for __aeabi_dmul
    atan.o(i.__hardfp_atan) refers to daddsub_clz.o(x$fpl$dsub) for __aeabi_dsub
    atan.o(i.__hardfp_atan) refers to ddiv.o(x$fpl$ddiv) for __aeabi_ddiv
    atan.o(i.__hardfp_atan) refers to poly.o(i.__kernel_poly) for __kernel_poly
    atan.o(i.__hardfp_atan) refers to daddsub_clz.o(x$fpl$drsb) for __aeabi_drsub
    atan.o(i.__hardfp_atan) refers to basic.o(x$fpl$basic) for __aeabi_dneg
    atan.o(i.__hardfp_atan) refers to atan.o(.constdata) for .constdata
    atan.o(i.__softfp_atan) refers (Special) to usenofp.o(x$fpl$usenofp) for __I$use$fp
    atan.o(i.__softfp_atan) refers to atan.o(i.__hardfp_atan) for __hardfp_atan
    atan.o(i.atan) refers (Special) to usenofp.o(x$fpl$usenofp) for __I$use$fp
    atan.o(i.atan) refers to atan.o(i.__hardfp_atan) for __hardfp_atan
    atan.o(.constdata) refers (Special) to usenofp.o(x$fpl$usenofp) for __I$use$fp
    atan_x.o(i.____hardfp_atan$lsc) refers (Special) to usenofp.o(x$fpl$usenofp) for __I$use$fp
    atan_x.o(i.____hardfp_atan$lsc) refers to dunder.o(i.__mathlib_dbl_infnan) for __mathlib_dbl_infnan
    atan_x.o(i.____hardfp_atan$lsc) refers to fabs.o(i.fabs) for fabs
    atan_x.o(i.____hardfp_atan$lsc) refers to daddsub_clz.o(x$fpl$dadd) for __aeabi_dadd
    atan_x.o(i.____hardfp_atan$lsc) refers to dmul.o(x$fpl$dmul) for __aeabi_dmul
    atan_x.o(i.____hardfp_atan$lsc) refers to daddsub_clz.o(x$fpl$dsub) for __aeabi_dsub
    atan_x.o(i.____hardfp_atan$lsc) refers to ddiv.o(x$fpl$ddiv) for __aeabi_ddiv
    atan_x.o(i.____hardfp_atan$lsc) refers to poly.o(i.__kernel_poly) for __kernel_poly
    atan_x.o(i.____hardfp_atan$lsc) refers to daddsub_clz.o(x$fpl$drsb) for __aeabi_drsub
    atan_x.o(i.____hardfp_atan$lsc) refers to basic.o(x$fpl$basic) for __aeabi_dneg
    atan_x.o(i.____hardfp_atan$lsc) refers to atan_x.o(.constdata) for .constdata
    atan_x.o(i.____softfp_atan$lsc) refers (Special) to usenofp.o(x$fpl$usenofp) for __I$use$fp
    atan_x.o(i.____softfp_atan$lsc) refers to atan_x.o(i.____hardfp_atan$lsc) for ____hardfp_atan$lsc
    atan_x.o(i.__atan$lsc) refers (Special) to usenofp.o(x$fpl$usenofp) for __I$use$fp
    atan_x.o(i.__atan$lsc) refers to atan_x.o(i.____hardfp_atan$lsc) for ____hardfp_atan$lsc
    atan_x.o(.constdata) refers (Special) to usenofp.o(x$fpl$usenofp) for __I$use$fp
    dunder.o(i.__mathlib_dbl_divzero) refers to ddiv.o(x$fpl$ddiv) for __aeabi_ddiv
    dunder.o(i.__mathlib_dbl_infnan) refers to daddsub_clz.o(x$fpl$dadd) for __aeabi_dadd
    dunder.o(i.__mathlib_dbl_infnan2) refers to daddsub_clz.o(x$fpl$dadd) for __aeabi_dadd
    dunder.o(i.__mathlib_dbl_invalid) refers to ddiv.o(x$fpl$ddiv) for __aeabi_ddiv
    dunder.o(i.__mathlib_dbl_overflow) refers to dmul.o(x$fpl$dmul) for __aeabi_dmul
    dunder.o(i.__mathlib_dbl_posinfnan) refers to dmul.o(x$fpl$dmul) for __aeabi_dmul
    dunder.o(i.__mathlib_dbl_underflow) refers to dmul.o(x$fpl$dmul) for __aeabi_dmul
    fabs.o(i.__hardfp_fabs) refers (Special) to usenofp.o(x$fpl$usenofp) for __I$use$fp
    fabs.o(i.__softfp_fabs) refers (Special) to usenofp.o(x$fpl$usenofp) for __I$use$fp
    fabs.o(i.fabs) refers (Special) to usenofp.o(x$fpl$usenofp) for __I$use$fp
    fpclassify.o(i.__ARM_fpclassify) refers (Special) to usenofp.o(x$fpl$usenofp) for __I$use$fp
    poly.o(i.__kernel_poly) refers (Special) to usenofp.o(x$fpl$usenofp) for __I$use$fp
    poly.o(i.__kernel_poly) refers to dmul.o(x$fpl$dmul) for __aeabi_dmul
    poly.o(i.__kernel_poly) refers to daddsub_clz.o(x$fpl$dadd) for __aeabi_dadd
    qnan.o(.constdata) refers (Special) to usenofp.o(x$fpl$usenofp) for __I$use$fp
    libspace.o(.text) refers to libspace.o(.bss) for __libspace_start
    __rtentry2.o(.ARM.Collect$$rtentry$$00000008) refers to boardinit2.o(.text) for _platform_post_stackheap_init
    __rtentry2.o(.ARM.Collect$$rtentry$$0000000A) refers to libinit.o(.ARM.Collect$$libinit$$00000000) for __rt_lib_init
    __rtentry2.o(.ARM.Collect$$rtentry$$0000000B) refers to boardinit3.o(.text) for _platform_post_lib_init
    __rtentry2.o(.ARM.Collect$$rtentry$$0000000D) refers to intergrator.o(i.main) for main
    __rtentry2.o(.ARM.Collect$$rtentry$$0000000D) refers to exit.o(.text) for exit
    __rtentry2.o(.ARM.exidx) refers to __rtentry2.o(.ARM.Collect$$rtentry$$00000001) for .ARM.Collect$$rtentry$$00000001
    __rtentry2.o(.ARM.exidx) refers to __rtentry2.o(.ARM.Collect$$rtentry$$00000008) for .ARM.Collect$$rtentry$$00000008
    __rtentry2.o(.ARM.exidx) refers to __rtentry2.o(.ARM.Collect$$rtentry$$0000000A) for .ARM.Collect$$rtentry$$0000000A
    __rtentry2.o(.ARM.exidx) refers to __rtentry2.o(.ARM.Collect$$rtentry$$0000000B) for .ARM.Collect$$rtentry$$0000000B
    __rtentry2.o(.ARM.exidx) refers to __rtentry2.o(.ARM.Collect$$rtentry$$0000000D) for .ARM.Collect$$rtentry$$0000000D
    __rtentry4.o(.ARM.Collect$$rtentry$$00000004) refers to sys_stackheap_outer.o(.text) for __user_setup_stackheap
    __rtentry4.o(.ARM.exidx) refers to __rtentry4.o(.ARM.Collect$$rtentry$$00000004) for .ARM.Collect$$rtentry$$00000004
    rt_errno_addr.o(.text) refers to rt_errno_addr.o(.bss) for __aeabi_errno_addr_data
    rt_errno_addr_intlibspace.o(.text) refers to libspace.o(.bss) for __libspace_start
    maybetermalloc2.o(.emb_text) refers (Special) to term_alloc.o(.text) for _terminate_alloc
    h1_extend.o(.text) refers to h1_free.o(.text) for free
    h1_init_mt.o(.text) refers to mutex_dummy.o(.text) for _mutex_initialize
    h1_extend_mt.o(.text) refers to h1_free_mt.o(.text) for _free_internal
    _printf_intcommon.o(.text) refers (Weak) to _printf_pad.o(.text) for _printf_pre_padding
    _printf_intcommon.o(.text) refers (Weak) to _printf_pad.o(.text) for _printf_pre_padding
    _printf_intcommon.o(.text) refers (Weak) to _printf_pad.o(.text) for _printf_post_padding
    _printf_fp_dec.o(.text) refers (Special) to usenofp.o(x$fpl$usenofp) for __I$use$fp
    _printf_fp_dec.o(.text) refers (Special) to lc_numeric_c.o(locale$$code) for _get_lc_numeric
    _printf_fp_dec.o(.text) refers to bigflt0.o(.text) for _btod_etento
    _printf_fp_dec.o(.text) refers to btod.o(CL$$btod_d2e) for _btod_d2e
    _printf_fp_dec.o(.text) refers to btod.o(CL$$btod_ediv) for _btod_ediv
    _printf_fp_dec.o(.text) refers to btod.o(CL$$btod_emul) for _btod_emul
    _printf_fp_dec.o(.text) refers to lludiv10.o(.text) for _ll_udiv10
    _printf_fp_dec.o(.text) refers to fpclassify.o(i.__ARM_fpclassify) for __ARM_fpclassify
    _printf_fp_dec.o(.text) refers to _printf_fp_infnan.o(.text) for _printf_fp_infnan
    _printf_fp_dec.o(.text) refers (Weak) to _printf_pad.o(.text) for _printf_pre_padding
    _printf_fp_dec.o(.text) refers (Weak) to _printf_pad.o(.text) for _printf_pre_padding
    _printf_fp_dec.o(.text) refers to rt_locale_intlibspace.o(.text) for __rt_locale
    _printf_fp_dec.o(.text) refers (Weak) to _printf_pad.o(.text) for _printf_post_padding
    _printf_fp_hex.o(.text) refers (Special) to usenofp.o(x$fpl$usenofp) for __I$use$fp
    _printf_fp_hex.o(.text) refers to fpclassify.o(i.__ARM_fpclassify) for __ARM_fpclassify
    _printf_fp_hex.o(.text) refers to _printf_fp_infnan.o(.text) for _printf_fp_infnan
    _printf_fp_hex.o(.text) refers (Weak) to _printf_pad.o(.text) for _printf_pre_padding
    _printf_fp_hex.o(.text) refers (Weak) to _printf_pad.o(.text) for _printf_pre_padding
    _printf_fp_hex.o(.text) refers (Weak) to _printf_pad.o(.text) for _printf_post_padding
    _printf_fp_hex.o(.text) refers to _printf_fp_hex.o(.constdata) for .constdata
    _printf_fp_hex.o(.constdata) refers (Special) to usenofp.o(x$fpl$usenofp) for __I$use$fp
    _printf_char.o(.text) refers (Weak) to _printf_str.o(.text) for _printf_str
    _printf_wchar.o(.text) refers (Weak) to _printf_wctomb.o(.text) for _printf_wctomb
    _wcrtomb.o(.text) refers to rt_ctype_table.o(.text) for __rt_ctype_table
    defsig_rtmem_outer.o(.text) refers to defsig_rtmem_inner.o(.text) for __rt_SIGRTMEM_inner
    defsig_rtmem_outer.o(.text) refers to defsig_exit.o(.text) for __sig_exit
    defsig_rtmem_formal.o(.text) refers to rt_raise.o(.text) for __rt_raise
    heapauxa.o(.text) refers to heapauxa.o(.data) for .data
    _get_argv.o(.text) refers (Special) to hrguard.o(.text) for __heap_region$guard
    _get_argv.o(.text) refers to h1_alloc.o(.text) for malloc
    _get_argv.o(.text) refers to defsig_rtmem_outer.o(.text) for __rt_SIGRTMEM
    _get_argv.o(.text) refers to sys_command.o(.text) for _sys_command_string
    libinit2.o(.ARM.Collect$$libinit$$00000001) refers to fpinit.o(x$fpl$fpinit) for _fp_init
    libinit2.o(.ARM.Collect$$libinit$$00000005) refers (Weak) to init_alloc.o(.text) for _init_alloc
    libinit2.o(.ARM.Collect$$libinit$$0000000F) refers (Weak) to rt_locale_intlibspace.o(.text) for __rt_locale
    libinit2.o(.ARM.Collect$$libinit$$00000010) refers to libinit2.o(.ARM.Collect$$libinit$$0000000F) for .ARM.Collect$$libinit$$0000000F
    libinit2.o(.ARM.Collect$$libinit$$00000012) refers to libinit2.o(.ARM.Collect$$libinit$$0000000F) for .ARM.Collect$$libinit$$0000000F
    libinit2.o(.ARM.Collect$$libinit$$00000012) refers (Weak) to lc_ctype_c.o(locale$$code) for _get_lc_ctype
    libinit2.o(.ARM.Collect$$libinit$$00000014) refers to libinit2.o(.ARM.Collect$$libinit$$0000000F) for .ARM.Collect$$libinit$$0000000F
    libinit2.o(.ARM.Collect$$libinit$$00000016) refers to libinit2.o(.ARM.Collect$$libinit$$0000000F) for .ARM.Collect$$libinit$$0000000F
    libinit2.o(.ARM.Collect$$libinit$$00000016) refers (Weak) to lc_numeric_c.o(locale$$code) for _get_lc_numeric
    libinit2.o(.ARM.Collect$$libinit$$00000018) refers to libinit2.o(.ARM.Collect$$libinit$$0000000F) for .ARM.Collect$$libinit$$0000000F
    libinit2.o(.ARM.Collect$$libinit$$00000026) refers to argv_veneer.o(.emb_text) for __ARM_argv_veneer
    libinit2.o(.ARM.Collect$$libinit$$00000027) refers to argv_veneer.o(.emb_text) for __ARM_argv_veneer
    dcheck1.o(x$fpl$dcheck1) refers (Special) to usenofp.o(x$fpl$usenofp) for __I$use$fp
    dcheck1.o(x$fpl$dcheck1) refers to retnan.o(x$fpl$retnan) for __fpl_return_NaN
    dcmpi.o(x$fpl$dcmpinf) refers (Special) to usenofp.o(x$fpl$usenofp) for __I$use$fp
    sys_command.o(.text) refers (Special) to use_no_semi.o(.text) for __I$use$semihosting
    sys_command.o(.text) refers (Special) to indicate_semi.o(.text) for __semihosting_library_function
    sys_stackheap_outer.o(.text) refers to libspace.o(.text) for __user_perproc_libspace
    sys_stackheap_outer.o(.text) refers to startup_stm32f407xx.o(.text) for __user_initial_stackheap
    rt_ctype_table.o(.text) refers to rt_locale_intlibspace.o(.text) for __rt_locale
    rt_ctype_table.o(.text) refers to lc_ctype_c.o(locale$$code) for _get_lc_ctype
    rt_raise.o(.text) refers to __raise.o(.text) for __raise
    rt_raise.o(.text) refers to sys_exit.o(.text) for _sys_exit
    rt_locale.o(.text) refers to rt_locale.o(.bss) for __rt_locale_data
    rt_locale_intlibspace.o(.text) refers to libspace.o(.bss) for __libspace_start
    term_alloc.o(.text) refers (Special) to libshutdown2.o(.ARM.Collect$$libshutdown$$0000000E) for __rt_lib_shutdown_heap_2
    term_alloc.o(.text) refers to rt_heap_descriptor_intlibspace.o(.text) for __rt_heap_descriptor
    term_alloc.o(.text) refers to h1_final.o(.text) for __Heap_Finalize
    _printf_fp_infnan.o(.text) refers (Weak) to _printf_pad.o(.text) for _printf_pre_padding
    _printf_fp_infnan.o(.text) refers (Weak) to _printf_pad.o(.text) for _printf_post_padding
    bigflt0.o(.text) refers (Special) to usenofp.o(x$fpl$usenofp) for __I$use$fp
    bigflt0.o(.text) refers to btod.o(CL$$btod_emul) for _btod_emul
    bigflt0.o(.text) refers to btod.o(CL$$btod_ediv) for _btod_ediv
    bigflt0.o(.text) refers to bigflt0.o(.constdata) for .constdata
    bigflt0.o(.constdata) refers (Special) to usenofp.o(x$fpl$usenofp) for __I$use$fp
    btod.o(CL$$btod_d2e) refers (Special) to usenofp.o(x$fpl$usenofp) for __I$use$fp
    btod.o(CL$$btod_d2e) refers to btod.o(CL$$btod_d2e_norm_op1) for _d2e_norm_op1
    btod.o(CL$$btod_d2e_norm_op1) refers (Special) to usenofp.o(x$fpl$usenofp) for __I$use$fp
    btod.o(CL$$btod_d2e_norm_op1) refers to btod.o(CL$$btod_d2e_denorm_low) for _d2e_denorm_low
    btod.o(CL$$btod_d2e_denorm_low) refers (Special) to usenofp.o(x$fpl$usenofp) for __I$use$fp
    btod.o(CL$$btod_emul) refers (Special) to usenofp.o(x$fpl$usenofp) for __I$use$fp
    btod.o(CL$$btod_emul) refers to btod.o(CL$$btod_mult_common) for __btod_mult_common
    btod.o(CL$$btod_emul) refers to btod.o(CL$$btod_e2e) for _e2e
    btod.o(CL$$btod_ediv) refers (Special) to usenofp.o(x$fpl$usenofp) for __I$use$fp
    btod.o(CL$$btod_ediv) refers to btod.o(CL$$btod_div_common) for __btod_div_common
    btod.o(CL$$btod_ediv) refers to btod.o(CL$$btod_e2e) for _e2e
    btod.o(CL$$btod_emuld) refers (Special) to usenofp.o(x$fpl$usenofp) for __I$use$fp
    btod.o(CL$$btod_emuld) refers to btod.o(CL$$btod_mult_common) for __btod_mult_common
    btod.o(CL$$btod_emuld) refers to btod.o(CL$$btod_e2d) for _e2d
    btod.o(CL$$btod_edivd) refers (Special) to usenofp.o(x$fpl$usenofp) for __I$use$fp
    btod.o(CL$$btod_edivd) refers to btod.o(CL$$btod_div_common) for __btod_div_common
    btod.o(CL$$btod_edivd) refers to btod.o(CL$$btod_e2d) for _e2d
    btod.o(CL$$btod_e2e) refers (Special) to usenofp.o(x$fpl$usenofp) for __I$use$fp
    btod.o(CL$$btod_e2d) refers (Special) to usenofp.o(x$fpl$usenofp) for __I$use$fp
    btod.o(CL$$btod_e2d) refers to btod.o(CL$$btod_e2e) for _e2e
    btod.o(CL$$btod_mult_common) refers (Special) to usenofp.o(x$fpl$usenofp) for __I$use$fp
    btod.o(CL$$btod_div_common) refers (Special) to usenofp.o(x$fpl$usenofp) for __I$use$fp
    lc_numeric_c.o(locale$$data) refers (Special) to libinit2.o(.ARM.Collect$$libinit$$00000016) for __rt_lib_init_lc_numeric_2
    lc_numeric_c.o(locale$$code) refers (Special) to libinit2.o(.ARM.Collect$$libinit$$00000016) for __rt_lib_init_lc_numeric_2
    lc_numeric_c.o(locale$$code) refers to strcmpv7m.o(.text) for strcmp
    lc_numeric_c.o(locale$$code) refers to lc_numeric_c.o(locale$$data) for __lcnum_c_name
    exit.o(.text) refers to rtexit.o(.ARM.Collect$$rtexit$$00000000) for __rt_exit
    defsig_exit.o(.text) refers to sys_exit.o(.text) for _sys_exit
    defsig_rtmem_inner.o(.text) refers to defsig_general.o(.text) for __default_signal_display
    argv_veneer.o(.emb_text) refers to no_argv.o(.text) for __ARM_get_argv
    libinit.o(.ARM.Collect$$libinit$$00000000) refers (Special) to libinit2.o(.ARM.Collect$$libinit$$0000002E) for __rt_lib_init_alloca_1
    libinit.o(.ARM.Collect$$libinit$$00000000) refers (Special) to libinit2.o(.ARM.Collect$$libinit$$0000002C) for __rt_lib_init_argv_1
    libinit.o(.ARM.Collect$$libinit$$00000000) refers (Special) to libinit2.o(.ARM.Collect$$libinit$$0000001B) for __rt_lib_init_atexit_1
    libinit.o(.ARM.Collect$$libinit$$00000000) refers (Special) to libinit2.o(.ARM.Collect$$libinit$$00000021) for __rt_lib_init_clock_1
    libinit.o(.ARM.Collect$$libinit$$00000000) refers (Special) to libinit2.o(.ARM.Collect$$libinit$$00000032) for __rt_lib_init_cpp_1
    libinit.o(.ARM.Collect$$libinit$$00000000) refers (Special) to libinit2.o(.ARM.Collect$$libinit$$00000030) for __rt_lib_init_exceptions_1
    libinit.o(.ARM.Collect$$libinit$$00000000) refers (Special) to libinit2.o(.ARM.Collect$$libinit$$00000001) for __rt_lib_init_fp_1
    libinit.o(.ARM.Collect$$libinit$$00000000) refers (Special) to libinit2.o(.ARM.Collect$$libinit$$0000001F) for __rt_lib_init_fp_trap_1
    libinit.o(.ARM.Collect$$libinit$$00000000) refers (Special) to libinit2.o(.ARM.Collect$$libinit$$00000023) for __rt_lib_init_getenv_1
    libinit.o(.ARM.Collect$$libinit$$00000000) refers (Special) to libinit2.o(.ARM.Collect$$libinit$$0000000A) for __rt_lib_init_heap_1
    libinit.o(.ARM.Collect$$libinit$$00000000) refers (Special) to libinit2.o(.ARM.Collect$$libinit$$00000011) for __rt_lib_init_lc_collate_1
    libinit.o(.ARM.Collect$$libinit$$00000000) refers (Special) to libinit2.o(.ARM.Collect$$libinit$$00000013) for __rt_lib_init_lc_ctype_1
    libinit.o(.ARM.Collect$$libinit$$00000000) refers (Special) to libinit2.o(.ARM.Collect$$libinit$$00000015) for __rt_lib_init_lc_monetary_1
    libinit.o(.ARM.Collect$$libinit$$00000000) refers (Special) to libinit2.o(.ARM.Collect$$libinit$$00000017) for __rt_lib_init_lc_numeric_1
    libinit.o(.ARM.Collect$$libinit$$00000000) refers (Special) to libinit2.o(.ARM.Collect$$libinit$$00000019) for __rt_lib_init_lc_time_1
    libinit.o(.ARM.Collect$$libinit$$00000000) refers (Special) to libinit2.o(.ARM.Collect$$libinit$$00000004) for __rt_lib_init_preinit_1
    libinit.o(.ARM.Collect$$libinit$$00000000) refers (Special) to libinit2.o(.ARM.Collect$$libinit$$0000000E) for __rt_lib_init_rand_1
    libinit.o(.ARM.Collect$$libinit$$00000000) refers (Special) to libinit2.o(.ARM.Collect$$libinit$$00000033) for __rt_lib_init_return
    libinit.o(.ARM.Collect$$libinit$$00000000) refers (Special) to libinit2.o(.ARM.Collect$$libinit$$0000001D) for __rt_lib_init_signal_1
    libinit.o(.ARM.Collect$$libinit$$00000000) refers (Special) to libinit2.o(.ARM.Collect$$libinit$$00000025) for __rt_lib_init_stdio_1
    libinit.o(.ARM.Collect$$libinit$$00000000) refers (Special) to libinit2.o(.ARM.Collect$$libinit$$0000000C) for __rt_lib_init_user_alloc_1
    istatus.o(x$fpl$ieeestatus) refers (Special) to usenofp.o(x$fpl$usenofp) for __I$use$fp
    retnan.o(x$fpl$retnan) refers (Special) to usenofp.o(x$fpl$usenofp) for __I$use$fp
    retnan.o(x$fpl$retnan) refers to trapv.o(x$fpl$trapveneer) for __fpl_cmpreturn
    sys_exit.o(.text) refers (Special) to use_no_semi.o(.text) for __I$use$semihosting
    sys_exit.o(.text) refers (Special) to indicate_semi.o(.text) for __semihosting_library_function
    rtexit.o(.ARM.Collect$$rtexit$$00000000) refers (Special) to rtexit2.o(.ARM.Collect$$rtexit$$00000004) for __rt_exit_exit
    rtexit.o(.ARM.Collect$$rtexit$$00000000) refers (Special) to rtexit2.o(.ARM.Collect$$rtexit$$00000003) for __rt_exit_ls
    rtexit.o(.ARM.Collect$$rtexit$$00000000) refers (Special) to rtexit2.o(.ARM.Collect$$rtexit$$00000002) for __rt_exit_prels_1
    rtexit.o(.ARM.exidx) refers (Special) to rtexit2.o(.ARM.Collect$$rtexit$$00000004) for __rt_exit_exit
    rtexit.o(.ARM.exidx) refers (Special) to rtexit2.o(.ARM.Collect$$rtexit$$00000003) for __rt_exit_ls
    rtexit.o(.ARM.exidx) refers (Special) to rtexit2.o(.ARM.Collect$$rtexit$$00000002) for __rt_exit_prels_1
    rtexit.o(.ARM.exidx) refers to rtexit.o(.ARM.Collect$$rtexit$$00000000) for .ARM.Collect$$rtexit$$00000000
    lc_ctype_c.o(locale$$data) refers (Special) to libinit2.o(.ARM.Collect$$libinit$$00000012) for __rt_lib_init_lc_ctype_2
    lc_ctype_c.o(locale$$code) refers (Special) to libinit2.o(.ARM.Collect$$libinit$$00000012) for __rt_lib_init_lc_ctype_2
    lc_ctype_c.o(locale$$code) refers to strcmpv7m.o(.text) for strcmp
    lc_ctype_c.o(locale$$code) refers to lc_ctype_c.o(locale$$data) for __lcctype_c_name
    __raise.o(.text) refers to defsig.o(CL$$defsig) for __default_signal_handler
    defsig_general.o(.text) refers to sys_wrch.o(.text) for _ttywrch
    _get_argv_nomalloc.o(.text) refers (Special) to hrguard.o(.text) for __heap_region$guard
    _get_argv_nomalloc.o(.text) refers to defsig_rtmem_outer.o(.text) for __rt_SIGRTMEM
    _get_argv_nomalloc.o(.text) refers to sys_command.o(.text) for _sys_command_string
    libshutdown2.o(.ARM.Collect$$libshutdown$$0000000D) refers (Weak) to term_alloc.o(.text) for _terminate_alloc
    trapv.o(x$fpl$trapveneer) refers (Special) to usenofp.o(x$fpl$usenofp) for __I$use$fp
    sys_wrch.o(.text) refers (Special) to use_no_semi.o(.text) for __I$use$semihosting
    sys_wrch.o(.text) refers (Special) to indicate_semi.o(.text) for __semihosting_library_function
    rtexit2.o(.ARM.Collect$$rtexit$$00000003) refers to libshutdown.o(.ARM.Collect$$libshutdown$$00000000) for __rt_lib_shutdown
    rtexit2.o(.ARM.Collect$$rtexit$$00000004) refers to sys_exit.o(.text) for _sys_exit
    rtexit2.o(.ARM.exidx) refers to rtexit2.o(.ARM.Collect$$rtexit$$00000001) for .ARM.Collect$$rtexit$$00000001
    rtexit2.o(.ARM.exidx) refers to rtexit2.o(.ARM.Collect$$rtexit$$00000003) for .ARM.Collect$$rtexit$$00000003
    rtexit2.o(.ARM.exidx) refers to rtexit2.o(.ARM.Collect$$rtexit$$00000004) for .ARM.Collect$$rtexit$$00000004
    defsig.o(CL$$defsig) refers to defsig_rtmem_inner.o(.text) for __rt_SIGRTMEM_inner
    defsig_abrt_inner.o(.text) refers to defsig_general.o(.text) for __default_signal_display
    defsig_fpe_inner.o(.text) refers to defsig_general.o(.text) for __default_signal_display
    defsig_rtred_inner.o(.text) refers to defsig_general.o(.text) for __default_signal_display
    defsig_stak_inner.o(.text) refers to defsig_general.o(.text) for __default_signal_display
    defsig_pvfn_inner.o(.text) refers to defsig_general.o(.text) for __default_signal_display
    defsig_cppl_inner.o(.text) refers to defsig_general.o(.text) for __default_signal_display
    defsig_segv_inner.o(.text) refers to defsig_general.o(.text) for __default_signal_display
    defsig_other.o(.text) refers to defsig_general.o(.text) for __default_signal_display
    libshutdown.o(.ARM.Collect$$libshutdown$$00000000) refers (Special) to libshutdown2.o(.ARM.Collect$$libshutdown$$00000002) for __rt_lib_shutdown_cpp_1
    libshutdown.o(.ARM.Collect$$libshutdown$$00000000) refers (Special) to libshutdown2.o(.ARM.Collect$$libshutdown$$00000007) for __rt_lib_shutdown_fp_trap_1
    libshutdown.o(.ARM.Collect$$libshutdown$$00000000) refers (Special) to libshutdown2.o(.ARM.Collect$$libshutdown$$0000000F) for __rt_lib_shutdown_heap_1
    libshutdown.o(.ARM.Collect$$libshutdown$$00000000) refers (Special) to libshutdown2.o(.ARM.Collect$$libshutdown$$00000010) for __rt_lib_shutdown_return
    libshutdown.o(.ARM.Collect$$libshutdown$$00000000) refers (Special) to libshutdown2.o(.ARM.Collect$$libshutdown$$0000000A) for __rt_lib_shutdown_signal_1
    libshutdown.o(.ARM.Collect$$libshutdown$$00000000) refers (Special) to libshutdown2.o(.ARM.Collect$$libshutdown$$00000004) for __rt_lib_shutdown_stdio_1
    libshutdown.o(.ARM.Collect$$libshutdown$$00000000) refers (Special) to libshutdown2.o(.ARM.Collect$$libshutdown$$0000000C) for __rt_lib_shutdown_user_alloc_1


==============================================================================

Removing Unused input sections from the image.

    Removing hal_gpio_driver.o(.rev16_text), (4 bytes).
    Removing hal_gpio_driver.o(.revsh_text), (4 bytes).
    Removing hal_gpio_driver.o(.rrx_text), (6 bytes).
    Removing hal_i2c_driver.o(.rev16_text), (4 bytes).
    Removing hal_i2c_driver.o(.revsh_text), (4 bytes).
    Removing hal_i2c_driver.o(.rrx_text), (6 bytes).
    Removing hal_i2c_driver.o(i.hal_i2c_disable_peripheral), (10 bytes).
    Removing hal_i2c_driver.o(i.hal_i2c_generate_stop_condition), (10 bytes).
    Removing hal_i2c_driver.o(i.hal_i2c_set_fm_mode_duty_cycle), (24 bytes).
    Removing hal_i2c_driver.o(i.hal_i2c_slave_rx), (76 bytes).
    Removing hal_i2c_driver.o(i.hal_i2c_slave_tx), (76 bytes).
    Removing hal_spi_driver.o(.rev16_text), (4 bytes).
    Removing hal_spi_driver.o(.revsh_text), (4 bytes).
    Removing hal_spi_driver.o(.rrx_text), (6 bytes).
    Removing hal_spi_driver.o(i.hal_spi_disable), (10 bytes).
    Removing hal_spi_driver.o(i.hal_spi_slave_rx), (34 bytes).
    Removing hal_spi_driver.o(i.hal_spi_slave_tx), (52 bytes).
    Removing hal_spi_driver.o(.bss), (10 bytes).
    Removing hal_uart_driver.o(.rev16_text), (4 bytes).
    Removing hal_uart_driver.o(.revsh_text), (4 bytes).
    Removing hal_uart_driver.o(.rrx_text), (6 bytes).
    Removing hal_uart_driver.o(i.hal_uart_disable), (10 bytes).
    Removing imu.o(.rev16_text), (4 bytes).
    Removing imu.o(.revsh_text), (4 bytes).
    Removing imu.o(.rrx_text), (6 bytes).
    Removing imu.o(i.MadgwickQuaternionUpdate), (2022 bytes).
    Removing imu.o(i.loop), (2 bytes).
    Removing imu.o(i.magcalMPU9250), (1020 bytes).
    Removing imu.o(i.readTempData), (36 bytes).
    Removing imu.o(i.sampleIMUtoSensor), (1000 bytes).
    Removing imu.o(.constdata), (22 bytes).
    Removing servo.o(.rev16_text), (4 bytes).
    Removing servo.o(.revsh_text), (4 bytes).
    Removing servo.o(.rrx_text), (6 bytes).
    Removing led.o(.rev16_text), (4 bytes).
    Removing led.o(.revsh_text), (4 bytes).
    Removing led.o(.rrx_text), (6 bytes).
    Removing intergrator.o(.rev16_text), (4 bytes).
    Removing intergrator.o(.revsh_text), (4 bytes).
    Removing intergrator.o(.rrx_text), (6 bytes).
    Removing intergrator.o(i.HAL_GPIO_EXTI_Callback), (16 bytes).
    Removing i2c_int_handler.o(.rev16_text), (4 bytes).
    Removing i2c_int_handler.o(.revsh_text), (4 bytes).
    Removing i2c_int_handler.o(.rrx_text), (6 bytes).
    Removing system_stm32f4xx.o(.rev16_text), (4 bytes).
    Removing system_stm32f4xx.o(.revsh_text), (4 bytes).
    Removing system_stm32f4xx.o(.rrx_text), (6 bytes).
    Removing system_stm32f4xx.o(i.SystemCoreClockUpdate), (192 bytes).
    Removing system_stm32f4xx.o(.constdata), (24 bytes).
    Removing system_stm32f4xx.o(.data), (4 bytes).
    Removing uart_debug.o(.rev16_text), (4 bytes).
    Removing uart_debug.o(.revsh_text), (4 bytes).
    Removing uart_debug.o(.rrx_text), (6 bytes).

53 unused section(s) (total 4804 bytes) removed from the image.

==============================================================================

Memory Map of the image

  Image Entry point : 0x00000000

  Load Region LR_1 (Base: 0x08000000, Size: 0x00006ca8, Max: 0xffffffff, ABSOLUTE)

    Execution Region ER_RO (Base: 0x08000000, Size: 0x00006c10, Max: 0xffffffff, ABSOLUTE)

    Base Addr    Size         Type   Attr      Idx    E Section Name        Object

    0x08000000   0x00000188   Data   RO         1176    RESET               startup_stm32f407xx.o
    0x08000188   0x00000008   Code   RO         1357  * !!!main             c_w.l(__main.o)
    0x08000190   0x00000000   Code   RO         1556    .ARM.Collect$$_printf_percent$$00000000  c_w.l(_printf_percent.o)
    0x08000190   0x00000006   Code   RO         1545    .ARM.Collect$$_printf_percent$$00000001  c_w.l(_printf_n.o)
    0x08000196   0x00000006   Code   RO         1547    .ARM.Collect$$_printf_percent$$00000002  c_w.l(_printf_p.o)
    0x0800019c   0x00000006   Code   RO         1552    .ARM.Collect$$_printf_percent$$00000003  c_w.l(_printf_f.o)
    0x080001a2   0x00000006   Code   RO         1553    .ARM.Collect$$_printf_percent$$00000004  c_w.l(_printf_e.o)
    0x080001a8   0x00000006   Code   RO         1554    .ARM.Collect$$_printf_percent$$00000005  c_w.l(_printf_g.o)
    0x080001ae   0x00000006   Code   RO         1555    .ARM.Collect$$_printf_percent$$00000006  c_w.l(_printf_a.o)
    0x080001b4   0x0000000a   Code   RO         1560    .ARM.Collect$$_printf_percent$$00000007  c_w.l(_printf_ll.o)
    0x080001be   0x00000006   Code   RO         1549    .ARM.Collect$$_printf_percent$$00000008  c_w.l(_printf_i.o)
    0x080001c4   0x00000006   Code   RO         1550    .ARM.Collect$$_printf_percent$$00000009  c_w.l(_printf_d.o)
    0x080001ca   0x00000006   Code   RO         1551    .ARM.Collect$$_printf_percent$$0000000A  c_w.l(_printf_u.o)
    0x080001d0   0x00000006   Code   RO         1548    .ARM.Collect$$_printf_percent$$0000000B  c_w.l(_printf_o.o)
    0x080001d6   0x00000006   Code   RO         1546    .ARM.Collect$$_printf_percent$$0000000C  c_w.l(_printf_x.o)
    0x080001dc   0x00000006   Code   RO         1557    .ARM.Collect$$_printf_percent$$0000000D  c_w.l(_printf_lli.o)
    0x080001e2   0x00000006   Code   RO         1558    .ARM.Collect$$_printf_percent$$0000000E  c_w.l(_printf_lld.o)
    0x080001e8   0x00000006   Code   RO         1559    .ARM.Collect$$_printf_percent$$0000000F  c_w.l(_printf_llu.o)
    0x080001ee   0x00000006   Code   RO         1564    .ARM.Collect$$_printf_percent$$00000010  c_w.l(_printf_llo.o)
    0x080001f4   0x00000006   Code   RO         1565    .ARM.Collect$$_printf_percent$$00000011  c_w.l(_printf_llx.o)
    0x080001fa   0x0000000a   Code   RO         1561    .ARM.Collect$$_printf_percent$$00000012  c_w.l(_printf_l.o)
    0x08000204   0x00000006   Code   RO         1543    .ARM.Collect$$_printf_percent$$00000013  c_w.l(_printf_c.o)
    0x0800020a   0x00000006   Code   RO         1544    .ARM.Collect$$_printf_percent$$00000014  c_w.l(_printf_s.o)
    0x08000210   0x00000006   Code   RO         1562    .ARM.Collect$$_printf_percent$$00000015  c_w.l(_printf_lc.o)
    0x08000216   0x00000006   Code   RO         1563    .ARM.Collect$$_printf_percent$$00000016  c_w.l(_printf_ls.o)
    0x0800021c   0x00000004   Code   RO         1688    .ARM.Collect$$_printf_percent$$00000017  c_w.l(_printf_percent_end.o)
    0x08000220   0x00000002   Code   RO         1809    .ARM.Collect$$libinit$$00000000  c_w.l(libinit.o)
    0x08000222   0x00000004   Code   RO         1700    .ARM.Collect$$libinit$$00000001  c_w.l(libinit2.o)
    0x08000226   0x00000000   Code   RO         1703    .ARM.Collect$$libinit$$00000004  c_w.l(libinit2.o)
    0x08000226   0x00000000   Code   RO         1706    .ARM.Collect$$libinit$$0000000A  c_w.l(libinit2.o)
    0x08000226   0x00000000   Code   RO         1708    .ARM.Collect$$libinit$$0000000C  c_w.l(libinit2.o)
    0x08000226   0x00000000   Code   RO         1710    .ARM.Collect$$libinit$$0000000E  c_w.l(libinit2.o)
    0x08000226   0x00000006   Code   RO         1711    .ARM.Collect$$libinit$$0000000F  c_w.l(libinit2.o)
    0x0800022c   0x00000000   Code   RO         1713    .ARM.Collect$$libinit$$00000011  c_w.l(libinit2.o)
    0x0800022c   0x0000000c   Code   RO         1714    .ARM.Collect$$libinit$$00000012  c_w.l(libinit2.o)
    0x08000238   0x00000000   Code   RO         1715    .ARM.Collect$$libinit$$00000013  c_w.l(libinit2.o)
    0x08000238   0x00000000   Code   RO         1717    .ARM.Collect$$libinit$$00000015  c_w.l(libinit2.o)
    0x08000238   0x0000000a   Code   RO         1718    .ARM.Collect$$libinit$$00000016  c_w.l(libinit2.o)
    0x08000242   0x00000000   Code   RO         1719    .ARM.Collect$$libinit$$00000017  c_w.l(libinit2.o)
    0x08000242   0x00000000   Code   RO         1721    .ARM.Collect$$libinit$$00000019  c_w.l(libinit2.o)
    0x08000242   0x00000000   Code   RO         1723    .ARM.Collect$$libinit$$0000001B  c_w.l(libinit2.o)
    0x08000242   0x00000000   Code   RO         1725    .ARM.Collect$$libinit$$0000001D  c_w.l(libinit2.o)
    0x08000242   0x00000000   Code   RO         1727    .ARM.Collect$$libinit$$0000001F  c_w.l(libinit2.o)
    0x08000242   0x00000000   Code   RO         1729    .ARM.Collect$$libinit$$00000021  c_w.l(libinit2.o)
    0x08000242   0x00000000   Code   RO         1731    .ARM.Collect$$libinit$$00000023  c_w.l(libinit2.o)
    0x08000242   0x00000000   Code   RO         1733    .ARM.Collect$$libinit$$00000025  c_w.l(libinit2.o)
    0x08000242   0x00000000   Code   RO         1737    .ARM.Collect$$libinit$$0000002C  c_w.l(libinit2.o)
    0x08000242   0x00000000   Code   RO         1739    .ARM.Collect$$libinit$$0000002E  c_w.l(libinit2.o)
    0x08000242   0x00000000   Code   RO         1741    .ARM.Collect$$libinit$$00000030  c_w.l(libinit2.o)
    0x08000242   0x00000000   Code   RO         1743    .ARM.Collect$$libinit$$00000032  c_w.l(libinit2.o)
    0x08000242   0x00000002   Code   RO         1744    .ARM.Collect$$libinit$$00000033  c_w.l(libinit2.o)
    0x08000244   0x00000002   Code   RO         1887    .ARM.Collect$$libshutdown$$00000000  c_w.l(libshutdown.o)
    0x08000246   0x00000000   Code   RO         1841    .ARM.Collect$$libshutdown$$00000002  c_w.l(libshutdown2.o)
    0x08000246   0x00000000   Code   RO         1843    .ARM.Collect$$libshutdown$$00000004  c_w.l(libshutdown2.o)
    0x08000246   0x00000000   Code   RO         1846    .ARM.Collect$$libshutdown$$00000007  c_w.l(libshutdown2.o)
    0x08000246   0x00000000   Code   RO         1849    .ARM.Collect$$libshutdown$$0000000A  c_w.l(libshutdown2.o)
    0x08000246   0x00000000   Code   RO         1851    .ARM.Collect$$libshutdown$$0000000C  c_w.l(libshutdown2.o)
    0x08000246   0x00000000   Code   RO         1854    .ARM.Collect$$libshutdown$$0000000F  c_w.l(libshutdown2.o)
    0x08000246   0x00000002   Code   RO         1855    .ARM.Collect$$libshutdown$$00000010  c_w.l(libshutdown2.o)
    0x08000248   0x00000000   Code   RO         1443    .ARM.Collect$$rtentry$$00000000  c_w.l(__rtentry.o)
    0x08000248   0x00000000   Code   RO         1642    .ARM.Collect$$rtentry$$00000002  c_w.l(__rtentry2.o)
    0x08000248   0x00000006   Code   RO         1654    .ARM.Collect$$rtentry$$00000004  c_w.l(__rtentry4.o)
    0x0800024e   0x00000000   Code   RO         1644    .ARM.Collect$$rtentry$$00000009  c_w.l(__rtentry2.o)
    0x0800024e   0x00000004   Code   RO         1645    .ARM.Collect$$rtentry$$0000000A  c_w.l(__rtentry2.o)
    0x08000252   0x00000000   Code   RO         1647    .ARM.Collect$$rtentry$$0000000C  c_w.l(__rtentry2.o)
    0x08000252   0x00000008   Code   RO         1648    .ARM.Collect$$rtentry$$0000000D  c_w.l(__rtentry2.o)
    0x0800025a   0x00000002   Code   RO         1821    .ARM.Collect$$rtexit$$00000000  c_w.l(rtexit.o)
    0x0800025c   0x00000000   Code   RO         1861    .ARM.Collect$$rtexit$$00000002  c_w.l(rtexit2.o)
    0x0800025c   0x00000004   Code   RO         1862    .ARM.Collect$$rtexit$$00000003  c_w.l(rtexit2.o)
    0x08000260   0x00000006   Code   RO         1863    .ARM.Collect$$rtexit$$00000004  c_w.l(rtexit2.o)
    0x08000266   0x00000002   PAD
    0x08000268   0x00000040   Code   RO         1177  * .text               startup_stm32f407xx.o
    0x080002a8   0x00000024   Code   RO         1353    .text               c_w.l(c89vsprintf.o)
    0x080002cc   0x00000006   Code   RO         1355    .text               c_w.l(heapauxi.o)
    0x080002d2   0x00000016   Code   RO         1471    .text               c_w.l(_rserrno.o)
    0x080002e8   0x0000004e   Code   RO         1477    .text               c_w.l(_printf_pad.o)
    0x08000336   0x00000024   Code   RO         1479    .text               c_w.l(_printf_truncate.o)
    0x0800035a   0x00000052   Code   RO         1481    .text               c_w.l(_printf_str.o)
    0x080003ac   0x00000078   Code   RO         1483    .text               c_w.l(_printf_dec.o)
    0x08000424   0x00000028   Code   RO         1485    .text               c_w.l(_printf_charcount.o)
    0x0800044c   0x00000030   Code   RO         1487    .text               c_w.l(_printf_char_common.o)
    0x0800047c   0x0000000a   Code   RO         1489    .text               c_w.l(_sputc.o)
    0x08000486   0x00000002   PAD
    0x08000488   0x000000bc   Code   RO         1491    .text               c_w.l(_printf_wctomb.o)
    0x08000544   0x0000007c   Code   RO         1494    .text               c_w.l(_printf_longlong_dec.o)
    0x080005c0   0x00000070   Code   RO         1500    .text               c_w.l(_printf_oct_int_ll.o)
    0x08000630   0x00000094   Code   RO         1520    .text               c_w.l(_printf_hex_int_ll_ptr.o)
    0x080006c4   0x00000188   Code   RO         1540    .text               c_w.l(__printf_flags_ss_wp.o)
    0x0800084c   0x00000008   Code   RO         1638    .text               c_w.l(libspace.o)
    0x08000854   0x00000008   Code   RO         1659    .text               c_w.l(rt_errno_addr_intlibspace.o)
    0x0800085c   0x0000008a   Code   RO         1671    .text               c_w.l(lludiv10.o)
    0x080008e6   0x000000b2   Code   RO         1673    .text               c_w.l(_printf_intcommon.o)
    0x08000998   0x0000041a   Code   RO         1675    .text               c_w.l(_printf_fp_dec.o)
    0x08000db2   0x0000002c   Code   RO         1684    .text               c_w.l(_printf_char.o)
    0x08000dde   0x0000002c   Code   RO         1686    .text               c_w.l(_printf_wchar.o)
    0x08000e0a   0x00000040   Code   RO         1689    .text               c_w.l(_wcrtomb.o)
    0x08000e4a   0x0000004a   Code   RO         1751    .text               c_w.l(sys_stackheap_outer.o)
    0x08000e94   0x00000010   Code   RO         1753    .text               c_w.l(rt_ctype_table.o)
    0x08000ea4   0x00000008   Code   RO         1760    .text               c_w.l(rt_locale_intlibspace.o)
    0x08000eac   0x00000080   Code   RO         1766    .text               c_w.l(_printf_fp_infnan.o)
    0x08000f2c   0x000000dc   Code   RO         1768    .text               c_w.l(bigflt0.o)
    0x08001008   0x00000012   Code   RO         1796    .text               c_w.l(exit.o)
    0x0800101a   0x00000002   PAD
    0x0800101c   0x0000000c   Code   RO         1816    .text               c_w.l(sys_exit.o)
    0x08001028   0x00000002   Code   RO         1818    .text               c_w.l(use_no_semi.o)
    0x0800102a   0x00000000   Code   RO         1820    .text               c_w.l(indicate_semi.o)
    0x0800102a   0x00000002   PAD
    0x0800102c   0x00000080   Code   RO         1834    .text               c_w.l(strcmpv7m.o)
    0x080010ac   0x0000003e   Code   RO         1771    CL$$btod_d2e        c_w.l(btod.o)
    0x080010ea   0x00000046   Code   RO         1773    CL$$btod_d2e_denorm_low  c_w.l(btod.o)
    0x08001130   0x00000060   Code   RO         1772    CL$$btod_d2e_norm_op1  c_w.l(btod.o)
    0x08001190   0x00000338   Code   RO         1781    CL$$btod_div_common  c_w.l(btod.o)
    0x080014c8   0x000000c6   Code   RO         1778    CL$$btod_e2e        c_w.l(btod.o)
    0x0800158e   0x00000028   Code   RO         1775    CL$$btod_ediv       c_w.l(btod.o)
    0x080015b6   0x00000028   Code   RO         1774    CL$$btod_emul       c_w.l(btod.o)
    0x080015de   0x00000244   Code   RO         1780    CL$$btod_mult_common  c_w.l(btod.o)
    0x08001822   0x00000024   Code   RO          852    i.Buffercmp         intergrator.o
    0x08001846   0x00000002   PAD
    0x08001848   0x00000014   Code   RO            4    i.EXTI0_IRQHandler  hal_gpio_driver.o
    0x0800185c   0x000000ea   Code   RO         1035    i.HAL_I2C_ER_IRQHandler  i2c_int_handler.o
    0x08001946   0x00000002   PAD
    0x08001948   0x0000016c   Code   RO         1036    i.HAL_I2C_EV_IRQHandler  i2c_int_handler.o
    0x08001ab4   0x00000010   Code   RO         1037    i.HAL_I2C_ErrorCallback  i2c_int_handler.o
    0x08001ac4   0x00000002   Code   RO         1038    i.HAL_I2C_MasterRxCpltCallback  i2c_int_handler.o
    0x08001ac6   0x00000002   Code   RO         1039    i.HAL_I2C_MasterTxCpltCallback  i2c_int_handler.o
    0x08001ac8   0x00000002   Code   RO         1040    i.HAL_I2C_MemRxCpltCallback  i2c_int_handler.o
    0x08001aca   0x00000002   Code   RO         1041    i.HAL_I2C_MemTxCpltCallback  i2c_int_handler.o
    0x08001acc   0x00000002   Code   RO         1042    i.HAL_I2C_SlaveRxCpltCallback  i2c_int_handler.o
    0x08001ace   0x00000002   Code   RO         1043    i.HAL_I2C_SlaveTxCpltCallback  i2c_int_handler.o
    0x08001ad0   0x00000010   Code   RO          854    i.I2C1_ER_IRQHandler  intergrator.o
    0x08001ae0   0x00000010   Code   RO          855    i.I2C1_EV_IRQHandler  intergrator.o
    0x08001af0   0x000000b8   Code   RO         1044    i.I2C_MasterReceive_BTF  i2c_int_handler.o
    0x08001ba8   0x00000094   Code   RO         1045    i.I2C_MasterReceive_RXNE  i2c_int_handler.o
    0x08001c3c   0x00000070   Code   RO         1046    i.I2C_MasterTransmit_BTF  i2c_int_handler.o
    0x08001cac   0x00000024   Code   RO         1047    i.I2C_MasterTransmit_TXE  i2c_int_handler.o
    0x08001cd0   0x0000001a   Code   RO         1048    i.I2C_SlaveReceive_BTF  i2c_int_handler.o
    0x08001cea   0x0000001a   Code   RO         1049    i.I2C_SlaveReceive_RXNE  i2c_int_handler.o
    0x08001d04   0x00000018   Code   RO         1050    i.I2C_SlaveTransmit_BTF  i2c_int_handler.o
    0x08001d1c   0x00000018   Code   RO         1051    i.I2C_SlaveTransmit_TXE  i2c_int_handler.o
    0x08001d34   0x0000000a   Code   RO         1052    i.I2C_Slave_ADDR    i2c_int_handler.o
    0x08001d3e   0x0000004e   Code   RO         1053    i.I2C_Slave_AF      i2c_int_handler.o
    0x08001d8c   0x00000048   Code   RO         1054    i.I2C_Slave_STOPF   i2c_int_handler.o
    0x08001dd4   0x00000650   Code   RO          613    i.MPU9250SelfTest   imu.o
    0x08002424   0x00000568   Code   RO          615    i.MahonyQuaternionUpdate  imu.o
    0x0800298c   0x00000010   Code   RO          856    i.SPI2_IRQHandler   intergrator.o
    0x0800299c   0x00000064   Code   RO         1185    i.SystemInit        system_stm32f4xx.o
    0x08002a00   0x00000010   Code   RO          857    i.USART2_IRQHandler  intergrator.o
    0x08002a10   0x00000030   Code   RO         1633    i.__ARM_fpclassify  m_wm.l(fpclassify.o)
    0x08002a40   0x0000001a   Code   RO          858    i.__NVIC_EnableIRQ  intergrator.o
    0x08002a5a   0x00000006   PAD
    0x08002a60   0x00000c50   Code   RO         1403    i.__hardfp_pow      m_wm.l(pow.o)
    0x080036b0   0x0000007a   Code   RO         1417    i.__hardfp_sqrt     m_wm.l(sqrt.o)
    0x0800372a   0x0000003a   Code   RO         1429    i.__hardfp_sqrtf    m_wm.l(sqrtf.o)
    0x08003764   0x000000f8   Code   RO         1635    i.__kernel_poly     m_wm.l(poly.o)
    0x0800385c   0x00000004   PAD
    0x08003860   0x00000030   Code   RO         1613    i.__mathlib_dbl_divzero  m_wm.l(dunder.o)
    0x08003890   0x00000014   Code   RO         1615    i.__mathlib_dbl_infnan2  m_wm.l(dunder.o)
    0x080038a4   0x00000004   PAD
    0x080038a8   0x00000020   Code   RO         1616    i.__mathlib_dbl_invalid  m_wm.l(dunder.o)
    0x080038c8   0x00000020   Code   RO         1617    i.__mathlib_dbl_overflow  m_wm.l(dunder.o)
    0x080038e8   0x00000020   Code   RO         1619    i.__mathlib_dbl_underflow  m_wm.l(dunder.o)
    0x08003908   0x0000000e   Code   RO         1533    i._is_digit         c_w.l(__printf_wp.o)
    0x08003916   0x00000002   PAD
    0x08003918   0x00000010   Code   RO          859    i.app_rx_cmp_callback  intergrator.o
    0x08003928   0x00000002   Code   RO          860    i.app_tx_cmp_callback  intergrator.o
    0x0800392a   0x00000002   PAD
    0x0800392c   0x0000001c   Code   RO          861    i.assert_error      intergrator.o
    0x08003948   0x000004ea   Code   RO          616    i.calibrateMPU9250  imu.o
    0x08003e32   0x0000000a   Code   RO          123    i.clear_addr_flag   hal_i2c_driver.o
    0x08003e3c   0x0000000c   Code   RO          862    i.delay_gen         intergrator.o
    0x08003e48   0x0000000c   Code   RO          617    i.delay_gen_i2c     imu.o
    0x08003e54   0x00000024   Code   RO          863    i.error_handler     intergrator.o
    0x08003e78   0x00000018   Code   RO         1629    i.fabs              m_wm.l(fabs.o)
    0x08003e90   0x00000050   Code   RO          618    i.getAres           imu.o
    0x08003ee0   0x00000050   Code   RO          619    i.getGres           imu.o
    0x08003f30   0x0000002c   Code   RO          620    i.getMres           imu.o
    0x08003f5c   0x00000014   Code   RO          864    i.gpio_btn_interrupt_handler  intergrator.o
    0x08003f70   0x00000012   Code   RO         1055    i.hal_clear_stop_flag  i2c_int_handler.o
    0x08003f82   0x00000002   PAD
    0x08003f84   0x000000a0   Code   RO         1221    i.hal_debug_uart_init  uartdebug.lib(uart_debug.o)
    0x08004024   0x00000020   Code   RO            5    i.hal_gpio_clear_interrupt  hal_gpio_driver.o
    0x08004044   0x00000060   Code   RO            6    i.hal_gpio_configure_interrupt  hal_gpio_driver.o
    0x080040a4   0x00000010   Code   RO            7    i.hal_gpio_configure_pin_mode  hal_gpio_driver.o
    0x080040b4   0x0000000e   Code   RO            8    i.hal_gpio_configure_pin_otype  hal_gpio_driver.o
    0x080040c2   0x00000010   Code   RO            9    i.hal_gpio_configure_pin_pupd  hal_gpio_driver.o
    0x080040d2   0x00000010   Code   RO           10    i.hal_gpio_configure_pin_speed  hal_gpio_driver.o
    0x080040e2   0x00000002   PAD
    0x080040e4   0x00000034   Code   RO           11    i.hal_gpio_enable_interrupt  hal_gpio_driver.o
    0x08004118   0x00000038   Code   RO           12    i.hal_gpio_init     hal_gpio_driver.o
    0x08004150   0x0000000c   Code   RO           13    i.hal_gpio_read_from_pin  hal_gpio_driver.o
    0x0800415c   0x00000030   Code   RO           14    i.hal_gpio_set_alt_function  hal_gpio_driver.o
    0x0800418c   0x0000001c   Code   RO           15    i.hal_gpio_write_to_pin  hal_gpio_driver.o
    0x080041a8   0x00000028   Code   RO          124    i.hal_i2c_clk_init  hal_i2c_driver.o
    0x080041d0   0x00000048   Code   RO          125    i.hal_i2c_configure_ccr  hal_i2c_driver.o
    0x08004218   0x00000016   Code   RO          126    i.hal_i2c_configure_error_interrupt  hal_i2c_driver.o
    0x0800422e   0x00000016   Code   RO          127    i.hal_i2c_configure_evt_interrupt  hal_i2c_driver.o
    0x08004244   0x00000016   Code   RO          128    i.hal_i2c_configure_tx_rx_interrupt  hal_i2c_driver.o
    0x0800425a   0x0000000a   Code   RO          130    i.hal_i2c_enable_peripheral  hal_i2c_driver.o
    0x08004264   0x0000000a   Code   RO          131    i.hal_i2c_generate_start_condition  hal_i2c_driver.o
    0x0800426e   0x0000002e   Code   RO          133    i.hal_i2c_init      hal_i2c_driver.o
    0x0800429c   0x00000018   Code   RO          134    i.hal_i2c_manage_ack  hal_i2c_driver.o
    0x080042b4   0x00000016   Code   RO          135    i.hal_i2c_manage_clock_stretch  hal_i2c_driver.o
    0x080042ca   0x00000084   Code   RO          136    i.hal_i2c_master_rx  hal_i2c_driver.o
    0x0800434e   0x00000078   Code   RO          137    i.hal_i2c_master_tx  hal_i2c_driver.o
    0x080043c6   0x00000002   PAD
    0x080043c8   0x00000034   Code   RO          138    i.hal_i2c_rise_time_configuration  hal_i2c_driver.o
    0x080043fc   0x00000004   Code   RO          139    i.hal_i2c_send_addr_first  hal_i2c_driver.o
    0x08004400   0x00000018   Code   RO          140    i.hal_i2c_set_addressing_mode  hal_i2c_driver.o
    0x08004418   0x00000012   Code   RO          142    i.hal_i2c_set_own_address1  hal_i2c_driver.o
    0x0800442a   0x0000001e   Code   RO          304    i.hal_spi_close_rx_interrupt  hal_spi_driver.o
    0x08004448   0x00000008   Code   RO          305    i.hal_spi_configure_baudrate  hal_spi_driver.o
    0x08004450   0x0000002a   Code   RO          306    i.hal_spi_configure_datasize  hal_spi_driver.o
    0x0800447a   0x00000016   Code   RO          307    i.hal_spi_configure_device_mode  hal_spi_driver.o
    0x08004490   0x00000016   Code   RO          308    i.hal_spi_configure_direction  hal_spi_driver.o
    0x080044a6   0x00000016   Code   RO          309    i.hal_spi_configure_nss_master  hal_spi_driver.o
    0x080044bc   0x00000016   Code   RO          310    i.hal_spi_configure_nss_slave  hal_spi_driver.o
    0x080044d2   0x0000002a   Code   RO          311    i.hal_spi_configure_phase_and_polarity  hal_spi_driver.o
    0x080044fc   0x0000000a   Code   RO          313    i.hal_spi_disable_rxne_interrupt  hal_spi_driver.o
    0x08004506   0x0000000a   Code   RO          314    i.hal_spi_disable_txe_interrupt  hal_spi_driver.o
    0x08004510   0x00000012   Code   RO          315    i.hal_spi_enable    hal_spi_driver.o
    0x08004522   0x0000000a   Code   RO          316    i.hal_spi_enable_rxne_interrupt  hal_spi_driver.o
    0x0800452c   0x0000000a   Code   RO          317    i.hal_spi_enable_txe_interrupt  hal_spi_driver.o
    0x08004536   0x00000042   Code   RO          318    i.hal_spi_handle_rx_interrupt  hal_spi_driver.o
    0x08004578   0x0000003c   Code   RO          319    i.hal_spi_handle_tx_interrupt  hal_spi_driver.o
    0x080045b4   0x0000004a   Code   RO          320    i.hal_spi_init      hal_spi_driver.o
    0x080045fe   0x00000044   Code   RO          321    i.hal_spi_irq_handler  hal_spi_driver.o
    0x08004642   0x00000012   Code   RO          322    i.hal_spi_is_bus_busy  hal_spi_driver.o
    0x08004654   0x00000040   Code   RO          323    i.hal_spi_master_rx  hal_spi_driver.o
    0x08004694   0x00000028   Code   RO          324    i.hal_spi_master_tx  hal_spi_driver.o
    0x080046bc   0x0000001e   Code   RO          327    i.hal_spi_tx_close_interrupt  hal_spi_driver.o
    0x080046da   0x0000000c   Code   RO          466    i.hal_uart_clear_error_flag  hal_uart_driver.o
    0x080046e6   0x00000016   Code   RO          467    i.hal_uart_configure_error_interrupt  hal_uart_driver.o
    0x080046fc   0x0000000c   Code   RO          468    i.hal_uart_configure_over_sampling  hal_uart_driver.o
    0x08004708   0x00000016   Code   RO          469    i.hal_uart_configure_parity_error_interrupt  hal_uart_driver.o
    0x0800471e   0x00000016   Code   RO          470    i.hal_uart_configure_rxne_interrupt  hal_uart_driver.o
    0x08004734   0x00000038   Code   RO          471    i.hal_uart_configure_stop_bits  hal_uart_driver.o
    0x0800476c   0x00000016   Code   RO          472    i.hal_uart_configure_txe_interrupt  hal_uart_driver.o
    0x08004782   0x00000016   Code   RO          473    i.hal_uart_configure_word_length  hal_uart_driver.o
    0x08004798   0x0000000a   Code   RO          475    i.hal_uart_enable   hal_uart_driver.o
    0x080047a2   0x0000001a   Code   RO          476    i.hal_uart_enable_disable_rx  hal_uart_driver.o
    0x080047bc   0x0000001a   Code   RO          477    i.hal_uart_enable_disable_tx  hal_uart_driver.o
    0x080047d6   0x00000002   PAD
    0x080047d8   0x00000010   Code   RO          478    i.hal_uart_error_cb  hal_uart_driver.o
    0x080047e8   0x00000074   Code   RO          479    i.hal_uart_handle_RXNE_interrupt  hal_uart_driver.o
    0x0800485c   0x00000024   Code   RO          480    i.hal_uart_handle_TC_interrupt  hal_uart_driver.o
    0x08004880   0x0000003c   Code   RO          481    i.hal_uart_handle_TXE_interrupt  hal_uart_driver.o
    0x080048bc   0x000000f4   Code   RO          482    i.hal_uart_handle_interrupt  hal_uart_driver.o
    0x080049b0   0x0000004a   Code   RO          483    i.hal_uart_init     hal_uart_driver.o
    0x080049fa   0x00000032   Code   RO          484    i.hal_uart_rx       hal_uart_driver.o
    0x08004a2c   0x0000001e   Code   RO          485    i.hal_uart_set_baud_rate  hal_uart_driver.o
    0x08004a4a   0x00000024   Code   RO          486    i.hal_uart_tx       hal_uart_driver.o
    0x08004a6e   0x00000002   PAD
    0x08004a70   0x00000094   Code   RO          865    i.handle_cmd        intergrator.o
    0x08004b04   0x00000064   Code   RO          866    i.i2c_gpio_init     intergrator.o
    0x08004b68   0x00000012   Code   RO          145    i.i2c_wait_untill_addr_set  hal_i2c_driver.o
    0x08004b7a   0x00000012   Code   RO          146    i.i2c_wait_untill_sb_set  hal_i2c_driver.o
    0x08004b8c   0x0000027c   Code   RO          867    i.imu_init          intergrator.o
    0x08004e08   0x0000014c   Code   RO          621    i.initAK8963        imu.o
    0x08004f54   0x000000ce   Code   RO          622    i.initMPU9250       imu.o
    0x08005022   0x00000012   Code   RO          147    i.is_bus_busy       hal_i2c_driver.o
    0x08005034   0x0000005c   Code   RO          804    i.led_init          led.o
    0x08005090   0x00000028   Code   RO          805    i.led_toggle        led.o
    0x080050b8   0x00000012   Code   RO          806    i.led_turn_off      led.o
    0x080050ca   0x00000012   Code   RO          807    i.led_turn_on       led.o
    0x080050dc   0x00000464   Code   RO          868    i.main              intergrator.o
    0x08005540   0x0000006c   Code   RO          869    i.parse_cmd         intergrator.o
    0x080055ac   0x00000002   Code   RO          870    i.pass_function     intergrator.o
    0x080055ae   0x0000000c   Code   RO          871    i.pin_init          intergrator.o
    0x080055ba   0x00000048   Code   RO          625    i.readAccelData     imu.o
    0x08005602   0x0000005c   Code   RO          626    i.readByte          imu.o
    0x0800565e   0x00000054   Code   RO          627    i.readBytes         imu.o
    0x080056b2   0x00000048   Code   RO          628    i.readGyroData      imu.o
    0x080056fa   0x00000064   Code   RO          629    i.readMagData       imu.o
    0x0800575e   0x00000002   PAD
    0x08005760   0x000002b8   Code   RO          631    i.sampleIMU         imu.o
    0x08005a18   0x00000078   Code   RO          872    i.spi_gpio_init     intergrator.o
    0x08005a90   0x0000006e   Code   RO         1419    i.sqrt              m_wm.l(sqrt.o)
    0x08005afe   0x00000002   PAD
    0x08005b00   0x00000058   Code   RO          873    i.uart_gpio_init    intergrator.o
    0x08005b58   0x00000048   Code   RO         1222    i.uart_printf       uartdebug.lib(uart_debug.o)
    0x08005ba0   0x00000058   Code   RO          633    i.writeByte         imu.o
    0x08005bf8   0x0000002c   Code   RO         1794    locale$$code        c_w.l(lc_numeric_c.o)
    0x08005c24   0x0000002c   Code   RO         1828    locale$$code        c_w.l(lc_ctype_c.o)
    0x08005c50   0x00000018   Code   RO         1359    x$fpl$basic         fz_wm.l(basic.o)
    0x08005c68   0x00000062   Code   RO         1361    x$fpl$d2f           fz_wm.l(d2f.o)
    0x08005cca   0x00000002   PAD
    0x08005ccc   0x00000150   Code   RO         1363    x$fpl$dadd          fz_wm.l(daddsub_clz.o)
    0x08005e1c   0x00000010   Code   RO         1745    x$fpl$dcheck1       fz_wm.l(dcheck1.o)
    0x08005e2c   0x00000018   Code   RO         1747    x$fpl$dcmpinf       fz_wm.l(dcmpi.o)
    0x08005e44   0x000002b0   Code   RO         1370    x$fpl$ddiv          fz_wm.l(ddiv.o)
    0x080060f4   0x0000002e   Code   RO         1569    x$fpl$dflt          fz_wm.l(dflt_clz.o)
    0x08006122   0x00000002   PAD
    0x08006124   0x00000078   Code   RO         1574    x$fpl$dleqf         fz_wm.l(dleqf.o)
    0x0800619c   0x00000154   Code   RO         1373    x$fpl$dmul          fz_wm.l(dmul.o)
    0x080062f0   0x0000009c   Code   RO         1576    x$fpl$dnaninf       fz_wm.l(dnaninf.o)
    0x0800638c   0x0000000c   Code   RO         1578    x$fpl$dretinf       fz_wm.l(dretinf.o)
    0x08006398   0x0000006c   Code   RO         1580    x$fpl$drleqf        fz_wm.l(drleqf.o)
    0x08006404   0x00000016   Code   RO         1364    x$fpl$drsb          fz_wm.l(daddsub_clz.o)
    0x0800641a   0x00000002   PAD
    0x0800641c   0x00000198   Code   RO         1582    x$fpl$dsqrt         fz_wm.l(dsqrt_umaal.o)
    0x080065b4   0x000001d4   Code   RO         1365    x$fpl$dsub          fz_wm.l(daddsub_clz.o)
    0x08006788   0x00000056   Code   RO         1375    x$fpl$f2d           fz_wm.l(f2d.o)
    0x080067de   0x0000008c   Code   RO         1584    x$fpl$fnaninf       fz_wm.l(fnaninf.o)
    0x0800686a   0x0000000a   Code   RO         1810    x$fpl$fpinit        fz_wm.l(fpinit.o)
    0x08006874   0x0000000a   Code   RO         1586    x$fpl$fretinf       fz_wm.l(fretinf.o)
    0x0800687e   0x00000004   Code   RO         1588    x$fpl$printf1       fz_wm.l(printf1.o)
    0x08006882   0x00000064   Code   RO         1814    x$fpl$retnan        fz_wm.l(retnan.o)
    0x080068e6   0x0000005c   Code   RO         1596    x$fpl$scalbn        fz_wm.l(scalbn.o)
    0x08006942   0x00000030   Code   RO         1856    x$fpl$trapveneer    fz_wm.l(trapv.o)
    0x08006972   0x00000000   Code   RO         1598    x$fpl$usenofp       fz_wm.l(usenofp.o)
    0x08006972   0x00000002   PAD
    0x08006974   0x00000004   Data   RO          875    .constdata          intergrator.o
    0x08006978   0x00000088   Data   RO         1406    .constdata          m_wm.l(pow.o)
    0x08006a00   0x00000008   Data   RO         1492    .constdata          c_w.l(_printf_wctomb.o)
    0x08006a08   0x00000028   Data   RO         1521    .constdata          c_w.l(_printf_hex_int_ll_ptr.o)
    0x08006a30   0x00000011   Data   RO         1541    .constdata          c_w.l(__printf_flags_ss_wp.o)
    0x08006a41   0x00000007   PAD
    0x08006a48   0x00000008   Data   RO         1637    .constdata          m_wm.l(qnan.o)
    0x08006a50   0x00000094   Data   RO         1769    .constdata          c_w.l(bigflt0.o)
    0x08006ae4   0x00000000   Data   RO         1888    Region$$Table       anon$$obj.o
    0x08006ae4   0x0000001c   Data   RO         1793    locale$$data        c_w.l(lc_numeric_c.o)
    0x08006b00   0x00000110   Data   RO         1827    locale$$data        c_w.l(lc_ctype_c.o)


    Execution Region ER_RW (Base: 0x20000000, Size: 0x00000098, Max: 0xffffffff, ABSOLUTE)

    Base Addr    Size         Type   Attr      Idx    E Section Name        Object

    0x20000000   0x00000004   Data   RW           16    .data               hal_gpio_driver.o
    0x20000004   0x00000002   Data   RW          329    .data               hal_spi_driver.o
    0x20000006   0x00000002   PAD
    0x20000008   0x0000008e   Data   RW          876    .data               intergrator.o


    Execution Region ER_ZI (Base: 0x20000098, Size: 0x00000790, Max: 0xffffffff, ABSOLUTE)

    Base Addr    Size         Type   Attr      Idx    E Section Name        Object

    0x20000098   0x000000f0   Zero   RW          874    .bss                intergrator.o
    0x20000188   0x00000040   Zero   RW         1223    .bss                uartdebug.lib(uart_debug.o)
    0x200001c8   0x00000060   Zero   RW         1639    .bss                c_w.l(libspace.o)
    0x20000228   0x00000200   Zero   RW         1175    HEAP                startup_stm32f407xx.o
    0x20000428   0x00000400   Zero   RW         1174    STACK               startup_stm32f407xx.o

